Archive member included because of file (symbol)

c:/toolchain_generic/6.2_2016q4/arm-eabi/lib/newlib-nano-2.1-nds/\libutils7.a(xmem.o)
                              build/tinynew.o (TGDSARM7Malloc)
c:/toolchain_generic/6.2_2016q4/arm-eabi/lib/newlib-nano-2.1-nds/\libtoolchaingen7.a(exceptionTGDS.o)
                              ./build/nds_arm_ld_crt0.o (exception_sysexit)
c:/toolchain_generic/6.2_2016q4/arm-eabi/lib/newlib-nano-2.1-nds/\libtoolchaingen7.a(initNDSTGDS.o)
                              ./build/nds_arm_ld_crt0.o (initHardware)
c:/toolchain_generic/6.2_2016q4/arm-eabi/lib/newlib-nano-2.1-nds/\libtoolchaingen7.a(exceptionTGDSasm.o)
                              c:/toolchain_generic/6.2_2016q4/arm-eabi/lib/newlib-nano-2.1-nds/\libtoolchaingen7.a(exceptionTGDS.o) (DebugException)
c:/toolchain_generic/6.2_2016q4/arm-eabi/lib/newlib-nano-2.1-nds/\libtoolchaingen7.a(InterruptsARMCores_s.o)
                              build/main.o (HaltUntilIRQ)
c:/toolchain_generic/6.2_2016q4/arm-eabi/lib/newlib-nano-2.1-nds/\libhardware7.a(InterruptsARMCores_c.o)
                              c:/toolchain_generic/6.2_2016q4/arm-eabi/lib/newlib-nano-2.1-nds/\libtoolchaingen7.a(initNDSTGDS.o) (IRQInit)
c:/toolchain_generic/6.2_2016q4/arm-eabi/lib/newlib-nano-2.1-nds/\libhardware7.a(biosTGDSC.o)
                              c:/toolchain_generic/6.2_2016q4/arm-eabi/lib/newlib-nano-2.1-nds/\libtoolchaingen7.a(initNDSTGDS.o) (handleARM7InitSVC)
c:/toolchain_generic/6.2_2016q4/arm-eabi/lib/newlib-nano-2.1-nds/\libhardware7.a(clockTGDS.o)
                              build/Interrupts_app7.o (nds_get_time7)
c:/toolchain_generic/6.2_2016q4/arm-eabi/lib/newlib-nano-2.1-nds/\libhardware7.a(dldi.o)
                              c:/toolchain_generic/6.2_2016q4/arm-eabi/lib/newlib-nano-2.1-nds/\libhardware7.a(InterruptsARMCores_c.o) (DLDIARM7Address)
c:/toolchain_generic/6.2_2016q4/arm-eabi/lib/newlib-nano-2.1-nds/\libhardware7.a(ipcfifoTGDS.o)
                              c:/toolchain_generic/6.2_2016q4/arm-eabi/lib/newlib-nano-2.1-nds/\libtoolchaingen7.a(exceptionTGDS.o) (SendFIFOWordsITCM)
c:/toolchain_generic/6.2_2016q4/arm-eabi/lib/newlib-nano-2.1-nds/\libhardware7.a(powerTGDS.o)
                              c:/toolchain_generic/6.2_2016q4/arm-eabi/lib/newlib-nano-2.1-nds/\libhardware7.a(ipcfifoTGDS.o) (powerON)
c:/toolchain_generic/6.2_2016q4/arm-eabi/lib/newlib-nano-2.1-nds/\libhardware7.a(sd.twl.o)
                              c:/toolchain_generic/6.2_2016q4/arm-eabi/lib/newlib-nano-2.1-nds/\libhardware7.a(ipcfifoTGDS.o) (sdio_Startup)
c:/toolchain_generic/6.2_2016q4/arm-eabi/lib/newlib-nano-2.1-nds/\libhardware7.a(spifwTGDS.o)
                              c:/toolchain_generic/6.2_2016q4/arm-eabi/lib/newlib-nano-2.1-nds/\libhardware7.a(ipcfifoTGDS.o) (PowerManagementDeviceRead)
c:/toolchain_generic/6.2_2016q4/arm-eabi/lib/newlib-nano-2.1-nds/\libhardware7.a(spitscTGDS.o)
                              c:/toolchain_generic/6.2_2016q4/arm-eabi/lib/newlib-nano-2.1-nds/\libhardware7.a(InterruptsARMCores_c.o) (touchReadXY)
c:/toolchain_generic/6.2_2016q4/arm-eabi/lib/newlib-nano-2.1-nds/\libhardware7.a(usrsettingsTGDS.o)
                              c:/toolchain_generic/6.2_2016q4/arm-eabi/lib/newlib-nano-2.1-nds/\libtoolchaingen7.a(initNDSTGDS.o) (LoadFirmwareSettingsFromFlash)
c:/toolchain_generic/6.2_2016q4/arm-eabi/lib/newlib-nano-2.1-nds/\libhardware7.a(utils.twl.o)
                              c:/toolchain_generic/6.2_2016q4/arm-eabi/lib/newlib-nano-2.1-nds/\libhardware7.a(spitscTGDS.o) (cdcIsAvailable)
c:/toolchain_generic/6.2_2016q4/arm-eabi/lib/newlib-nano-2.1-nds/\libhardware7.a(utilsTGDS.o)
                              c:/toolchain_generic/6.2_2016q4/arm-eabi/lib/newlib-nano-2.1-nds/\libhardware7.a(ipcfifoTGDS.o) (reportTGDSPayloadMode7)
c:/toolchain_generic/6.2_2016q4/arm-eabi/lib/newlib-nano-2.1-nds/\libhardware7.a(biosTGDSAsm.o)
                              c:/toolchain_generic/6.2_2016q4/arm-eabi/lib/newlib-nano-2.1-nds/\libtoolchaingen7.a(initNDSTGDS.o) (swiDelay)
c:/toolchain_generic/6.2_2016q4/arm-eabi/lib/newlib-nano-2.1-nds/\libhardware7.a(debugNocash.o)
                              c:/toolchain_generic/6.2_2016q4/arm-eabi/lib/newlib-nano-2.1-nds/\libhardware7.a(InterruptsARMCores_c.o) (nocashMessage)
c:/toolchain_generic/6.2_2016q4/arm-eabi/lib/newlib-nano-2.1-nds/\libhardware7.a(dmaTGDS.o)
                              c:/toolchain_generic/6.2_2016q4/arm-eabi/lib/newlib-nano-2.1-nds/\libhardware7.a(ipcfifoTGDS.o) (dmaFillWord)
c:/toolchain_generic/6.2_2016q4/arm-eabi/lib/newlib-nano-2.1-nds/\libhardware7.a(spiTGDS.o)
                              c:/toolchain_generic/6.2_2016q4/arm-eabi/lib/newlib-nano-2.1-nds/\libhardware7.a(spifwTGDS.o) (RWSPICNT)
c:/toolchain_generic/6.2_2016q4/arm-eabi/lib/\libstdc++.a(atexit_arm.o)
                              build/main.o (__aeabi_atexit)
c:/toolchain_generic/6.2_2016q4/arm-eabi/lib/newlib-nano-2.1-nds/\libcnano7.a(__aeabi_idiv.o)
[...]
Memory Configuration

Name             Origin             Length             Attributes
*default*        0x00000000         0xffffffff

Linker script and memory map

                0x03800000                _iwram_start = 0x3800000
                0x03810000                _iwram_end = (_iwram_start + 0x10000)
                0x0380fe00                sp_SVC = (_iwram_end - 0x200)
                0x0380fc00                sp_IRQ = (sp_SVC - 0x200)
                0x0380fa00                sp_FIQ = (sp_IRQ - 0x200)
                0x0380f800                sp_ABT = (sp_FIQ - 0x200)
                0x0380f600                sp_UND = (sp_ABT - 0x200)
                0x0380f400                sp_USR = (sp_UND - 0x200)
                0x0380f400                sp_SYS = sp_USR
                0x0380fff8                _arm7_irqcheckbits = 0x380fff8
                0x03ffffc0                __irq_flagsaux = 0x3ffffc0
                0x0380fffc                _arm7_irqhandler = 0x380fffc
                0x03800000                . = _iwram_start

.init           0x03800000      0x1e0
 *(.init.boot)
 *(.init)
 .init          0x03800000      0x1c8 ./build/nds_arm_ld_crt0.o
                0x03800000                _start
                0x0380009c                argvIntraTGDSMB
 .init          0x038001c8        0xc c:/toolchain_generic/6.2_2016q4/bin/../lib/gcc/arm-eabi/4.9.2/crti.o
                0x038001c8                _init
 .init          0x038001d4        0xc c:/toolchain_generic/6.2_2016q4/bin/../lib/gcc/arm-eabi/4.9.2/crtn.o
                0x038001e0                . = ALIGN (0x4)
                0x038001e0                . = ALIGN (0x4)

.text           0x038001e0      0xc4c
 *(.text.boot)
 *(.text)
 .text          0x038001e0        0x0 ./build/nds_arm_ld_crt0.o
 .text          0x038001e0        0x0 c:/toolchain_generic/6.2_2016q4/bin/../lib/gcc/arm-eabi/4.9.2/crti.o
 .text          0x038001e0      0x108 c:/toolchain_generic/6.2_2016q4/bin/../lib/gcc/arm-eabi/4.9.2/crtbegin.o
 .text          0x038002e8        0x0 build/Interrupts_app7.o
 .text          0x038002e8        0x0 build/diskio_impl.o
 .text          0x038002e8        0x0 build/pff.o
 .text          0x038002e8        0x0 build/dswnifi.o
 .text          0x038002e8        0x0 build/fileBrowse.o
 .text          0x038002e8        0x0 build/loader.o
 .text          0x038002e8      0x3ac build/ima_adpcm_decode.o
                0x038002e8                decode_mono_ima_adpcm
                0x0380037c                decode_stereo_ima_adpcm
 .text          0x03800694        0x0 build/ima_adpcm.o
 .text          0x03800694        0x0 build/main.o
 .text          0x03800694        0x0 build/tinynew.o
 .text          0x03800694        0x0 build/ipcfifoTGDSUser.o
 .text          0x03800694        0x0 c:/toolchain_generic/6.2_2016q4/arm-eabi/lib/newlib-nano-2.1-nds/\libutils7.a(xmem.o)
 .text          0x03800694        0x0 c:/toolchain_generic/6.2_2016q4/arm-eabi/lib/newlib-nano-2.1-nds/\libtoolchaingen7.a(exceptionTGDS.o)
 .text          0x03800694        0x0 c:/toolchain_generic/6.2_2016q4/arm-eabi/lib/newlib-nano-2.1-nds/\libtoolchaingen7.a(initNDSTGDS.o)
 .text          0x03800694      0x124 c:/toolchain_generic/6.2_2016q4/arm-eabi/lib/newlib-nano-2.1-nds/\libtoolchaingen7.a(exceptionTGDSasm.o)
                0x03800694                DebugException
                0x03800714                CustomDebugException
                0x03800798                LeaveExceptionMode
 *fill*         0x038007b8        0x8 
 .text          0x038007c0       0x20 c:/toolchain_generic/6.2_2016q4/arm-eabi/lib/newlib-nano-2.1-nds/\libtoolchaingen7.a(InterruptsARMCores_s.o)
                0x038007c0                HaltUntilIRQ
                0x038007c8                IRQWait
                0x038007d0                IRQVBlankWait
 .text          0x038007e0        0x0 c:/toolchain_generic/6.2_2016q4/arm-eabi/lib/newlib-nano-2.1-nds/\libhardware7.a(InterruptsARMCores_c.o)
 .text          0x038007e0        0x0 c:/toolchain_generic/6.2_2016q4/arm-eabi/lib/newlib-nano-2.1-nds/\libhardware7.a(biosTGDSC.o)
 .text          0x038007e0        0x0 c:/toolchain_generic/6.2_2016q4/arm-eabi/lib/newlib-nano-2.1-nds/\libhardware7.a(clockTGDS.o)
 .text          0x038007e0        0x0 c:/toolchain_generic/6.2_2016q4/arm-eabi/lib/newlib-nano-2.1-nds/\libhardware7.a(dldi.o)
 .text          0x038007e0        0x0 c:/toolchain_generic/6.2_2016q4/arm-eabi/lib/newlib-nano-2.1-nds/\libhardware7.a(ipcfifoTGDS.o)
 .text          0x038007e0        0x0 c:/toolchain_generic/6.2_2016q4/arm-eabi/lib/newlib-nano-2.1-nds/\libhardware7.a(powerTGDS.o)
 .text          0x038007e0        0x0 c:/toolchain_generic/6.2_2016q4/arm-eabi/lib/newlib-nano-2.1-nds/\libhardware7.a(sd.twl.o)
 .text          0x038007e0        0x0 c:/toolchain_generic/6.2_2016q4/arm-eabi/lib/newlib-nano-2.1-nds/\libhardware7.a(spifwTGDS.o)
 .text          0x038007e0        0x0 c:/toolchain_generic/6.2_2016q4/arm-eabi/lib/newlib-nano-2.1-nds/\libhardware7.a(spitscTGDS.o)
 .text          0x038007e0        0x0 c:/toolchain_generic/6.2_2016q4/arm-eabi/lib/newlib-nano-2.1-nds/\libhardware7.a(usrsettingsTGDS.o)
 .text          0x038007e0        0x0 c:/toolchain_generic/6.2_2016q4/arm-eabi/lib/newlib-nano-2.1-nds/\libhardware7.a(utils.twl.o)
 .text          0x038007e0        0x0 c:/toolchain_generic/6.2_2016q4/arm-eabi/lib/newlib-nano-2.1-nds/\libhardware7.a(utilsTGDS.o)
 .text          0x038007e0       0xd0 c:/toolchain_generic/6.2_2016q4/arm-eabi/lib/newlib-nano-2.1-nds/\libhardware7.a(biosTGDSAsm.o)
                0x038007e0                swiDelay
                0x038007e8                swiCRC16
                0x038007f0                swiSleep
                0x038007f8                swiIsDebugger
                0x03800800                swiDivide
                0x03800808                swiRemainder
                0x03800814                swiDivMod
                0x0380082c                swiSqrt
                0x03800834                swiHalt
                0x0380083c                swiGetSineTable
                0x03800844                swiGetPitchTable
                0x0380084c                swiGetVolumeTable
                0x03800854                swiSetHaltCR
                0x03800860                swiChangeSoundBias
                0x03800868                swiSoftReset
                0x03800874                swiSoftResetByAddress
                0x03800890                swiDecompressLZSSWram
                0x03800898                swiDecompressLZSSVramByCallback
 .text          0x038008b0       0xa4 c:/toolchain_generic/6.2_2016q4/arm-eabi/lib/newlib-nano-2.1-nds/\libhardware7.a(debugNocash.o)
                0x038008b0                nocashWrite
                0x038008b2                nocashMessage
 .text          0x03800954        0x0 c:/toolchain_generic/6.2_2016q4/arm-eabi/lib/newlib-nano-2.1-nds/\libhardware7.a(dmaTGDS.o)
 .text          0x03800954        0x0 c:/toolchain_generic/6.2_2016q4/arm-eabi/lib/newlib-nano-2.1-nds/\libhardware7.a(spiTGDS.o)
 .text          0x03800954        0x0 c:/toolchain_generic/6.2_2016q4/arm-eabi/lib/\libstdc++.a(atexit_arm.o)
 .text          0x03800954        0x0 c:/toolchain_generic/6.2_2016q4/arm-eabi/lib/newlib-nano-2.1-nds/\libcnano7.a(__aeabi_idiv.o)
 .text          0x03800954        0x0 c:/toolchain_generic/6.2_2016q4/arm-eabi/lib/newlib-nano-2.1-nds/\libcnano7.a(__aeabi_uidiv.o)
 .text          0x03800954        0x0 c:/toolchain_generic/6.2_2016q4/arm-eabi/lib/newlib-nano-2.1-nds/\libcnano7.a(__udivmodsi4.o)
 .text          0x03800954        0x0 c:/toolchain_generic/6.2_2016q4/arm-eabi/lib/newlib-nano-2.1-nds/\libcnano7.a(cxa_atexit.o)
 .text          0x03800954        0x0 c:/toolchain_generic/6.2_2016q4/arm-eabi/lib/newlib-nano-2.1-nds/\libcnano7.a(memcmp.o)
 .text          0x03800954        0x0 c:/toolchain_generic/6.2_2016q4/arm-eabi/lib/newlib-nano-2.1-nds/\libcnano7.a(memset.o)
 .text          0x03800954        0x0 c:/toolchain_generic/6.2_2016q4/arm-eabi/lib/newlib-nano-2.1-nds/\libcnano7.a(strcpy.o)
 *fill*         0x03800954        0xc 
 .text          0x03800960       0x20 c:/toolchain_generic/6.2_2016q4/arm-eabi/lib/newlib-nano-2.1-nds/\libcnano7.a(__aeabi_idivmod.o)
                0x03800960                __aeabi_idivmod
 .text          0x03800980       0x20 c:/toolchain_generic/6.2_2016q4/arm-eabi/lib/newlib-nano-2.1-nds/\libcnano7.a(__aeabi_uidivmod.o)
                0x03800980                __aeabi_uidivmod
 .text          0x038009a0      0x48c c:/toolchain_generic/6.2_2016q4/arm-eabi/lib/newlib-nano-2.1-nds/\libcnano7.a(arm-asm-memcpy.o)
                0x038009a0                memcpy
 .text          0x03800e2c        0x0 c:/toolchain_generic/6.2_2016q4/arm-eabi/lib/newlib-nano-2.1-nds/\libcnano7.a(__atexit.o)
 .text          0x03800e2c        0x0 c:/toolchain_generic/6.2_2016q4/arm-eabi/lib/newlib-nano-2.1-nds/\libcnano7.a(impure.o)
 .text          0x03800e2c        0x0 c:/toolchain_generic/6.2_2016q4/bin/../lib/gcc/arm-eabi/4.9.2/crtend.o
 .text          0x03800e2c        0x0 c:/toolchain_generic/6.2_2016q4/bin/../lib/gcc/arm-eabi/4.9.2/crtn.o
                0x03800e2c                . = ALIGN (0x4)

.glue_7         0x03800e2c        0x0
 .glue_7        0x00000000        0x0 linker stubs

.glue_7t        0x03800e2c        0x0
 .glue_7t       0x00000000        0x0 linker stubs

.vfp11_veneer   0x03800e2c        0x0
 .vfp11_veneer  0x00000000        0x0 linker stubs

.v4_bx          0x03800e2c        0x0
 .v4_bx         0x00000000        0x0 linker stubs

.iplt           0x03800e2c        0x0
 .iplt          0x00000000        0x0 ./build/nds_arm_ld_crt0.o

.text.IpcSynchandlerUser
                0x03800e2c        0x4
 .text.IpcSynchandlerUser
                0x03800e2c        0x4 build/Interrupts_app7.o
                0x03800e2c                IpcSynchandlerUser

.text.Timer0handlerUser
                0x03800e30        0x4
 .text.Timer0handlerUser
                0x03800e30        0x4 build/Interrupts_app7.o
                0x03800e30                Timer0handlerUser

.text.Timer1handlerUser
                0x03800e34        0x4
 .text.Timer1handlerUser
                0x03800e34        0x4 build/Interrupts_app7.o
                0x03800e34                Timer1handlerUser

.text.Timer2handlerUser
                0x03800e38       0x10
 .text.Timer2handlerUser
                0x03800e38       0x10 build/Interrupts_app7.o
                0x03800e38                Timer2handlerUser

.text.Timer3handlerUser
                0x03800e48        0x4
 .text.Timer3handlerUser
                0x03800e48        0x4 build/Interrupts_app7.o
                0x03800e48                Timer3handlerUser

.text.HblankUser
                0x03800e4c        0x4
 .text.HblankUser
                0x03800e4c        0x4 build/Interrupts_app7.o
                0x03800e4c                HblankUser

.text.VblankUser
                0x03800e50        0x4
 .text.VblankUser
                0x03800e50        0x4 build/Interrupts_app7.o
                0x03800e50                VblankUser

.text.VcounterUser
                0x03800e54       0x1c
 .text.VcounterUser
                0x03800e54       0x1c build/Interrupts_app7.o
                0x03800e54                VcounterUser

.text.screenLidHasOpenedhandlerUser
                0x03800e70       0x10
 .text.screenLidHasOpenedhandlerUser
                0x03800e70       0x10 build/Interrupts_app7.o
                0x03800e70                screenLidHasOpenedhandlerUser

.text.screenLidHasClosedhandlerUser
                0x03800e80       0x10
 .text.screenLidHasClosedhandlerUser
                0x03800e80       0x10 build/Interrupts_app7.o
                0x03800e80                screenLidHasClosedhandlerUser

.text.disk_initialize
                0x03800e90        0x8
 .text.disk_initialize
                0x03800e90        0x8 build/diskio_impl.o
                0x03800e90                disk_initialize

.text.disk_readp
                0x03800e98       0x50
 .text.disk_readp
                0x03800e98       0x50 build/diskio_impl.o
                0x03800e98                disk_readp

.text.get_fat.part.1
                0x03800ee8      0x160
 .text.get_fat.part.1
                0x03800ee8      0x160 build/pff.o

.text.follow_path
                0x03801048      0x410
 .text.follow_path
                0x03801048      0x410 build/pff.o
                0x03801048                follow_path

.text.pf_mount  0x03801458      0x360
 .text.pf_mount
                0x03801458      0x360 build/pff.o
                0x03801458                pf_mount

.text.pf_open   0x038017b8       0xd0
 .text.pf_open  0x038017b8       0xd0 build/pff.o
                0x038017b8                pf_open

.text.pf_read   0x03801888      0x174
 .text.pf_read  0x03801888      0x174 build/pff.o
                0x03801888                pf_read

.text.pf_size   0x038019fc        0x8
 .text.pf_size  0x038019fc        0x8 build/pff.o
                0x038019fc                pf_size

.text.pf_tell   0x03801a04        0x8
 .text.pf_tell  0x03801a04        0x8 build/pff.o
                0x03801a04                pf_tell

.text.pf_lseek  0x03801a0c      0x2a4
 .text.pf_lseek
                0x03801a0c      0x2a4 build/pff.o
                0x03801a0c                pf_lseek

.text.reloadNDSBootstub
                0x03801cb0       0xf4
 .text.reloadNDSBootstub
                0x03801cb0       0xf4 build/loader.o
                0x03801cb0                reloadNDSBootstub

.text._ZL13checkClippingi
                0x03801da4       0x30
 .text._ZL13checkClippingi
                0x03801da4       0x30 build/ima_adpcm.o

.text._ZN16IMA_Adpcm_Stream10stream_pcmEPsi
                0x03801dd4      0x3d4
 .text._ZN16IMA_Adpcm_Stream10stream_pcmEPsi
                0x03801dd4      0x3d4 build/ima_adpcm.o
                0x03801dd4                _ZN16IMA_Adpcm_Stream10stream_pcmEPsi

.text._ZN16IMA_Adpcm_Stream5closeEv
                0x038021a8       0x34
 .text._ZN16IMA_Adpcm_Stream5closeEv
                0x038021a8       0x34 build/ima_adpcm.o
                0x038021a8                _ZN16IMA_Adpcm_Stream5closeEv

.text._ZN16IMA_Adpcm_Stream13capture_frameEv
                0x038021dc       0xb4
 .text._ZN16IMA_Adpcm_Stream13capture_frameEv
                0x038021dc       0xb4 build/ima_adpcm.o
                0x038021dc                _ZN16IMA_Adpcm_Stream13capture_frameEv

.text._ZN16IMA_Adpcm_Stream5fget8Ev
                0x03802290       0x44
 .text._ZN16IMA_Adpcm_Stream5fget8Ev
                0x03802290       0x44 build/ima_adpcm.o
                0x03802290                _ZN16IMA_Adpcm_Stream5fget8Ev

.text._ZN16IMA_Adpcm_Stream6fget16Ev
                0x038022d4       0x40
 .text._ZN16IMA_Adpcm_Stream6fget16Ev
                0x038022d4       0x40 build/ima_adpcm.o
                0x038022d4                _ZN16IMA_Adpcm_Stream6fget16Ev

.text._ZN16IMA_Adpcm_Stream6fget32Ev
                0x03802314       0x40
 .text._ZN16IMA_Adpcm_Stream6fget32Ev
                0x03802314       0x40 build/ima_adpcm.o
                0x03802314                _ZN16IMA_Adpcm_Stream6fget32Ev

.text._ZN16IMA_Adpcm_Stream5resetEb
                0x03802354      0x674
 .text._ZN16IMA_Adpcm_Stream5resetEb
                0x03802354      0x674 build/ima_adpcm.o
                0x03802354                _ZN16IMA_Adpcm_Stream5resetEb

.text._ZN16IMA_Adpcm_Stream4get8Ev
                0x038029c8       0x40
 .text._ZN16IMA_Adpcm_Stream4get8Ev
                0x038029c8       0x40 build/ima_adpcm.o
                0x038029c8                _ZN16IMA_Adpcm_Stream4get8Ev

.text._ZN16IMA_Adpcm_Stream5get16Ev
                0x03802a08       0x40
 .text._ZN16IMA_Adpcm_Stream5get16Ev
                0x03802a08       0x40 build/ima_adpcm.o
                0x03802a08                _ZN16IMA_Adpcm_Stream5get16Ev

.text._ZN16IMA_Adpcm_Stream8getblockEv
                0x03802a48       0xb8
 .text._ZN16IMA_Adpcm_Stream8getblockEv
                0x03802a48       0xb8 build/ima_adpcm.o
                0x03802a48                _ZN16IMA_Adpcm_Stream8getblockEv

.text._ZN16IMA_Adpcm_Stream13restore_frameEv
                0x03802b00       0xe4
 .text._ZN16IMA_Adpcm_Stream13restore_frameEv
                0x03802b00       0xe4 build/ima_adpcm.o
                0x03802b00                _ZN16IMA_Adpcm_Stream13restore_frameEv

.text._ZN16IMA_Adpcm_Stream10decode_imaEPsi
                0x03802be4      0x6a0
 .text._ZN16IMA_Adpcm_Stream10decode_imaEPsi
                0x03802be4      0x6a0 build/ima_adpcm.o
                0x03802be4                _ZN16IMA_Adpcm_Stream10decode_imaEPsi

.text._ZN16IMA_Adpcm_Stream6streamEPsi
                0x03803284       0x68
 .text._ZN16IMA_Adpcm_Stream6streamEPsi
                0x03803284       0x68 build/ima_adpcm.o
                0x03803284                _ZN16IMA_Adpcm_Stream6streamEPsi

.text._ZN16IMA_Adpcm_Stream12get_channelsEv
                0x038032ec       0x2c
 .text._ZN16IMA_Adpcm_Stream12get_channelsEv
                0x038032ec       0x2c build/ima_adpcm.o
                0x038032ec                _ZN16IMA_Adpcm_Stream12get_channelsEv

.text._ZN16IMA_Adpcm_Stream17get_sampling_rateEv
                0x03803318       0x2c
 .text._ZN16IMA_Adpcm_Stream17get_sampling_rateEv
                0x03803318       0x2c build/ima_adpcm.o
                0x03803318                _ZN16IMA_Adpcm_Stream17get_sampling_rateEv

.text._ZN16IMA_Adpcm_Player9setvolumeEi
                0x03803344       0x38
 .text._ZN16IMA_Adpcm_Player9setvolumeEi
                0x03803344       0x38 build/ima_adpcm.o
                0x03803344                _ZN16IMA_Adpcm_Player9setvolumeEi

.text._ZN16IMA_Adpcm_Player4stopEv
                0x0380337c       0x4c
 .text._ZN16IMA_Adpcm_Player4stopEv
                0x0380337c       0x4c build/ima_adpcm.o
                0x0380337c                _ZN16IMA_Adpcm_Player4stopEv

.text._ZN16IMA_Adpcm_Player16i_stream_requestEiPvi
                0x038033c8       0xe0
 .text._ZN16IMA_Adpcm_Player16i_stream_requestEiPvi
                0x038033c8       0xe0 build/ima_adpcm.o
                0x038033c8                _ZN16IMA_Adpcm_Player16i_stream_requestEiPvi

.text.IMAADPCMDecode
                0x038034a8      0x1d0
 .text.IMAADPCMDecode
                0x038034a8      0x1d0 build/ima_adpcm.o
                0x038034a8                IMAADPCMDecode

.text.setupSoundTGDSVideoPlayerARM7
                0x03803678      0x1cc
 .text.setupSoundTGDSVideoPlayerARM7
                0x03803678      0x1cc build/ima_adpcm.o
                0x03803678                setupSoundTGDSVideoPlayerARM7

.text._ZN16IMA_Adpcm_Player4playEbbiPFbvEP5FATFSi
                0x03803844      0x1a8
 .text._ZN16IMA_Adpcm_Player4playEbbiPFbvEP5FATFSi
                0x03803844      0x1a8 build/ima_adpcm.o
                0x03803844                _ZN16IMA_Adpcm_Player4playEbbiPFbvEP5FATFSi

.text.timerAudioCallback
                0x038039ec      0x500
 .text.timerAudioCallback
                0x038039ec      0x500 build/ima_adpcm.o
                0x038039ec                timerAudioCallback

.text.stopSoundStreamUser
                0x03803eec        0x4
 .text.stopSoundStreamUser
                0x03803eec        0x4 build/main.o
                0x03803eec                stopSoundStreamUser

.text.playSoundStreamARM7
                0x03803ef0      0x1e0
 .text.playSoundStreamARM7
                0x03803ef0      0x1e0 build/main.o
                0x03803ef0                playSoundStreamARM7

.text.main      0x038040d0       0x38
 .text.main     0x038040d0       0x38 build/main.o
                0x038040d0                main

.text.playerStopARM7
                0x03804108      0x178
 .text.playerStopARM7
                0x03804108      0x178 build/main.o
                0x03804108                playerStopARM7

.text.getsIPCSharedTGDSSpecific
                0x03804280        0xc
 .text.getsIPCSharedTGDSSpecific
                0x03804280        0xc build/ipcfifoTGDSUser.o
                0x03804280                getsIPCSharedTGDSSpecific

.text.HandleFifoNotEmptyWeakRef
                0x0380428c       0x3c
 .text.HandleFifoNotEmptyWeakRef
                0x0380428c       0x3c build/ipcfifoTGDSUser.o
                0x0380428c                HandleFifoNotEmptyWeakRef

.text.HandleFifoEmptyWeakRef
                0x038042c8        0x4
 .text.HandleFifoEmptyWeakRef
                0x038042c8        0x4 build/ipcfifoTGDSUser.o
                0x038042c8                HandleFifoEmptyWeakRef

.text.setupLibUtils
                0x038042cc       0x44
 .text.setupLibUtils
                0x038042cc       0x44 build/ipcfifoTGDSUser.o
                0x038042cc                setupLibUtils

.text.XmemSetup
                0x03804310       0x1c
 .text.XmemSetup
                0x03804310       0x1c c:/toolchain_generic/6.2_2016q4/arm-eabi/lib/newlib-nano-2.1-nds/\libutils7.a(xmem.o)
                0x03804310                XmemSetup

.text.XmemInit  0x0380432c      0x120
 .text.XmemInit
                0x0380432c      0x120 c:/toolchain_generic/6.2_2016q4/arm-eabi/lib/newlib-nano-2.1-nds/\libutils7.a(xmem.o)
                0x0380432c                XmemInit

.text.setTGDSARM7MallocBaseAddress
                0x0380444c       0x2c
 .text.setTGDSARM7MallocBaseAddress
                0x0380444c       0x2c c:/toolchain_generic/6.2_2016q4/arm-eabi/lib/newlib-nano-2.1-nds/\libutils7.a(xmem.o)
                0x0380444c                setTGDSARM7MallocBaseAddress

.text.initARM7Malloc
                0x03804478       0x98
 .text.initARM7Malloc
                0x03804478       0x98 c:/toolchain_generic/6.2_2016q4/arm-eabi/lib/newlib-nano-2.1-nds/\libutils7.a(xmem.o)
                0x03804478                initARM7Malloc

.text.setupDefaultExceptionHandler
                0x03804510       0x18
 .text.setupDefaultExceptionHandler
                0x03804510       0x18 c:/toolchain_generic/6.2_2016q4/arm-eabi/lib/newlib-nano-2.1-nds/\libtoolchaingen7.a(exceptionTGDS.o)
                0x03804510                setupDefaultExceptionHandler

.text.exception_sysexit
                0x03804528       0x28
 .text.exception_sysexit
                0x03804528       0x28 c:/toolchain_generic/6.2_2016q4/arm-eabi/lib/newlib-nano-2.1-nds/\libtoolchaingen7.a(exceptionTGDS.o)
                0x03804528                exception_sysexit

.text.generalARMExceptionHandler
                0x03804550       0x20
 .text.generalARMExceptionHandler
                0x03804550       0x20 c:/toolchain_generic/6.2_2016q4/arm-eabi/lib/newlib-nano-2.1-nds/\libtoolchaingen7.a(exceptionTGDS.o)
                0x03804550                generalARMExceptionHandler

.text.resetMemory_ARMCores
                0x03804570       0xf8
 .text.resetMemory_ARMCores
                0x03804570       0xf8 c:/toolchain_generic/6.2_2016q4/arm-eabi/lib/newlib-nano-2.1-nds/\libtoolchaingen7.a(initNDSTGDS.o)
                0x03804570                resetMemory_ARMCores

.text.initHardware
                0x03804668       0x84
 .text.initHardware
                0x03804668       0x84 c:/toolchain_generic/6.2_2016q4/arm-eabi/lib/newlib-nano-2.1-nds/\libtoolchaingen7.a(initNDSTGDS.o)
                0x03804668                initHardware

.text.receiveByteIPC
                0x038046ec       0x14
 .text.receiveByteIPC
                0x038046ec       0x14 c:/toolchain_generic/6.2_2016q4/arm-eabi/lib/newlib-nano-2.1-nds/\libhardware7.a(InterruptsARMCores_c.o)

.text.NDS_IRQHandler
                0x03804700      0x77c
 .text.NDS_IRQHandler
                0x03804700      0x77c c:/toolchain_generic/6.2_2016q4/arm-eabi/lib/newlib-nano-2.1-nds/\libhardware7.a(InterruptsARMCores_c.o)
                0x03804700                NDS_IRQHandler

.text.IRQInit   0x03804e80      0x110
 .text.IRQInit  0x03804e80      0x100 c:/toolchain_generic/6.2_2016q4/arm-eabi/lib/newlib-nano-2.1-nds/\libhardware7.a(InterruptsARMCores_c.o)
                0x03804e80                IRQInit
 .text.IRQInit.__stub
                0x03804f80        0xc linker stubs

.text.handleARM7InitSVC
                0x03804f90       0x40
 .text.handleARM7InitSVC
                0x03804f90       0x40 c:/toolchain_generic/6.2_2016q4/arm-eabi/lib/newlib-nano-2.1-nds/\libhardware7.a(biosTGDSC.o)
                0x03804f90                handleARM7InitSVC

.text.handleARM7SVC
                0x03804fd0       0x4c
 .text.handleARM7SVC
                0x03804fd0       0x4c c:/toolchain_generic/6.2_2016q4/arm-eabi/lib/newlib-nano-2.1-nds/\libhardware7.a(biosTGDSC.o)
                0x03804fd0                handleARM7SVC

.text.rtcTransaction
                0x0380501c      0x144
 .text.rtcTransaction
                0x0380501c      0x144 c:/toolchain_generic/6.2_2016q4/arm-eabi/lib/newlib-nano-2.1-nds/\libhardware7.a(clockTGDS.o)
                0x0380501c                rtcTransaction

.text.get_nds_seconds
                0x03805160      0x1e0
 .text.get_nds_seconds
                0x03805160      0x1e0 c:/toolchain_generic/6.2_2016q4/arm-eabi/lib/newlib-nano-2.1-nds/\libhardware7.a(clockTGDS.o)
                0x03805160                get_nds_seconds

.text.nds_get_time7
                0x03805340       0x5c
 .text.nds_get_time7
                0x03805340       0x5c c:/toolchain_generic/6.2_2016q4/arm-eabi/lib/newlib-nano-2.1-nds/\libhardware7.a(clockTGDS.o)
                0x03805340                nds_get_time7

.text.dldiGet   0x0380539c       0x30
 .text.dldiGet  0x0380539c       0x30 c:/toolchain_generic/6.2_2016q4/arm-eabi/lib/newlib-nano-2.1-nds/\libhardware7.a(dldi.o)
                0x0380539c                dldiGet

.text.dldi_handler_init
                0x038053cc       0x78
 .text.dldi_handler_init
                0x038053cc       0x78 c:/toolchain_generic/6.2_2016q4/arm-eabi/lib/newlib-nano-2.1-nds/\libhardware7.a(dldi.o)
                0x038053cc                dldi_handler_init

.text.dldi_handler_read_sectors
                0x03805444       0x74
 .text.dldi_handler_read_sectors
                0x03805444       0x74 c:/toolchain_generic/6.2_2016q4/arm-eabi/lib/newlib-nano-2.1-nds/\libhardware7.a(dldi.o)
                0x03805444                dldi_handler_read_sectors

.text.checkClipping
                0x038054b8       0x30
 .text.checkClipping
                0x038054b8       0x30 c:/toolchain_generic/6.2_2016q4/arm-eabi/lib/newlib-nano-2.1-nds/\libhardware7.a(ipcfifoTGDS.o)

.text.reloadARMCore
                0x038054e8       0x40
 .text.reloadARMCore
                0x038054e8       0x40 c:/toolchain_generic/6.2_2016q4/arm-eabi/lib/newlib-nano-2.1-nds/\libhardware7.a(ipcfifoTGDS.o)

.text.getsIPCSharedTGDS
                0x03805528        0xc
 .text.getsIPCSharedTGDS
                0x03805528        0xc c:/toolchain_generic/6.2_2016q4/arm-eabi/lib/newlib-nano-2.1-nds/\libhardware7.a(ipcfifoTGDS.o)
                0x03805528                getsIPCSharedTGDS

.text.SendFIFOWordsITCM
                0x03805534       0x3c
 .text.SendFIFOWordsITCM
                0x03805534       0x3c c:/toolchain_generic/6.2_2016q4/arm-eabi/lib/newlib-nano-2.1-nds/\libhardware7.a(ipcfifoTGDS.o)
                0x03805534                SendFIFOWordsITCM

.text.HandleFifoEmpty
                0x03805570       0x20
 .text.HandleFifoEmpty
                0x03805570       0x20 c:/toolchain_generic/6.2_2016q4/arm-eabi/lib/newlib-nano-2.1-nds/\libhardware7.a(ipcfifoTGDS.o)
                0x03805570                HandleFifoEmpty

.text.HandleFifoNotEmpty
                0x03805590      0xb60
 .text.HandleFifoNotEmpty
                0x03805590      0xb60 c:/toolchain_generic/6.2_2016q4/arm-eabi/lib/newlib-nano-2.1-nds/\libhardware7.a(ipcfifoTGDS.o)
                0x03805590                HandleFifoNotEmpty

.text.powerON   0x038060f0       0x20
 .text.powerON  0x038060f0       0x20 c:/toolchain_generic/6.2_2016q4/arm-eabi/lib/newlib-nano-2.1-nds/\libhardware7.a(powerTGDS.o)
                0x038060f0                powerON

.text.powerOFF  0x03806110       0x18
 .text.powerOFF
                0x03806110       0x18 c:/toolchain_generic/6.2_2016q4/arm-eabi/lib/newlib-nano-2.1-nds/\libhardware7.a(powerTGDS.o)
                0x03806110                powerOFF

.text.SoundPowerON
                0x03806128       0x50
 .text.SoundPowerON
                0x03806128       0x50 c:/toolchain_generic/6.2_2016q4/arm-eabi/lib/newlib-nano-2.1-nds/\libhardware7.a(powerTGDS.o)
                0x03806128                SoundPowerON

.text.sdio_Startup
                0x03806178       0x1c
 .text.sdio_Startup
                0x03806178       0x1c c:/toolchain_generic/6.2_2016q4/arm-eabi/lib/newlib-nano-2.1-nds/\libhardware7.a(sd.twl.o)
                0x03806178                sdio_Startup

.text.sdio_IsInserted
                0x03806194       0x1c
 .text.sdio_IsInserted
                0x03806194       0x1c c:/toolchain_generic/6.2_2016q4/arm-eabi/lib/newlib-nano-2.1-nds/\libhardware7.a(sd.twl.o)
                0x03806194                sdio_IsInserted

.text.readFirmwareSPI
                0x038061b0       0x88
 .text.readFirmwareSPI
                0x038061b0       0x88 c:/toolchain_generic/6.2_2016q4/arm-eabi/lib/newlib-nano-2.1-nds/\libhardware7.a(spifwTGDS.o)
                0x038061b0                readFirmwareSPI

.text.PowerManagementDeviceRead
                0x03806238       0x70
 .text.PowerManagementDeviceRead
                0x03806238       0x70 c:/toolchain_generic/6.2_2016q4/arm-eabi/lib/newlib-nano-2.1-nds/\libhardware7.a(spifwTGDS.o)
                0x03806238                PowerManagementDeviceRead

.text.PowerManagementDeviceWrite
                0x038062a8       0x78
 .text.PowerManagementDeviceWrite
                0x038062a8       0x78 c:/toolchain_generic/6.2_2016q4/arm-eabi/lib/newlib-nano-2.1-nds/\libhardware7.a(spifwTGDS.o)
                0x038062a8                PowerManagementDeviceWrite

.text.SerialWaitBusy
                0x03806320       0x34
 .text.SerialWaitBusy
                0x03806320       0x34 c:/toolchain_generic/6.2_2016q4/arm-eabi/lib/newlib-nano-2.1-nds/\libhardware7.a(spitscTGDS.o)

.text.CheckStylus
                0x03806354      0x148
 .text.CheckStylus
                0x03806354      0x148 c:/toolchain_generic/6.2_2016q4/arm-eabi/lib/newlib-nano-2.1-nds/\libhardware7.a(spitscTGDS.o)
                0x03806354                CheckStylus

.text.readTouchValue
                0x0380649c      0x4b0
 .text.readTouchValue
                0x0380649c      0x4b0 c:/toolchain_generic/6.2_2016q4/arm-eabi/lib/newlib-nano-2.1-nds/\libhardware7.a(spitscTGDS.o)
                0x0380649c                readTouchValue

.text.UpdateRange
                0x0380694c      0x18c
 .text.UpdateRange
                0x0380694c      0x18c c:/toolchain_generic/6.2_2016q4/arm-eabi/lib/newlib-nano-2.1-nds/\libhardware7.a(spitscTGDS.o)
                0x0380694c                UpdateRange

.text.touchReadXY
                0x03806ad8      0x570
 .text.touchReadXY
                0x03806ad8      0x570 c:/toolchain_generic/6.2_2016q4/arm-eabi/lib/newlib-nano-2.1-nds/\libhardware7.a(spitscTGDS.o)
                0x03806ad8                touchReadXY

.text.LoadFirmwareSettingsFromFlash
                0x03807048      0x140
 .text.LoadFirmwareSettingsFromFlash
                0x03807048      0x140 c:/toolchain_generic/6.2_2016q4/arm-eabi/lib/newlib-nano-2.1-nds/\libhardware7.a(usrsettingsTGDS.o)
                0x03807048                LoadFirmwareSettingsFromFlash

.text.cdcIsAvailable
                0x03807188       0x10
 .text.cdcIsAvailable
                0x03807188       0x10 c:/toolchain_generic/6.2_2016q4/arm-eabi/lib/newlib-nano-2.1-nds/\libhardware7.a(utils.twl.o)
                0x03807188                cdcIsAvailable

.text.reportTGDSPayloadMode7
                0x03807198       0x1c
 .text.reportTGDSPayloadMode7
                0x03807198       0x1c c:/toolchain_generic/6.2_2016q4/arm-eabi/lib/newlib-nano-2.1-nds/\libhardware7.a(utilsTGDS.o)
                0x03807198                reportTGDSPayloadMode7

.text.isDSiMode
                0x038071b4       0x10
 .text.isDSiMode
                0x038071b4       0x10 c:/toolchain_generic/6.2_2016q4/arm-eabi/lib/newlib-nano-2.1-nds/\libhardware7.a(utilsTGDS.o)
                0x038071b4                isDSiMode

.text.ucs2tombs
                0x038071c4      0x1f4
 .text.ucs2tombs
                0x038071c4      0x1f4 c:/toolchain_generic/6.2_2016q4/arm-eabi/lib/newlib-nano-2.1-nds/\libhardware7.a(utilsTGDS.o)
                0x038071c4                ucs2tombs

.text.getValueSafe
                0x038073b8        0x8
 .text.getValueSafe
                0x038073b8        0x8 c:/toolchain_generic/6.2_2016q4/arm-eabi/lib/newlib-nano-2.1-nds/\libhardware7.a(utilsTGDS.o)
                0x038073b8                getValueSafe

.text.setValueSafe
                0x038073c0        0x8
 .text.setValueSafe
                0x038073c0        0x8 c:/toolchain_generic/6.2_2016q4/arm-eabi/lib/newlib-nano-2.1-nds/\libhardware7.a(utilsTGDS.o)
                0x038073c0                setValueSafe

.text.TurnOnScreens
                0x038073c8      0x110
 .text.TurnOnScreens
                0x038073c8      0x110 c:/toolchain_generic/6.2_2016q4/arm-eabi/lib/newlib-nano-2.1-nds/\libhardware7.a(utilsTGDS.o)
                0x038073c8                TurnOnScreens

.text.TurnOffScreens
                0x038074d8      0x10c
 .text.TurnOffScreens
                0x038074d8      0x10c c:/toolchain_generic/6.2_2016q4/arm-eabi/lib/newlib-nano-2.1-nds/\libhardware7.a(utilsTGDS.o)
                0x038074d8                TurnOffScreens

.text.initSound
                0x038075e4       0x14
 .text.initSound
                0x038075e4       0x14 c:/toolchain_generic/6.2_2016q4/arm-eabi/lib/newlib-nano-2.1-nds/\libhardware7.a(utilsTGDS.o)
                0x038075e4                initSound

.text.initializeLibUtils7
                0x038075f8       0x8c
 .text.initializeLibUtils7
                0x038075f8       0x8c c:/toolchain_generic/6.2_2016q4/arm-eabi/lib/newlib-nano-2.1-nds/\libhardware7.a(utilsTGDS.o)
                0x038075f8                initializeLibUtils7

.text.disableTGDSDebugging
                0x03807684       0x14
 .text.disableTGDSDebugging
                0x03807684       0x14 c:/toolchain_generic/6.2_2016q4/arm-eabi/lib/newlib-nano-2.1-nds/\libhardware7.a(utilsTGDS.o)
                0x03807684                disableTGDSDebugging

.text.RWSPICNT  0x03807698       0x2c
 .text.RWSPICNT
                0x03807698       0x2c c:/toolchain_generic/6.2_2016q4/arm-eabi/lib/newlib-nano-2.1-nds/\libhardware7.a(spiTGDS.o)
                0x03807698                RWSPICNT

.text.SPICSHIGH
                0x038076c4       0x14
 .text.SPICSHIGH
                0x038076c4       0x14 c:/toolchain_generic/6.2_2016q4/arm-eabi/lib/newlib-nano-2.1-nds/\libhardware7.a(spiTGDS.o)
                0x038076c4                SPICSHIGH

.text.SPIWAITCNT
                0x038076d8       0x18
 .text.SPIWAITCNT
                0x038076d8       0x18 c:/toolchain_generic/6.2_2016q4/arm-eabi/lib/newlib-nano-2.1-nds/\libhardware7.a(spiTGDS.o)
                0x038076d8                SPIWAITCNT

.text.__aeabi_idiv
                0x038076f0       0x70
 .text.__aeabi_idiv
                0x038076f0       0x70 c:/toolchain_generic/6.2_2016q4/arm-eabi/lib/newlib-nano-2.1-nds/\libcnano7.a(__aeabi_idiv.o)
                0x038076f0                __aeabi_idiv

.text.__aeabi_uidiv
                0x03807760       0x14
 .text.__aeabi_uidiv
                0x03807760       0x14 c:/toolchain_generic/6.2_2016q4/arm-eabi/lib/newlib-nano-2.1-nds/\libcnano7.a(__aeabi_uidiv.o)
                0x03807760                __aeabi_uidiv

.text.__udivmodsi4
                0x03807774       0x58
 .text.__udivmodsi4
                0x03807774       0x58 c:/toolchain_generic/6.2_2016q4/arm-eabi/lib/newlib-nano-2.1-nds/\libcnano7.a(__udivmodsi4.o)
                0x03807774                __udivmodsi4

.text.memset    0x038077cc       0x18
 .text.memset   0x038077cc       0x18 c:/toolchain_generic/6.2_2016q4/arm-eabi/lib/newlib-nano-2.1-nds/\libcnano7.a(memset.o)
                0x038077cc                memset

.text.strcpy    0x038077e4       0x18
 .text.strcpy   0x038077e4       0x18 c:/toolchain_generic/6.2_2016q4/arm-eabi/lib/newlib-nano-2.1-nds/\libcnano7.a(strcpy.o)
                0x038077e4                strcpy

.rel.dyn        0x038077fc        0x0
 .rel.iplt      0x00000000        0x0 ./build/nds_arm_ld_crt0.o
 .rel.got       0x00000000        0x0 ./build/nds_arm_ld_crt0.o
                0x038077fc                . = ALIGN (0x4)
                0x038077fc                __text_end = .
                0x038077fc                __rodata_start = .

.rodata         0x038077fc        0x0
 *(.rodata)
                0x038077fc                . = ALIGN (0x4)

.rodata.cvt.4604
                0x038077fc       0x80
 .rodata.cvt.4604
                0x038077fc       0x80 build/pff.o

.rodata.str1.4  0x0380787c       0x48
 .rodata.str1.4
                0x0380787c       0x35 c:/toolchain_generic/6.2_2016q4/arm-eabi/lib/newlib-nano-2.1-nds/\libhardware7.a(InterruptsARMCores_c.o)
                                 0x38 (size before relaxing)
 *fill*         0x038078b1        0x3 
 .rodata.str1.4
                0x038078b4       0x10 c:/toolchain_generic/6.2_2016q4/arm-eabi/lib/newlib-nano-2.1-nds/\libhardware7.a(utilsTGDS.o)

.rodata.min_range
                0x038078c4        0x1
 .rodata.min_range
                0x038078c4        0x1 c:/toolchain_generic/6.2_2016q4/arm-eabi/lib/newlib-nano-2.1-nds/\libhardware7.a(spitscTGDS.o)
                0x038078c8                . = ALIGN (0x4)
                0x038078c8                __rodata_end = .
                0x038078c8                __data_start = .

.data           0x038078c8        0x4
 *(.data)
 .data          0x038078c8        0x0 ./build/nds_arm_ld_crt0.o
 .data          0x038078c8        0x0 c:/toolchain_generic/6.2_2016q4/bin/../lib/gcc/arm-eabi/4.9.2/crti.o
 .data          0x038078c8        0x4 c:/toolchain_generic/6.2_2016q4/bin/../lib/gcc/arm-eabi/4.9.2/crtbegin.o
                0x038078c8                __dso_handle
 .data          0x038078cc        0x0 build/Interrupts_app7.o
 .data          0x038078cc        0x0 build/diskio_impl.o
 .data          0x038078cc        0x0 build/pff.o
 .data          0x038078cc        0x0 build/dswnifi.o
 .data          0x038078cc        0x0 build/fileBrowse.o
 .data          0x038078cc        0x0 build/loader.o
 .data          0x038078cc        0x0 build/ima_adpcm_decode.o
 .data          0x038078cc        0x0 build/ima_adpcm.o
 .data          0x038078cc        0x0 build/main.o
 .data          0x038078cc        0x0 build/tinynew.o
 .data          0x038078cc        0x0 build/ipcfifoTGDSUser.o
 .data          0x038078cc        0x0 c:/toolchain_generic/6.2_2016q4/arm-eabi/lib/newlib-nano-2.1-nds/\libutils7.a(xmem.o)
 .data          0x038078cc        0x0 c:/toolchain_generic/6.2_2016q4/arm-eabi/lib/newlib-nano-2.1-nds/\libtoolchaingen7.a(exceptionTGDS.o)
 .data          0x038078cc        0x0 c:/toolchain_generic/6.2_2016q4/arm-eabi/lib/newlib-nano-2.1-nds/\libtoolchaingen7.a(initNDSTGDS.o)
 .data          0x038078cc        0x0 c:/toolchain_generic/6.2_2016q4/arm-eabi/lib/newlib-nano-2.1-nds/\libtoolchaingen7.a(exceptionTGDSasm.o)
 .data          0x038078cc        0x0 c:/toolchain_generic/6.2_2016q4/arm-eabi/lib/newlib-nano-2.1-nds/\libtoolchaingen7.a(InterruptsARMCores_s.o)
 .data          0x038078cc        0x0 c:/toolchain_generic/6.2_2016q4/arm-eabi/lib/newlib-nano-2.1-nds/\libhardware7.a(InterruptsARMCores_c.o)
 .data          0x038078cc        0x0 c:/toolchain_generic/6.2_2016q4/arm-eabi/lib/newlib-nano-2.1-nds/\libhardware7.a(biosTGDSC.o)
 .data          0x038078cc        0x0 c:/toolchain_generic/6.2_2016q4/arm-eabi/lib/newlib-nano-2.1-nds/\libhardware7.a(clockTGDS.o)
 .data          0x038078cc        0x0 c:/toolchain_generic/6.2_2016q4/arm-eabi/lib/newlib-nano-2.1-nds/\libhardware7.a(dldi.o)
 .data          0x038078cc        0x0 c:/toolchain_generic/6.2_2016q4/arm-eabi/lib/newlib-nano-2.1-nds/\libhardware7.a(ipcfifoTGDS.o)
 .data          0x038078cc        0x0 c:/toolchain_generic/6.2_2016q4/arm-eabi/lib/newlib-nano-2.1-nds/\libhardware7.a(powerTGDS.o)
 .data          0x038078cc        0x0 c:/toolchain_generic/6.2_2016q4/arm-eabi/lib/newlib-nano-2.1-nds/\libhardware7.a(sd.twl.o)
 .data          0x038078cc        0x0 c:/toolchain_generic/6.2_2016q4/arm-eabi/lib/newlib-nano-2.1-nds/\libhardware7.a(spifwTGDS.o)
 .data          0x038078cc        0x0 c:/toolchain_generic/6.2_2016q4/arm-eabi/lib/newlib-nano-2.1-nds/\libhardware7.a(spitscTGDS.o)
 .data          0x038078cc        0x0 c:/toolchain_generic/6.2_2016q4/arm-eabi/lib/newlib-nano-2.1-nds/\libhardware7.a(usrsettingsTGDS.o)
 .data          0x038078cc        0x0 c:/toolchain_generic/6.2_2016q4/arm-eabi/lib/newlib-nano-2.1-nds/\libhardware7.a(utils.twl.o)
 .data          0x038078cc        0x0 c:/toolchain_generic/6.2_2016q4/arm-eabi/lib/newlib-nano-2.1-nds/\libhardware7.a(utilsTGDS.o)
 .data          0x038078cc        0x0 c:/toolchain_generic/6.2_2016q4/arm-eabi/lib/newlib-nano-2.1-nds/\libhardware7.a(biosTGDSAsm.o)
 .data          0x038078cc        0x0 c:/toolchain_generic/6.2_2016q4/arm-eabi/lib/newlib-nano-2.1-nds/\libhardware7.a(debugNocash.o)
 .data          0x038078cc        0x0 c:/toolchain_generic/6.2_2016q4/arm-eabi/lib/newlib-nano-2.1-nds/\libhardware7.a(dmaTGDS.o)
 .data          0x038078cc        0x0 c:/toolchain_generic/6.2_2016q4/arm-eabi/lib/newlib-nano-2.1-nds/\libhardware7.a(spiTGDS.o)
 .data          0x038078cc        0x0 c:/toolchain_generic/6.2_2016q4/arm-eabi/lib/\libstdc++.a(atexit_arm.o)
 .data          0x038078cc        0x0 c:/toolchain_generic/6.2_2016q4/arm-eabi/lib/newlib-nano-2.1-nds/\libcnano7.a(__aeabi_idiv.o)
 .data          0x038078cc        0x0 c:/toolchain_generic/6.2_2016q4/arm-eabi/lib/newlib-nano-2.1-nds/\libcnano7.a(__aeabi_uidiv.o)
 .data          0x038078cc        0x0 c:/toolchain_generic/6.2_2016q4/arm-eabi/lib/newlib-nano-2.1-nds/\libcnano7.a(__udivmodsi4.o)
 .data          0x038078cc        0x0 c:/toolchain_generic/6.2_2016q4/arm-eabi/lib/newlib-nano-2.1-nds/\libcnano7.a(cxa_atexit.o)
 .data          0x038078cc        0x0 c:/toolchain_generic/6.2_2016q4/arm-eabi/lib/newlib-nano-2.1-nds/\libcnano7.a(memcmp.o)
 .data          0x038078cc        0x0 c:/toolchain_generic/6.2_2016q4/arm-eabi/lib/newlib-nano-2.1-nds/\libcnano7.a(memset.o)
 .data          0x038078cc        0x0 c:/toolchain_generic/6.2_2016q4/arm-eabi/lib/newlib-nano-2.1-nds/\libcnano7.a(strcpy.o)
 .data          0x038078cc        0x0 c:/toolchain_generic/6.2_2016q4/arm-eabi/lib/newlib-nano-2.1-nds/\libcnano7.a(__aeabi_idivmod.o)
 .data          0x038078cc        0x0 c:/toolchain_generic/6.2_2016q4/arm-eabi/lib/newlib-nano-2.1-nds/\libcnano7.a(__aeabi_uidivmod.o)
 .data          0x038078cc        0x0 c:/toolchain_generic/6.2_2016q4/arm-eabi/lib/newlib-nano-2.1-nds/\libcnano7.a(arm-asm-memcpy.o)
 .data          0x038078cc        0x0 c:/toolchain_generic/6.2_2016q4/arm-eabi/lib/newlib-nano-2.1-nds/\libcnano7.a(__atexit.o)
 .data          0x038078cc        0x0 c:/toolchain_generic/6.2_2016q4/arm-eabi/lib/newlib-nano-2.1-nds/\libcnano7.a(impure.o)
 .data          0x038078cc        0x0 c:/toolchain_generic/6.2_2016q4/bin/../lib/gcc/arm-eabi/4.9.2/crtend.o
 .data          0x038078cc        0x0 c:/toolchain_generic/6.2_2016q4/bin/../lib/gcc/arm-eabi/4.9.2/crtn.o
                0x038078cc                . = ALIGN (0x4)

.igot.plt       0x038078cc        0x0
 .igot.plt      0x00000000        0x0 ./build/nds_arm_ld_crt0.o

.got            0x038078cc        0x0
 .got           0x00000000        0x0 ./build/nds_arm_ld_crt0.o

.got.plt        0x038078cc        0xc
 .got.plt       0x038078cc        0xc ./build/nds_arm_ld_crt0.o
                0x038078cc                _GLOBAL_OFFSET_TABLE_

.eh_frame       0x038078d8        0x0
 .eh_frame      0x038078d8        0x0 c:/toolchain_generic/6.2_2016q4/bin/../lib/gcc/arm-eabi/4.9.2/crtbegin.o

.jcr            0x038078d8        0x0
 .jcr           0x038078d8        0x0 c:/toolchain_generic/6.2_2016q4/bin/../lib/gcc/arm-eabi/4.9.2/crtbegin.o

.tm_clone_table
                0x038078d8        0x0
 .tm_clone_table
                0x038078d8        0x0 c:/toolchain_generic/6.2_2016q4/bin/../lib/gcc/arm-eabi/4.9.2/crtbegin.o
 .tm_clone_table
                0x038078d8        0x0 c:/toolchain_generic/6.2_2016q4/bin/../lib/gcc/arm-eabi/4.9.2/crtend.o

.data.XMEMTOTALSIZE
                0x038078d8        0x4
 .data.XMEMTOTALSIZE
                0x038078d8        0x4 c:/toolchain_generic/6.2_2016q4/arm-eabi/lib/newlib-nano-2.1-nds/\libutils7.a(xmem.o)
                0x038078d8                XMEMTOTALSIZE

.data.XMEM_BLOCKSIZE
                0x038078dc        0x2
 .data.XMEM_BLOCKSIZE
                0x038078dc        0x2 c:/toolchain_generic/6.2_2016q4/arm-eabi/lib/newlib-nano-2.1-nds/\libutils7.a(xmem.o)
                0x038078dc                XMEM_BLOCKSIZE

.data.ldmsize   0x038078e0       0x34
 .data.ldmsize  0x038078e0       0x34 c:/toolchain_generic/6.2_2016q4/arm-eabi/lib/newlib-nano-2.1-nds/\libhardware7.a(clockTGDS.o)

.data.dmsize    0x03807914       0x34
 .data.dmsize   0x03807914       0x34 c:/toolchain_generic/6.2_2016q4/arm-eabi/lib/newlib-nano-2.1-nds/\libhardware7.a(clockTGDS.o)

.data.range     0x03807948        0x1
 .data.range    0x03807948        0x1 c:/toolchain_generic/6.2_2016q4/arm-eabi/lib/newlib-nano-2.1-nds/\libhardware7.a(spitscTGDS.o)

.data.TGDSPayloadMode
                0x0380794c        0x4
 .data.TGDSPayloadMode
                0x0380794c        0x4 c:/toolchain_generic/6.2_2016q4/arm-eabi/lib/newlib-nano-2.1-nds/\libhardware7.a(utilsTGDS.o)
                0x0380794c                TGDSPayloadMode

.data.multRate  0x03807950        0x4
 .data.multRate
                0x03807950        0x4 c:/toolchain_generic/6.2_2016q4/arm-eabi/lib/newlib-nano-2.1-nds/\libhardware7.a(utilsTGDS.o)
                0x03807950                multRate
                0x03807954                . = ALIGN (0x4)
                0x03807954                __data_end = .
                0x03807954                __bss_start = .

.bss            0x03807954      0x234
                0x03807954                bss = .
 *(.bss)
 .bss           0x03807954        0x0 ./build/nds_arm_ld_crt0.o
 .bss           0x03807954        0x0 c:/toolchain_generic/6.2_2016q4/bin/../lib/gcc/arm-eabi/4.9.2/crti.o
 .bss           0x03807954       0x1c c:/toolchain_generic/6.2_2016q4/bin/../lib/gcc/arm-eabi/4.9.2/crtbegin.o
 .bss           0x03807970        0x0 build/Interrupts_app7.o
 .bss           0x03807970        0x0 build/diskio_impl.o
 .bss           0x03807970        0x0 build/pff.o
 .bss           0x03807970        0x0 build/dswnifi.o
 .bss           0x03807970        0x0 build/fileBrowse.o
 .bss           0x03807970        0x0 build/loader.o
 .bss           0x03807970        0x0 build/ima_adpcm_decode.o
 .bss           0x03807970        0x0 build/ima_adpcm.o
 .bss           0x03807970        0x0 build/main.o
 .bss           0x03807970        0x0 build/tinynew.o
 .bss           0x03807970        0x0 build/ipcfifoTGDSUser.o
 .bss           0x03807970        0x0 c:/toolchain_generic/6.2_2016q4/arm-eabi/lib/newlib-nano-2.1-nds/\libutils7.a(xmem.o)
 .bss           0x03807970        0x0 c:/toolchain_generic/6.2_2016q4/arm-eabi/lib/newlib-nano-2.1-nds/\libtoolchaingen7.a(exceptionTGDS.o)
 .bss           0x03807970        0x0 c:/toolchain_generic/6.2_2016q4/arm-eabi/lib/newlib-nano-2.1-nds/\libtoolchaingen7.a(initNDSTGDS.o)
 .bss           0x03807970        0x0 c:/toolchain_generic/6.2_2016q4/arm-eabi/lib/newlib-nano-2.1-nds/\libtoolchaingen7.a(exceptionTGDSasm.o)
 .bss           0x03807970        0x0 c:/toolchain_generic/6.2_2016q4/arm-eabi/lib/newlib-nano-2.1-nds/\libtoolchaingen7.a(InterruptsARMCores_s.o)
 .bss           0x03807970        0x0 c:/toolchain_generic/6.2_2016q4/arm-eabi/lib/newlib-nano-2.1-nds/\libhardware7.a(InterruptsARMCores_c.o)
 .bss           0x03807970        0x0 c:/toolchain_generic/6.2_2016q4/arm-eabi/lib/newlib-nano-2.1-nds/\libhardware7.a(biosTGDSC.o)
 .bss           0x03807970        0x0 c:/toolchain_generic/6.2_2016q4/arm-eabi/lib/newlib-nano-2.1-nds/\libhardware7.a(clockTGDS.o)
 .bss           0x03807970        0x0 c:/toolchain_generic/6.2_2016q4/arm-eabi/lib/newlib-nano-2.1-nds/\libhardware7.a(dldi.o)
 .bss           0x03807970        0x0 c:/toolchain_generic/6.2_2016q4/arm-eabi/lib/newlib-nano-2.1-nds/\libhardware7.a(ipcfifoTGDS.o)
 .bss           0x03807970        0x0 c:/toolchain_generic/6.2_2016q4/arm-eabi/lib/newlib-nano-2.1-nds/\libhardware7.a(powerTGDS.o)
 .bss           0x03807970        0x0 c:/toolchain_generic/6.2_2016q4/arm-eabi/lib/newlib-nano-2.1-nds/\libhardware7.a(sd.twl.o)
 .bss           0x03807970        0x0 c:/toolchain_generic/6.2_2016q4/arm-eabi/lib/newlib-nano-2.1-nds/\libhardware7.a(spifwTGDS.o)
 .bss           0x03807970        0x0 c:/toolchain_generic/6.2_2016q4/arm-eabi/lib/newlib-nano-2.1-nds/\libhardware7.a(spitscTGDS.o)
 .bss           0x03807970        0x0 c:/toolchain_generic/6.2_2016q4/arm-eabi/lib/newlib-nano-2.1-nds/\libhardware7.a(usrsettingsTGDS.o)
 .bss           0x03807970        0x0 c:/toolchain_generic/6.2_2016q4/arm-eabi/lib/newlib-nano-2.1-nds/\libhardware7.a(utils.twl.o)
 .bss           0x03807970        0x0 c:/toolchain_generic/6.2_2016q4/arm-eabi/lib/newlib-nano-2.1-nds/\libhardware7.a(utilsTGDS.o)
 .bss           0x03807970        0x0 c:/toolchain_generic/6.2_2016q4/arm-eabi/lib/newlib-nano-2.1-nds/\libhardware7.a(biosTGDSAsm.o)
 .bss           0x03807970        0x0 c:/toolchain_generic/6.2_2016q4/arm-eabi/lib/newlib-nano-2.1-nds/\libhardware7.a(debugNocash.o)
 .bss           0x03807970        0x0 c:/toolchain_generic/6.2_2016q4/arm-eabi/lib/newlib-nano-2.1-nds/\libhardware7.a(dmaTGDS.o)
 .bss           0x03807970        0x0 c:/toolchain_generic/6.2_2016q4/arm-eabi/lib/newlib-nano-2.1-nds/\libhardware7.a(spiTGDS.o)
 .bss           0x03807970        0x0 c:/toolchain_generic/6.2_2016q4/arm-eabi/lib/\libstdc++.a(atexit_arm.o)
 .bss           0x03807970        0x0 c:/toolchain_generic/6.2_2016q4/arm-eabi/lib/newlib-nano-2.1-nds/\libcnano7.a(__aeabi_idiv.o)
 .bss           0x03807970        0x0 c:/toolchain_generic/6.2_2016q4/arm-eabi/lib/newlib-nano-2.1-nds/\libcnano7.a(__aeabi_uidiv.o)
 .bss           0x03807970        0x0 c:/toolchain_generic/6.2_2016q4/arm-eabi/lib/newlib-nano-2.1-nds/\libcnano7.a(__udivmodsi4.o)
 .bss           0x03807970        0x0 c:/toolchain_generic/6.2_2016q4/arm-eabi/lib/newlib-nano-2.1-nds/\libcnano7.a(cxa_atexit.o)
 .bss           0x03807970        0x0 c:/toolchain_generic/6.2_2016q4/arm-eabi/lib/newlib-nano-2.1-nds/\libcnano7.a(memcmp.o)
 .bss           0x03807970        0x0 c:/toolchain_generic/6.2_2016q4/arm-eabi/lib/newlib-nano-2.1-nds/\libcnano7.a(memset.o)
 .bss           0x03807970        0x0 c:/toolchain_generic/6.2_2016q4/arm-eabi/lib/newlib-nano-2.1-nds/\libcnano7.a(strcpy.o)
 .bss           0x03807970        0x0 c:/toolchain_generic/6.2_2016q4/arm-eabi/lib/newlib-nano-2.1-nds/\libcnano7.a(__aeabi_idivmod.o)
 .bss           0x03807970        0x0 c:/toolchain_generic/6.2_2016q4/arm-eabi/lib/newlib-nano-2.1-nds/\libcnano7.a(__aeabi_uidivmod.o)
 .bss           0x03807970        0x0 c:/toolchain_generic/6.2_2016q4/arm-eabi/lib/newlib-nano-2.1-nds/\libcnano7.a(arm-asm-memcpy.o)
 .bss           0x03807970        0x0 c:/toolchain_generic/6.2_2016q4/arm-eabi/lib/newlib-nano-2.1-nds/\libcnano7.a(__atexit.o)
 .bss           0x03807970        0x0 c:/toolchain_generic/6.2_2016q4/arm-eabi/lib/newlib-nano-2.1-nds/\libcnano7.a(impure.o)
 .bss           0x03807970        0x0 c:/toolchain_generic/6.2_2016q4/bin/../lib/gcc/arm-eabi/4.9.2/crtend.o
 .bss           0x03807970        0x0 c:/toolchain_generic/6.2_2016q4/bin/../lib/gcc/arm-eabi/4.9.2/crtn.o
                0x03807970                . = ALIGN (0x4)
 COMMON         0x03807970      0x200 build/diskio_impl.o
                0x03807970                scratchPadSector
 COMMON         0x03807b70        0x8 c:/toolchain_generic/6.2_2016q4/arm-eabi/lib/newlib-nano-2.1-nds/\libutils7.a(xmem.o)
                0x03807b70                xmem_table
                0x03807b74                xmem_blocks
 COMMON         0x03807b78       0x10 c:/toolchain_generic/6.2_2016q4/arm-eabi/lib/newlib-nano-2.1-nds/\libhardware7.a(spitscTGDS.o)
                0x03807b78                xoffset
                0x03807b7c                yoffset
                0x03807b80                xscale
                0x03807b84                yscale

.bss.adpcmWorkBuffer
                0x03807b88     0x4000
 .bss.adpcmWorkBuffer
                0x03807b88     0x4000 build/ima_adpcm.o
                0x03807b88                adpcmWorkBuffer

.bss.ADPCMchunksize
                0x0380bb88        0x4
 .bss.ADPCMchunksize
                0x0380bb88        0x4 build/ima_adpcm.o
                0x0380bb88                ADPCMchunksize

.bss.ADPCMchannels
                0x0380bb8c        0x4
 .bss.ADPCMchannels
                0x0380bb8c        0x4 build/ima_adpcm.o
                0x0380bb8c                ADPCMchannels

.bss.fname      0x0380bb90      0x100
 .bss.fname     0x0380bb90      0x100 build/main.o
                0x0380bb90                fname

.bss.FatfsFILESoundSample0
                0x0380bc90       0x2c
 .bss.FatfsFILESoundSample0
                0x0380bc90       0x2c build/main.o
                0x0380bc90                FatfsFILESoundSample0

.bss.FatfsFILEBgMusic
                0x0380bcbc       0x2c
 .bss.FatfsFILEBgMusic
                0x0380bcbc       0x2c build/main.o
                0x0380bcbc                FatfsFILEBgMusic

.bss.SoundEffect0Player
                0x0380bce8     0x10c4
 .bss.SoundEffect0Player
                0x0380bce8     0x10c4 build/main.o
                0x0380bce8                SoundEffect0Player

.bss.soundData  0x0380cdac      0x1e4
 .bss.soundData
                0x0380cdac      0x1e4 build/main.o
                0x0380cdac                soundData

.bss.backgroundMusicPlayer
                0x0380cf90     0x10c4
 .bss.backgroundMusicPlayer
                0x0380cf90     0x10c4 build/main.o
                0x0380cf90                backgroundMusicPlayer

.bss.ARM7MallocTop
                0x0380e054        0x4
 .bss.ARM7MallocTop
                0x0380e054        0x4 c:/toolchain_generic/6.2_2016q4/arm-eabi/lib/newlib-nano-2.1-nds/\libutils7.a(xmem.o)
                0x0380e054                ARM7MallocTop

.bss.ARM7MallocBaseAddress
                0x0380e058        0x4
 .bss.ARM7MallocBaseAddress
                0x0380e058        0x4 c:/toolchain_generic/6.2_2016q4/arm-eabi/lib/newlib-nano-2.1-nds/\libutils7.a(xmem.o)
                0x0380e058                ARM7MallocBaseAddress

.bss.XMEM_TABLESIZE
                0x0380e05c        0x4
 .bss.XMEM_TABLESIZE
                0x0380e05c        0x4 c:/toolchain_generic/6.2_2016q4/arm-eabi/lib/newlib-nano-2.1-nds/\libutils7.a(xmem.o)
                0x0380e05c                XMEM_TABLESIZE

.bss.XMEM_BLOCKCOUNT
                0x0380e060        0x4
 .bss.XMEM_BLOCKCOUNT
                0x0380e060        0x4 c:/toolchain_generic/6.2_2016q4/arm-eabi/lib/newlib-nano-2.1-nds/\libutils7.a(xmem.o)
                0x0380e060                XMEM_BLOCKCOUNT

.bss.CustomHandler
                0x0380e064        0x4
 .bss.CustomHandler
                0x0380e064        0x4 c:/toolchain_generic/6.2_2016q4/arm-eabi/lib/newlib-nano-2.1-nds/\libtoolchaingen7.a(exceptionTGDS.o)
                0x0380e064                CustomHandler

.bss.exceptionArmRegsShared
                0x0380e068        0x4
 .bss.exceptionArmRegsShared
                0x0380e068        0x4 c:/toolchain_generic/6.2_2016q4/arm-eabi/lib/newlib-nano-2.1-nds/\libtoolchaingen7.a(exceptionTGDS.o)
                0x0380e068                exceptionArmRegsShared

.bss.penDown    0x0380e06c        0x1
 .bss.penDown   0x0380e06c        0x1 c:/toolchain_generic/6.2_2016q4/arm-eabi/lib/newlib-nano-2.1-nds/\libhardware7.a(InterruptsARMCores_c.o)

.bss.isArm7ClosedLid
                0x0380e06d        0x1
 .bss.isArm7ClosedLid
                0x0380e06d        0x1 c:/toolchain_generic/6.2_2016q4/arm-eabi/lib/newlib-nano-2.1-nds/\libhardware7.a(biosTGDSC.o)
                0x0380e06d                isArm7ClosedLid

.bss.DLDIARM7Address
                0x0380e070        0x4
 .bss.DLDIARM7Address
                0x0380e070        0x4 c:/toolchain_generic/6.2_2016q4/arm-eabi/lib/newlib-nano-2.1-nds/\libhardware7.a(dldi.o)
                0x0380e070                DLDIARM7Address

.bss.TWLModeInternalSDAccess
                0x0380e074        0x4
 .bss.TWLModeInternalSDAccess
                0x0380e074        0x4 c:/toolchain_generic/6.2_2016q4/arm-eabi/lib/newlib-nano-2.1-nds/\libhardware7.a(dldi.o)
                0x0380e074                TWLModeInternalSDAccess

.bss.useTWLTSC  0x0380e078        0x1
 .bss.useTWLTSC
                0x0380e078        0x1 c:/toolchain_generic/6.2_2016q4/arm-eabi/lib/newlib-nano-2.1-nds/\libhardware7.a(spitscTGDS.o)
                0x0380e078                useTWLTSC

.bss.touchInit  0x0380e079        0x1
 .bss.touchInit
                0x0380e079        0x1 c:/toolchain_generic/6.2_2016q4/arm-eabi/lib/newlib-nano-2.1-nds/\libhardware7.a(spitscTGDS.o)
                0x0380e079                touchInit

.bss.range_counter_2
                0x0380e07a        0x1
 .bss.range_counter_2
                0x0380e07a        0x1 c:/toolchain_generic/6.2_2016q4/arm-eabi/lib/newlib-nano-2.1-nds/\libhardware7.a(spitscTGDS.o)

.bss.range_counter_1
                0x0380e07b        0x1
 .bss.range_counter_1
                0x0380e07b        0x1 c:/toolchain_generic/6.2_2016q4/arm-eabi/lib/newlib-nano-2.1-nds/\libhardware7.a(spitscTGDS.o)

.bss.last_time_touched
                0x0380e07c        0x1
 .bss.last_time_touched
                0x0380e07c        0x1 c:/toolchain_generic/6.2_2016q4/arm-eabi/lib/newlib-nano-2.1-nds/\libhardware7.a(spitscTGDS.o)

.bss.strpcmL1   0x0380e080        0x4
 .bss.strpcmL1  0x0380e080        0x4 c:/toolchain_generic/6.2_2016q4/arm-eabi/lib/newlib-nano-2.1-nds/\libhardware7.a(utilsTGDS.o)
                0x0380e080                strpcmL1

.bss.wifiUpdateVBLANKARM7LibUtilsCallback
                0x0380e084        0x4
 .bss.wifiUpdateVBLANKARM7LibUtilsCallback
                0x0380e084        0x4 c:/toolchain_generic/6.2_2016q4/arm-eabi/lib/newlib-nano-2.1-nds/\libhardware7.a(utilsTGDS.o)
                0x0380e084                wifiUpdateVBLANKARM7LibUtilsCallback

.bss.initMallocARM7LibUtilsCallback
                0x0380e088        0x4
 .bss.initMallocARM7LibUtilsCallback
                0x0380e088        0x4 c:/toolchain_generic/6.2_2016q4/arm-eabi/lib/newlib-nano-2.1-nds/\libhardware7.a(utilsTGDS.o)
                0x0380e088                initMallocARM7LibUtilsCallback

.bss.wifiDeinitARM7ARM9LibUtilsCallback
                0x0380e08c        0x4
 .bss.wifiDeinitARM7ARM9LibUtilsCallback
                0x0380e08c        0x4 c:/toolchain_generic/6.2_2016q4/arm-eabi/lib/newlib-nano-2.1-nds/\libhardware7.a(utilsTGDS.o)
                0x0380e08c                wifiDeinitARM7ARM9LibUtilsCallback

.bss.strpcmL0   0x0380e090        0x4
 .bss.strpcmL0  0x0380e090        0x4 c:/toolchain_generic/6.2_2016q4/arm-eabi/lib/newlib-nano-2.1-nds/\libhardware7.a(utilsTGDS.o)
                0x0380e090                strpcmL0

.bss.sndCursor  0x0380e094        0x4
 .bss.sndCursor
                0x0380e094        0x4 c:/toolchain_generic/6.2_2016q4/arm-eabi/lib/newlib-nano-2.1-nds/\libhardware7.a(utilsTGDS.o)
                0x0380e094                sndCursor

.bss.__dsimode  0x0380e098        0x1
 .bss.__dsimode
                0x0380e098        0x1 c:/toolchain_generic/6.2_2016q4/arm-eabi/lib/newlib-nano-2.1-nds/\libhardware7.a(utilsTGDS.o)
                0x0380e098                __dsimode

.bss.lastL      0x0380e09c        0x4
 .bss.lastL     0x0380e09c        0x4 c:/toolchain_generic/6.2_2016q4/arm-eabi/lib/newlib-nano-2.1-nds/\libhardware7.a(utilsTGDS.o)
                0x0380e09c                lastL

.bss.sndRate    0x0380e0a0        0x4
 .bss.sndRate   0x0380e0a0        0x4 c:/toolchain_generic/6.2_2016q4/arm-eabi/lib/newlib-nano-2.1-nds/\libhardware7.a(utilsTGDS.o)
                0x0380e0a0                sndRate

.bss.lastR      0x0380e0a4        0x4
 .bss.lastR     0x0380e0a4        0x4 c:/toolchain_generic/6.2_2016q4/arm-eabi/lib/newlib-nano-2.1-nds/\libhardware7.a(utilsTGDS.o)
                0x0380e0a4                lastR

.bss.SoundStreamTimerHandlerARM7LibUtilsCallback
                0x0380e0a8        0x4
 .bss.SoundStreamTimerHandlerARM7LibUtilsCallback
                0x0380e0a8        0x4 c:/toolchain_generic/6.2_2016q4/arm-eabi/lib/newlib-nano-2.1-nds/\libhardware7.a(utilsTGDS.o)
                0x0380e0a8                SoundStreamTimerHandlerARM7LibUtilsCallback

.bss.SoundStreamStopSoundARM7LibUtilsCallback
                0x0380e0ac        0x4
 .bss.SoundStreamStopSoundARM7LibUtilsCallback
                0x0380e0ac        0x4 c:/toolchain_generic/6.2_2016q4/arm-eabi/lib/newlib-nano-2.1-nds/\libhardware7.a(utilsTGDS.o)
                0x0380e0ac                SoundStreamStopSoundARM7LibUtilsCallback

.bss.led_state  0x0380e0b0        0x4
 .bss.led_state
                0x0380e0b0        0x4 c:/toolchain_generic/6.2_2016q4/arm-eabi/lib/newlib-nano-2.1-nds/\libhardware7.a(utilsTGDS.o)
                0x0380e0b0                led_state

.bss.SoundStreamSetupSoundARM7LibUtilsCallback
                0x0380e0b4        0x4
 .bss.SoundStreamSetupSoundARM7LibUtilsCallback
                0x0380e0b4        0x4 c:/toolchain_generic/6.2_2016q4/arm-eabi/lib/newlib-nano-2.1-nds/\libhardware7.a(utilsTGDS.o)
                0x0380e0b4                SoundStreamSetupSoundARM7LibUtilsCallback

.bss.sampleLen  0x0380e0b8        0x4
 .bss.sampleLen
                0x0380e0b8        0x4 c:/toolchain_generic/6.2_2016q4/arm-eabi/lib/newlib-nano-2.1-nds/\libhardware7.a(utilsTGDS.o)
                0x0380e0b8                sampleLen

.bss.libutilisFifoNotEmptyCallback
                0x0380e0bc        0x4
 .bss.libutilisFifoNotEmptyCallback
                0x0380e0bc        0x4 c:/toolchain_generic/6.2_2016q4/arm-eabi/lib/newlib-nano-2.1-nds/\libhardware7.a(utilsTGDS.o)
                0x0380e0bc                libutilisFifoNotEmptyCallback

.bss.wifiInterruptARM7LibUtilsCallback
                0x0380e0c0        0x4
 .bss.wifiInterruptARM7LibUtilsCallback
                0x0380e0c0        0x4 c:/toolchain_generic/6.2_2016q4/arm-eabi/lib/newlib-nano-2.1-nds/\libhardware7.a(utilsTGDS.o)
                0x0380e0c0                wifiInterruptARM7LibUtilsCallback

.bss.MicInterruptARM7LibUtilsCallback
                0x0380e0c4        0x4
 .bss.MicInterruptARM7LibUtilsCallback
                0x0380e0c4        0x4 c:/toolchain_generic/6.2_2016q4/arm-eabi/lib/newlib-nano-2.1-nds/\libhardware7.a(utilsTGDS.o)
                0x0380e0c4                MicInterruptARM7LibUtilsCallback

.bss.strpcmR0   0x0380e0c8        0x4
 .bss.strpcmR0  0x0380e0c8        0x4 c:/toolchain_generic/6.2_2016q4/arm-eabi/lib/newlib-nano-2.1-nds/\libhardware7.a(utilsTGDS.o)
                0x0380e0c8                strpcmR0

.bss.strpcmR1   0x0380e0cc        0x4
 .bss.strpcmR1  0x0380e0cc        0x4 c:/toolchain_generic/6.2_2016q4/arm-eabi/lib/newlib-nano-2.1-nds/\libhardware7.a(utilsTGDS.o)
                0x0380e0cc                strpcmR1

.bss.debugEnabled
                0x0380e0d0        0x1
 .bss.debugEnabled
                0x0380e0d0        0x1 c:/toolchain_generic/6.2_2016q4/arm-eabi/lib/newlib-nano-2.1-nds/\libhardware7.a(utilsTGDS.o)
                0x0380e0d0                debugEnabled
                0x0380e0d4                . = ALIGN (0x4)
                0x0380e0d4                __bss_end = .
                0x0380e0d4                __exidx_start = .

.ARM.exidx      0x0380e0d4        0x0
                0x0380e0d4                ARM.exidx = .
 *(.ARM.exidx)
                0x0380e0d4                . = ALIGN (0x4)
                0x0380e0d4                . = ALIGN (0x4)
                0x0380e0d4                __exidx_end = .
                0x0380e0d4                . = (ADDR (.ARM.exidx) + SIZEOF (.ARM.exidx))
                0x0380e0d4                __vma_stub_end__ = .
                0x0380e1d4                __end = (__vma_stub_end__ + 0x100)

.pad            0x0380e0d4        0x8 load address 0x0380e1d4
                0x0380e0d4        0x4 LONG 0x70c070c0
                0x0380e0d8        0x4 LONG 0xeeeeffc0
                0x0380e0dc                . = ALIGN (0x4)
                0x0380e0d8                __arm7i_lma__ = (__vma_stub_end__ + 0x4)
                0x0380e0dc                __arm7i_start__ = (__arm7i_lma__ + 0x4)
                0x0380e0e0                __arm7i_end__ = (__arm7i_start__ + 0x4)
                0x0380e0e4                __arm7_lma__ = (__arm7i_end__ + 0x4)
                0x0380e0e8                __arm7_start__ = (__arm7_lma__ + 0x4)
                0x0380e0ec                __arm7_end__ = (__arm7_start__ + 0x4)
LOAD ./build/nds_arm_ld_crt0.o
LOAD c:/toolchain_generic/6.2_2016q4/bin/../lib/gcc/arm-eabi/4.9.2/crti.o
LOAD c:/toolchain_generic/6.2_2016q4/bin/../lib/gcc/arm-eabi/4.9.2/crtbegin.o
LOAD build/Interrupts_app7.o
LOAD build/diskio_impl.o
LOAD build/pff.o
LOAD build/dswnifi.o
LOAD build/fileBrowse.o
LOAD build/loader.o
LOAD build/ima_adpcm_decode.o
LOAD build/ima_adpcm.o
LOAD build/main.o
LOAD build/tinynew.o
LOAD build/ipcfifoTGDSUser.o
LOAD c:/toolchain_generic/6.2_2016q4/arm-eabi/lib/newlib-nano-2.1-nds/\libutils7.a
LOAD c:/toolchain_generic/6.2_2016q4/arm-eabi/lib/newlib-nano-2.1-nds/\libtoolchaingen7.a
LOAD c:/toolchain_generic/6.2_2016q4/arm-eabi/lib/newlib-nano-2.1-nds/\libhardware7.a
LOAD c:/toolchain_generic/6.2_2016q4/arm-eabi/lib/\libstdc++.a
LOAD c:/toolchain_generic/6.2_2016q4/arm-eabi/lib/newlib-nano-2.1-nds/\libcnano7.a
LOAD c:/toolchain_generic/6.2_2016q4/bin/../lib/gcc/arm-eabi/4.9.2\libgcc.a
START GROUP
LOAD c:/toolchain_generic/6.2_2016q4/bin/../lib/gcc/arm-eabi/4.9.2\libgcc.a
LOAD c:/toolchain_generic/6.2_2016q4/arm-eabi/lib/\libc.a
END GROUP
LOAD c:/toolchain_generic/6.2_2016q4/bin/../lib/gcc/arm-eabi/4.9.2/crtend.o
LOAD c:/toolchain_generic/6.2_2016q4/bin/../lib/gcc/arm-eabi/4.9.2/crtn.o
OUTPUT(build/arm7-nonstripped.elf elf32-littlearm)

.ARM.attributes
                0x00000000       0x2c
 .ARM.attributes
                0x00000000       0x20 ./build/nds_arm_ld_crt0.o
 .ARM.attributes
                0x00000020       0x16 c:/toolchain_generic/6.2_2016q4/bin/../lib/gcc/arm-eabi/4.9.2/crti.o
 .ARM.attributes
                0x00000036       0x30 c:/toolchain_generic/6.2_2016q4/bin/../lib/gcc/arm-eabi/4.9.2/crtbegin.o
 .ARM.attributes
                0x00000066       0x2c build/Interrupts_app7.o
 .ARM.attributes
                0x00000092       0x2c build/diskio_impl.o
 .ARM.attributes
                0x000000be       0x2c build/pff.o
 .ARM.attributes
                0x000000ea       0x2c build/dswnifi.o
 .ARM.attributes
                0x00000116       0x2c build/fileBrowse.o
 .ARM.attributes
                0x00000142       0x2c build/loader.o
 .ARM.attributes
                0x0000016e       0x20 build/ima_adpcm_decode.o
 .ARM.attributes
                0x0000018e       0x2c build/ima_adpcm.o
 .ARM.attributes
                0x000001ba       0x2c build/main.o
 .ARM.attributes
                0x000001e6       0x2c build/tinynew.o
 .ARM.attributes
                0x00000212       0x2c build/ipcfifoTGDSUser.o
 .ARM.attributes
                0x0000023e       0x26 c:/toolchain_generic/6.2_2016q4/arm-eabi/lib/newlib-nano-2.1-nds/\libutils7.a(xmem.o)
 .ARM.attributes
                0x00000264       0x30 c:/toolchain_generic/6.2_2016q4/arm-eabi/lib/newlib-nano-2.1-nds/\libtoolchaingen7.a(exceptionTGDS.o)
 .ARM.attributes
                0x00000294       0x30 c:/toolchain_generic/6.2_2016q4/arm-eabi/lib/newlib-nano-2.1-nds/\libtoolchaingen7.a(initNDSTGDS.o)
 .ARM.attributes
                0x000002c4       0x20 c:/toolchain_generic/6.2_2016q4/arm-eabi/lib/newlib-nano-2.1-nds/\libtoolchaingen7.a(exceptionTGDSasm.o)
 .ARM.attributes
                0x000002e4       0x20 c:/toolchain_generic/6.2_2016q4/arm-eabi/lib/newlib-nano-2.1-nds/\libtoolchaingen7.a(InterruptsARMCores_s.o)
 .ARM.attributes
                0x00000304       0x26 c:/toolchain_generic/6.2_2016q4/arm-eabi/lib/newlib-nano-2.1-nds/\libhardware7.a(InterruptsARMCores_c.o)
 .ARM.attributes
                0x0000032a       0x26 c:/toolchain_generic/6.2_2016q4/arm-eabi/lib/newlib-nano-2.1-nds/\libhardware7.a(biosTGDSC.o)
 .ARM.attributes
                0x00000350       0x26 c:/toolchain_generic/6.2_2016q4/arm-eabi/lib/newlib-nano-2.1-nds/\libhardware7.a(clockTGDS.o)
 .ARM.attributes
                0x00000376       0x26 c:/toolchain_generic/6.2_2016q4/arm-eabi/lib/newlib-nano-2.1-nds/\libhardware7.a(dldi.o)
 .ARM.attributes
                0x0000039c       0x26 c:/toolchain_generic/6.2_2016q4/arm-eabi/lib/newlib-nano-2.1-nds/\libhardware7.a(ipcfifoTGDS.o)
 .ARM.attributes
                0x000003c2       0x26 c:/toolchain_generic/6.2_2016q4/arm-eabi/lib/newlib-nano-2.1-nds/\libhardware7.a(powerTGDS.o)
 .ARM.attributes
                0x000003e8       0x26 c:/toolchain_generic/6.2_2016q4/arm-eabi/lib/newlib-nano-2.1-nds/\libhardware7.a(sd.twl.o)
 .ARM.attributes
                0x0000040e       0x26 c:/toolchain_generic/6.2_2016q4/arm-eabi/lib/newlib-nano-2.1-nds/\libhardware7.a(spifwTGDS.o)
 .ARM.attributes
                0x00000434       0x26 c:/toolchain_generic/6.2_2016q4/arm-eabi/lib/newlib-nano-2.1-nds/\libhardware7.a(spitscTGDS.o)
 .ARM.attributes
                0x0000045a       0x26 c:/toolchain_generic/6.2_2016q4/arm-eabi/lib/newlib-nano-2.1-nds/\libhardware7.a(usrsettingsTGDS.o)
 .ARM.attributes
                0x00000480       0x26 c:/toolchain_generic/6.2_2016q4/arm-eabi/lib/newlib-nano-2.1-nds/\libhardware7.a(utils.twl.o)
 .ARM.attributes
                0x000004a6       0x26 c:/toolchain_generic/6.2_2016q4/arm-eabi/lib/newlib-nano-2.1-nds/\libhardware7.a(utilsTGDS.o)
 .ARM.attributes
                0x000004cc       0x1a c:/toolchain_generic/6.2_2016q4/arm-eabi/lib/newlib-nano-2.1-nds/\libhardware7.a(biosTGDSAsm.o)
 .ARM.attributes
                0x000004e6       0x1a c:/toolchain_generic/6.2_2016q4/arm-eabi/lib/newlib-nano-2.1-nds/\libhardware7.a(debugNocash.o)
 .ARM.attributes
                0x00000500       0x26 c:/toolchain_generic/6.2_2016q4/arm-eabi/lib/newlib-nano-2.1-nds/\libhardware7.a(dmaTGDS.o)
 .ARM.attributes
                0x00000526       0x26 c:/toolchain_generic/6.2_2016q4/arm-eabi/lib/newlib-nano-2.1-nds/\libhardware7.a(spiTGDS.o)
 .ARM.attributes
                0x0000054c       0x30 c:/toolchain_generic/6.2_2016q4/arm-eabi/lib/\libstdc++.a(atexit_arm.o)
 .ARM.attributes
                0x0000057c       0x2a c:/toolchain_generic/6.2_2016q4/arm-eabi/lib/newlib-nano-2.1-nds/\libcnano7.a(__aeabi_idiv.o)
 .ARM.attributes
                0x000005a6       0x2a c:/toolchain_generic/6.2_2016q4/arm-eabi/lib/newlib-nano-2.1-nds/\libcnano7.a(__aeabi_uidiv.o)
 .ARM.attributes
                0x000005d0       0x2a c:/toolchain_generic/6.2_2016q4/arm-eabi/lib/newlib-nano-2.1-nds/\libcnano7.a(__udivmodsi4.o)
 .ARM.attributes
                0x000005fa       0x2a c:/toolchain_generic/6.2_2016q4/arm-eabi/lib/newlib-nano-2.1-nds/\libcnano7.a(cxa_atexit.o)
 .ARM.attributes
                0x00000624       0x2a c:/toolchain_generic/6.2_2016q4/arm-eabi/lib/newlib-nano-2.1-nds/\libcnano7.a(memcmp.o)
 .ARM.attributes
                0x0000064e       0x2a c:/toolchain_generic/6.2_2016q4/arm-eabi/lib/newlib-nano-2.1-nds/\libcnano7.a(memset.o)
 .ARM.attributes
                0x00000678       0x2a c:/toolchain_generic/6.2_2016q4/arm-eabi/lib/newlib-nano-2.1-nds/\libcnano7.a(strcpy.o)
 .ARM.attributes
                0x000006a2       0x1a c:/toolchain_generic/6.2_2016q4/arm-eabi/lib/newlib-nano-2.1-nds/\libcnano7.a(__aeabi_idivmod.o)
 .ARM.attributes
                0x000006bc       0x1a c:/toolchain_generic/6.2_2016q4/arm-eabi/lib/newlib-nano-2.1-nds/\libcnano7.a(__aeabi_uidivmod.o)
 .ARM.attributes
                0x000006d6       0x1a c:/toolchain_generic/6.2_2016q4/arm-eabi/lib/newlib-nano-2.1-nds/\libcnano7.a(arm-asm-memcpy.o)
 .ARM.attributes
                0x000006f0       0x2a c:/toolchain_generic/6.2_2016q4/arm-eabi/lib/newlib-nano-2.1-nds/\libcnano7.a(__atexit.o)
 .ARM.attributes
                0x0000071a       0x2a c:/toolchain_generic/6.2_2016q4/arm-eabi/lib/newlib-nano-2.1-nds/\libcnano7.a(impure.o)
 .ARM.attributes
                0x00000744       0x30 c:/toolchain_generic/6.2_2016q4/bin/../lib/gcc/arm-eabi/4.9.2/crtend.o
 .ARM.attributes
                0x00000774       0x18 c:/toolchain_generic/6.2_2016q4/bin/../lib/gcc/arm-eabi/4.9.2/crtn.o

.comment        0x00000000       0x11
 .comment       0x00000000       0x11 c:/toolchain_generic/6.2_2016q4/bin/../lib/gcc/arm-eabi/4.9.2/crtbegin.o
                                 0x12 (size before relaxing)
 .comment       0x00000000       0x12 build/Interrupts_app7.o
 .comment       0x00000000       0x12 build/diskio_impl.o
 .comment       0x00000000       0x12 build/pff.o
 .comment       0x00000000       0x12 build/dswnifi.o
 .comment       0x00000000       0x12 build/fileBrowse.o
 .comment       0x00000000       0x12 build/loader.o
 .comment       0x00000000       0x12 build/ima_adpcm.o
 .comment       0x00000000       0x12 build/main.o
 .comment       0x00000000       0x12 build/tinynew.o
 .comment       0x00000000       0x12 build/ipcfifoTGDSUser.o
 .comment       0x00000000       0x12 c:/toolchain_generic/6.2_2016q4/arm-eabi/lib/newlib-nano-2.1-nds/\libutils7.a(xmem.o)
 .comment       0x00000000       0x12 c:/toolchain_generic/6.2_2016q4/arm-eabi/lib/newlib-nano-2.1-nds/\libtoolchaingen7.a(exceptionTGDS.o)
 .comment       0x00000000       0x12 c:/toolchain_generic/6.2_2016q4/arm-eabi/lib/newlib-nano-2.1-nds/\libtoolchaingen7.a(initNDSTGDS.o)
 .comment       0x00000000       0x12 c:/toolchain_generic/6.2_2016q4/arm-eabi/lib/newlib-nano-2.1-nds/\libhardware7.a(InterruptsARMCores_c.o)
 .comment       0x00000000       0x12 c:/toolchain_generic/6.2_2016q4/arm-eabi/lib/newlib-nano-2.1-nds/\libhardware7.a(biosTGDSC.o)
 .comment       0x00000000       0x12 c:/toolchain_generic/6.2_2016q4/arm-eabi/lib/newlib-nano-2.1-nds/\libhardware7.a(clockTGDS.o)
 .comment       0x00000000       0x12 c:/toolchain_generic/6.2_2016q4/arm-eabi/lib/newlib-nano-2.1-nds/\libhardware7.a(dldi.o)
 .comment       0x00000000       0x12 c:/toolchain_generic/6.2_2016q4/arm-eabi/lib/newlib-nano-2.1-nds/\libhardware7.a(ipcfifoTGDS.o)
 .comment       0x00000000       0x12 c:/toolchain_generic/6.2_2016q4/arm-eabi/lib/newlib-nano-2.1-nds/\libhardware7.a(powerTGDS.o)
 .comment       0x00000000       0x12 c:/toolchain_generic/6.2_2016q4/arm-eabi/lib/newlib-nano-2.1-nds/\libhardware7.a(sd.twl.o)
 .comment       0x00000000       0x12 c:/toolchain_generic/6.2_2016q4/arm-eabi/lib/newlib-nano-2.1-nds/\libhardware7.a(spifwTGDS.o)
 .comment       0x00000000       0x12 c:/toolchain_generic/6.2_2016q4/arm-eabi/lib/newlib-nano-2.1-nds/\libhardware7.a(spitscTGDS.o)
 .comment       0x00000000       0x12 c:/toolchain_generic/6.2_2016q4/arm-eabi/lib/newlib-nano-2.1-nds/\libhardware7.a(usrsettingsTGDS.o)
 .comment       0x00000000       0x12 c:/toolchain_generic/6.2_2016q4/arm-eabi/lib/newlib-nano-2.1-nds/\libhardware7.a(utils.twl.o)
 .comment       0x00000000       0x12 c:/toolchain_generic/6.2_2016q4/arm-eabi/lib/newlib-nano-2.1-nds/\libhardware7.a(utilsTGDS.o)
 .comment       0x00000000       0x12 c:/toolchain_generic/6.2_2016q4/arm-eabi/lib/newlib-nano-2.1-nds/\libhardware7.a(dmaTGDS.o)
 .comment       0x00000000       0x12 c:/toolchain_generic/6.2_2016q4/arm-eabi/lib/newlib-nano-2.1-nds/\libhardware7.a(spiTGDS.o)
 .comment       0x00000000       0x12 c:/toolchain_generic/6.2_2016q4/arm-eabi/lib/\libstdc++.a(atexit_arm.o)
 .comment       0x00000000       0x12 c:/toolchain_generic/6.2_2016q4/arm-eabi/lib/newlib-nano-2.1-nds/\libcnano7.a(__aeabi_idiv.o)
 .comment       0x00000000       0x12 c:/toolchain_generic/6.2_2016q4/arm-eabi/lib/newlib-nano-2.1-nds/\libcnano7.a(__aeabi_uidiv.o)
 .comment       0x00000000       0x12 c:/toolchain_generic/6.2_2016q4/arm-eabi/lib/newlib-nano-2.1-nds/\libcnano7.a(__udivmodsi4.o)
 .comment       0x00000000       0x12 c:/toolchain_generic/6.2_2016q4/arm-eabi/lib/newlib-nano-2.1-nds/\libcnano7.a(cxa_atexit.o)
 .comment       0x00000000       0x12 c:/toolchain_generic/6.2_2016q4/arm-eabi/lib/newlib-nano-2.1-nds/\libcnano7.a(memcmp.o)
 .comment       0x00000000       0x12 c:/toolchain_generic/6.2_2016q4/arm-eabi/lib/newlib-nano-2.1-nds/\libcnano7.a(memset.o)
 .comment       0x00000000       0x12 c:/toolchain_generic/6.2_2016q4/arm-eabi/lib/newlib-nano-2.1-nds/\libcnano7.a(strcpy.o)
 .comment       0x00000000       0x12 c:/toolchain_generic/6.2_2016q4/arm-eabi/lib/newlib-nano-2.1-nds/\libcnano7.a(__atexit.o)
 .comment       0x00000000       0x12 c:/toolchain_generic/6.2_2016q4/arm-eabi/lib/newlib-nano-2.1-nds/\libcnano7.a(impure.o)
 .comment       0x00000000       0x12 c:/toolchain_generic/6.2_2016q4/bin/../lib/gcc/arm-eabi/4.9.2/crtend.o
