Archive member included because of file (symbol)

c:/toolchain_generic/6.2_2016q4/arm-eabi/lib/newlib-nano-2.1-nds/\libutils7i.a(xmem.o)
                              build/tinynew.o (TGDSARM7Malloc)
c:/toolchain_generic/6.2_2016q4/arm-eabi/lib/newlib-nano-2.1-nds/\libtoolchaingen7i.a(exceptionTGDS.o)
                              ./build/nds_arm_ld_crt0.o (exception_sysexit)
c:/toolchain_generic/6.2_2016q4/arm-eabi/lib/newlib-nano-2.1-nds/\libtoolchaingen7i.a(initNDSTGDS.o)
                              ./build/nds_arm_ld_crt0.o (initHardware)
c:/toolchain_generic/6.2_2016q4/arm-eabi/lib/newlib-nano-2.1-nds/\libtoolchaingen7i.a(exceptionTGDSasm.o)
                              c:/toolchain_generic/6.2_2016q4/arm-eabi/lib/newlib-nano-2.1-nds/\libtoolchaingen7i.a(exceptionTGDS.o) (DebugException)
c:/toolchain_generic/6.2_2016q4/arm-eabi/lib/newlib-nano-2.1-nds/\libtoolchaingen7i.a(InterruptsARMCores_s.o)
                              build/main.o (HaltUntilIRQ)
c:/toolchain_generic/6.2_2016q4/arm-eabi/lib/newlib-nano-2.1-nds/\libhardware7i.a(InterruptsARMCores_c.o)
                              c:/toolchain_generic/6.2_2016q4/arm-eabi/lib/newlib-nano-2.1-nds/\libtoolchaingen7i.a(initNDSTGDS.o) (IRQInit)
c:/toolchain_generic/6.2_2016q4/arm-eabi/lib/newlib-nano-2.1-nds/\libhardware7i.a(biosTGDSC.o)
                              build/main.o (handleARM7SVC)
c:/toolchain_generic/6.2_2016q4/arm-eabi/lib/newlib-nano-2.1-nds/\libhardware7i.a(dldi.o)
                              c:/toolchain_generic/6.2_2016q4/arm-eabi/lib/newlib-nano-2.1-nds/\libhardware7i.a(InterruptsARMCores_c.o) (DLDIARM7Address)
c:/toolchain_generic/6.2_2016q4/arm-eabi/lib/newlib-nano-2.1-nds/\libhardware7i.a(ipcfifoTGDS.o)
                              c:/toolchain_generic/6.2_2016q4/arm-eabi/lib/newlib-nano-2.1-nds/\libtoolchaingen7i.a(exceptionTGDS.o) (SendFIFOWordsITCM)
c:/toolchain_generic/6.2_2016q4/arm-eabi/lib/newlib-nano-2.1-nds/\libhardware7i.a(powerTGDS.o)
                              c:/toolchain_generic/6.2_2016q4/arm-eabi/lib/newlib-nano-2.1-nds/\libhardware7i.a(ipcfifoTGDS.o) (powerON)
c:/toolchain_generic/6.2_2016q4/arm-eabi/lib/newlib-nano-2.1-nds/\libhardware7i.a(sd.twl.o)
                              c:/toolchain_generic/6.2_2016q4/arm-eabi/lib/newlib-nano-2.1-nds/\libhardware7i.a(InterruptsARMCores_c.o) (sdio_IsInserted)
c:/toolchain_generic/6.2_2016q4/arm-eabi/lib/newlib-nano-2.1-nds/\libhardware7i.a(spifwTGDS.o)
                              c:/toolchain_generic/6.2_2016q4/arm-eabi/lib/newlib-nano-2.1-nds/\libhardware7i.a(ipcfifoTGDS.o) (PowerManagementDeviceWrite)
c:/toolchain_generic/6.2_2016q4/arm-eabi/lib/newlib-nano-2.1-nds/\libhardware7i.a(spitscTGDS.o)
                              c:/toolchain_generic/6.2_2016q4/arm-eabi/lib/newlib-nano-2.1-nds/\libhardware7i.a(InterruptsARMCores_c.o) (touchPenDown)
c:/toolchain_generic/6.2_2016q4/arm-eabi/lib/newlib-nano-2.1-nds/\libhardware7i.a(usrsettingsTGDS.o)
                              c:/toolchain_generic/6.2_2016q4/arm-eabi/lib/newlib-nano-2.1-nds/\libtoolchaingen7i.a(initNDSTGDS.o) (LoadFirmwareSettingsFromFlash)
c:/toolchain_generic/6.2_2016q4/arm-eabi/lib/newlib-nano-2.1-nds/\libhardware7i.a(utils.twl.o)
                              c:/toolchain_generic/6.2_2016q4/arm-eabi/lib/newlib-nano-2.1-nds/\libhardware7i.a(spitscTGDS.o) (cdcIsAvailable)
c:/toolchain_generic/6.2_2016q4/arm-eabi/lib/newlib-nano-2.1-nds/\libhardware7i.a(utilsTGDS.o)
                              c:/toolchain_generic/6.2_2016q4/arm-eabi/lib/newlib-nano-2.1-nds/\libhardware7i.a(ipcfifoTGDS.o) (reportTGDSPayloadMode7)
c:/toolchain_generic/6.2_2016q4/arm-eabi/lib/newlib-nano-2.1-nds/\libhardware7i.a(card.twl.o)
                              c:/toolchain_generic/6.2_2016q4/arm-eabi/lib/newlib-nano-2.1-nds/\libhardware7i.a(utilsTGDS.o) (twlEnableSlot1)
c:/toolchain_generic/6.2_2016q4/arm-eabi/lib/newlib-nano-2.1-nds/\libhardware7i.a(codec.twl.o)
                              c:/toolchain_generic/6.2_2016q4/arm-eabi/lib/newlib-nano-2.1-nds/\libhardware7i.a(spitscTGDS.o) (cdcTouchInit)
c:/toolchain_generic/6.2_2016q4/arm-eabi/lib/newlib-nano-2.1-nds/\libhardware7i.a(i2c.twl.o)
                              c:/toolchain_generic/6.2_2016q4/arm-eabi/lib/newlib-nano-2.1-nds/\libhardware7i.a(utilsTGDS.o) (i2cWriteRegister)
c:/toolchain_generic/6.2_2016q4/arm-eabi/lib/newlib-nano-2.1-nds/\libhardware7i.a(sdmmc.twl.o)
                              c:/toolchain_generic/6.2_2016q4/arm-eabi/lib/newlib-nano-2.1-nds/\libhardware7i.a(sd.twl.o) (deviceSD)
c:/toolchain_generic/6.2_2016q4/arm-eabi/lib/newlib-nano-2.1-nds/\libhardware7i.a(biosTGDSAsm.o)
                              c:/toolchain_generic/6.2_2016q4/arm-eabi/lib/newlib-nano-2.1-nds/\libtoolchaingen7i.a(initNDSTGDS.o) (swiDelay)
c:/toolchain_generic/6.2_2016q4/arm-eabi/lib/newlib-nano-2.1-nds/\libhardware7i.a(debugNocash.o)
[...]
Memory Configuration

Name             Origin             Length             Attributes
*default*        0x00000000         0xffffffff

Linker script and memory map

                0x03800000                _iwram_start = 0x3800000
                0x03810000                _iwram_end = (_iwram_start + 0x10000)
                0x0380fe00                sp_SVC = (_iwram_end - 0x200)
                0x0380fc00                sp_IRQ = (sp_SVC - 0x200)
                0x0380fa00                sp_FIQ = (sp_IRQ - 0x200)
                0x0380f800                sp_ABT = (sp_FIQ - 0x200)
                0x0380f600                sp_UND = (sp_ABT - 0x200)
                0x0380f400                sp_USR = (sp_UND - 0x200)
                0x0380f400                sp_SYS = sp_USR
                0x0380fff8                _arm7_irqcheckbits = 0x380fff8
                0x03ffffc0                __irq_flagsaux = 0x3ffffc0
                0x0380fffc                _arm7_irqhandler = 0x380fffc
                0x03800000                . = _iwram_start

.init           0x03800000      0x1e0
 *(.init.boot)
 *(.init)
 .init          0x03800000      0x1c8 ./build/nds_arm_ld_crt0.o
                0x03800000                _start
                0x0380009c                argvIntraTGDSMB
 .init          0x038001c8        0xc c:/toolchain_generic/6.2_2016q4/bin/../lib/gcc/arm-eabi/4.9.2/crti.o
                0x038001c8                _init
 .init          0x038001d4        0xc c:/toolchain_generic/6.2_2016q4/bin/../lib/gcc/arm-eabi/4.9.2/crtn.o
                0x038001e0                . = ALIGN (0x4)
                0x038001e0                . = ALIGN (0x4)

.text           0x038001e0      0xc00
 *(.text.boot)
 *(.text)
 .text          0x038001e0        0x0 ./build/nds_arm_ld_crt0.o
 .text          0x038001e0        0x0 c:/toolchain_generic/6.2_2016q4/bin/../lib/gcc/arm-eabi/4.9.2/crti.o
 .text          0x038001e0      0x108 c:/toolchain_generic/6.2_2016q4/bin/../lib/gcc/arm-eabi/4.9.2/crtbegin.o
 .text          0x038002e8        0x0 build/Interrupts_app7.o
 .text          0x038002e8        0x0 build/diskio_impl.o
 .text          0x038002e8        0x0 build/pff.o
 .text          0x038002e8        0x0 build/dswnifi.o
 .text          0x038002e8        0x0 build/fileBrowse.o
 .text          0x038002e8        0x0 build/loader.o
 .text          0x038002e8      0x3ac build/ima_adpcm_decode.o
                0x038002e8                decode_mono_ima_adpcm
                0x0380037c                decode_stereo_ima_adpcm
 .text          0x03800694        0x0 build/ima_adpcm.o
 .text          0x03800694        0x0 build/main.o
 .text          0x03800694        0x0 build/tinynew.o
 .text          0x03800694        0x0 build/ipcfifoTGDSUser.o
 .text          0x03800694        0x0 c:/toolchain_generic/6.2_2016q4/arm-eabi/lib/newlib-nano-2.1-nds/\libutils7i.a(xmem.o)
 .text          0x03800694        0x0 c:/toolchain_generic/6.2_2016q4/arm-eabi/lib/newlib-nano-2.1-nds/\libtoolchaingen7i.a(exceptionTGDS.o)
 .text          0x03800694        0x0 c:/toolchain_generic/6.2_2016q4/arm-eabi/lib/newlib-nano-2.1-nds/\libtoolchaingen7i.a(initNDSTGDS.o)
 .text          0x03800694      0x124 c:/toolchain_generic/6.2_2016q4/arm-eabi/lib/newlib-nano-2.1-nds/\libtoolchaingen7i.a(exceptionTGDSasm.o)
                0x03800694                DebugException
                0x03800714                CustomDebugException
                0x03800798                LeaveExceptionMode
 *fill*         0x038007b8        0x8 
 .text          0x038007c0       0x20 c:/toolchain_generic/6.2_2016q4/arm-eabi/lib/newlib-nano-2.1-nds/\libtoolchaingen7i.a(InterruptsARMCores_s.o)
                0x038007c0                HaltUntilIRQ
                0x038007c8                IRQWait
                0x038007d0                IRQVBlankWait
 .text          0x038007e0        0x0 c:/toolchain_generic/6.2_2016q4/arm-eabi/lib/newlib-nano-2.1-nds/\libhardware7i.a(InterruptsARMCores_c.o)
 .text          0x038007e0        0x0 c:/toolchain_generic/6.2_2016q4/arm-eabi/lib/newlib-nano-2.1-nds/\libhardware7i.a(biosTGDSC.o)
 .text          0x038007e0        0x0 c:/toolchain_generic/6.2_2016q4/arm-eabi/lib/newlib-nano-2.1-nds/\libhardware7i.a(dldi.o)
 .text          0x038007e0        0x0 c:/toolchain_generic/6.2_2016q4/arm-eabi/lib/newlib-nano-2.1-nds/\libhardware7i.a(ipcfifoTGDS.o)
 .text          0x038007e0        0x0 c:/toolchain_generic/6.2_2016q4/arm-eabi/lib/newlib-nano-2.1-nds/\libhardware7i.a(powerTGDS.o)
 .text          0x038007e0        0x0 c:/toolchain_generic/6.2_2016q4/arm-eabi/lib/newlib-nano-2.1-nds/\libhardware7i.a(sd.twl.o)
 .text          0x038007e0        0x0 c:/toolchain_generic/6.2_2016q4/arm-eabi/lib/newlib-nano-2.1-nds/\libhardware7i.a(spifwTGDS.o)
 .text          0x038007e0        0x0 c:/toolchain_generic/6.2_2016q4/arm-eabi/lib/newlib-nano-2.1-nds/\libhardware7i.a(spitscTGDS.o)
 .text          0x038007e0        0x0 c:/toolchain_generic/6.2_2016q4/arm-eabi/lib/newlib-nano-2.1-nds/\libhardware7i.a(usrsettingsTGDS.o)
 .text          0x038007e0        0x0 c:/toolchain_generic/6.2_2016q4/arm-eabi/lib/newlib-nano-2.1-nds/\libhardware7i.a(utils.twl.o)
 .text          0x038007e0        0x0 c:/toolchain_generic/6.2_2016q4/arm-eabi/lib/newlib-nano-2.1-nds/\libhardware7i.a(utilsTGDS.o)
 .text          0x038007e0        0x0 c:/toolchain_generic/6.2_2016q4/arm-eabi/lib/newlib-nano-2.1-nds/\libhardware7i.a(card.twl.o)
 .text          0x038007e0        0x0 c:/toolchain_generic/6.2_2016q4/arm-eabi/lib/newlib-nano-2.1-nds/\libhardware7i.a(codec.twl.o)
 .text          0x038007e0        0x0 c:/toolchain_generic/6.2_2016q4/arm-eabi/lib/newlib-nano-2.1-nds/\libhardware7i.a(i2c.twl.o)
 .text          0x038007e0        0x0 c:/toolchain_generic/6.2_2016q4/arm-eabi/lib/newlib-nano-2.1-nds/\libhardware7i.a(sdmmc.twl.o)
 .text          0x038007e0       0xd0 c:/toolchain_generic/6.2_2016q4/arm-eabi/lib/newlib-nano-2.1-nds/\libhardware7i.a(biosTGDSAsm.o)
                0x038007e0                swiDelay
                0x038007e8                swiCRC16
                0x038007f0                swiSleep
                0x038007f8                swiIsDebugger
                0x03800800                swiDivide
                0x03800808                swiRemainder
                0x03800814                swiDivMod
                0x0380082c                swiSqrt
                0x03800834                swiHalt
                0x0380083c                swiGetSineTable
                0x03800844                swiGetPitchTable
                0x0380084c                swiGetVolumeTable
                0x03800854                swiSetHaltCR
                0x03800860                swiChangeSoundBias
                0x03800868                swiSoftReset
                0x03800874                swiSoftResetByAddress
                0x03800890                swiDecompressLZSSWram
                0x03800898                swiDecompressLZSSVramByCallback
 .text          0x038008b0       0xa4 c:/toolchain_generic/6.2_2016q4/arm-eabi/lib/newlib-nano-2.1-nds/\libhardware7i.a(debugNocash.o)
                0x038008b0                nocashWrite
                0x038008b2                nocashMessage
 .text          0x03800954        0x0 c:/toolchain_generic/6.2_2016q4/arm-eabi/lib/newlib-nano-2.1-nds/\libhardware7i.a(dmaTGDS.o)
 .text          0x03800954        0x0 c:/toolchain_generic/6.2_2016q4/arm-eabi/lib/newlib-nano-2.1-nds/\libhardware7i.a(spiTGDS.o)
 .text          0x03800954        0x0 c:/toolchain_generic/6.2_2016q4/arm-eabi/lib/\libstdc++.a(atexit_arm.o)
 .text          0x03800954        0x0 c:/toolchain_generic/6.2_2016q4/arm-eabi/lib/newlib-nano-2.1-nds/\libcnano7.a(__aeabi_idiv.o)
 .text          0x03800954        0x0 c:/toolchain_generic/6.2_2016q4/arm-eabi/lib/newlib-nano-2.1-nds/\libcnano7.a(__aeabi_uidiv.o)
 .text          0x03800954        0x0 c:/toolchain_generic/6.2_2016q4/arm-eabi/lib/newlib-nano-2.1-nds/\libcnano7.a(__udivmodsi4.o)
 .text          0x03800954        0x0 c:/toolchain_generic/6.2_2016q4/arm-eabi/lib/newlib-nano-2.1-nds/\libcnano7.a(cxa_atexit.o)
 .text          0x03800954        0x0 c:/toolchain_generic/6.2_2016q4/arm-eabi/lib/newlib-nano-2.1-nds/\libcnano7.a(memcmp.o)
 .text          0x03800954        0x0 c:/toolchain_generic/6.2_2016q4/arm-eabi/lib/newlib-nano-2.1-nds/\libcnano7.a(memset.o)
 .text          0x03800954        0x0 c:/toolchain_generic/6.2_2016q4/arm-eabi/lib/newlib-nano-2.1-nds/\libcnano7.a(strcpy.o)
 .text          0x03800954      0x48c c:/toolchain_generic/6.2_2016q4/arm-eabi/lib/newlib-nano-2.1-nds/\libcnano7.a(arm-asm-memcpy.o)
                0x03800954                memcpy
 .text          0x03800de0        0x0 c:/toolchain_generic/6.2_2016q4/arm-eabi/lib/newlib-nano-2.1-nds/\libcnano7.a(__atexit.o)
 .text          0x03800de0        0x0 c:/toolchain_generic/6.2_2016q4/arm-eabi/lib/newlib-nano-2.1-nds/\libcnano7.a(impure.o)
 .text          0x03800de0        0x0 c:/toolchain_generic/6.2_2016q4/bin/../lib/gcc/arm-eabi/4.9.2/crtend.o
 .text          0x03800de0        0x0 c:/toolchain_generic/6.2_2016q4/bin/../lib/gcc/arm-eabi/4.9.2/crtn.o
                0x03800de0                . = ALIGN (0x4)

.glue_7         0x03800de0        0x0
 .glue_7        0x00000000        0x0 linker stubs

.glue_7t        0x03800de0        0x0
 .glue_7t       0x00000000        0x0 linker stubs

.vfp11_veneer   0x03800de0        0x0
 .vfp11_veneer  0x00000000        0x0 linker stubs

.v4_bx          0x03800de0        0x0
 .v4_bx         0x00000000        0x0 linker stubs

.iplt           0x03800de0        0x0
 .iplt          0x00000000        0x0 ./build/nds_arm_ld_crt0.o

.text.IpcSynchandlerUser
                0x03800de0        0x4
 .text.IpcSynchandlerUser
                0x03800de0        0x4 build/Interrupts_app7.o
                0x03800de0                IpcSynchandlerUser

.text.Timer0handlerUser
                0x03800de4        0x4
 .text.Timer0handlerUser
                0x03800de4        0x4 build/Interrupts_app7.o
                0x03800de4                Timer0handlerUser

.text.Timer1handlerUser
                0x03800de8        0x4
 .text.Timer1handlerUser
                0x03800de8        0x4 build/Interrupts_app7.o
                0x03800de8                Timer1handlerUser

.text.Timer2handlerUser
                0x03800dec       0x10
 .text.Timer2handlerUser
                0x03800dec       0x10 build/Interrupts_app7.o
                0x03800dec                Timer2handlerUser

.text.Timer3handlerUser
                0x03800dfc        0x4
 .text.Timer3handlerUser
                0x03800dfc        0x4 build/Interrupts_app7.o
                0x03800dfc                Timer3handlerUser

.text.HblankUser
                0x03800e00        0x4
 .text.HblankUser
                0x03800e00        0x4 build/Interrupts_app7.o
                0x03800e00                HblankUser

.text.VblankUser
                0x03800e04        0x4
 .text.VblankUser
                0x03800e04        0x4 build/Interrupts_app7.o
                0x03800e04                VblankUser

.text.VcounterUser
                0x03800e08        0x4
 .text.VcounterUser
                0x03800e08        0x4 build/Interrupts_app7.o
                0x03800e08                VcounterUser

.text.screenLidHasOpenedhandlerUser
                0x03800e0c       0x10
 .text.screenLidHasOpenedhandlerUser
                0x03800e0c       0x10 build/Interrupts_app7.o
                0x03800e0c                screenLidHasOpenedhandlerUser

.text.screenLidHasClosedhandlerUser
                0x03800e1c       0x10
 .text.screenLidHasClosedhandlerUser
                0x03800e1c       0x10 build/Interrupts_app7.o
                0x03800e1c                screenLidHasClosedhandlerUser

.text.disk_initialize
                0x03800e2c        0x8
 .text.disk_initialize
                0x03800e2c        0x8 build/diskio_impl.o
                0x03800e2c                disk_initialize

.text.disk_readp
                0x03800e34       0x50
 .text.disk_readp
                0x03800e34       0x50 build/diskio_impl.o
                0x03800e34                disk_readp

.text.get_fat.part.1
                0x03800e84      0x160
 .text.get_fat.part.1
                0x03800e84      0x160 build/pff.o

.text.follow_path
                0x03800fe4      0x410
 .text.follow_path
                0x03800fe4      0x410 build/pff.o
                0x03800fe4                follow_path

.text.pf_mount  0x038013f4      0x360
 .text.pf_mount
                0x038013f4      0x360 build/pff.o
                0x038013f4                pf_mount

.text.pf_open   0x03801754       0xd0
 .text.pf_open  0x03801754       0xd0 build/pff.o
                0x03801754                pf_open

.text.pf_read   0x03801824      0x174
 .text.pf_read  0x03801824      0x174 build/pff.o
                0x03801824                pf_read

.text.pf_size   0x03801998        0x8
 .text.pf_size  0x03801998        0x8 build/pff.o
                0x03801998                pf_size

.text.pf_tell   0x038019a0        0x8
 .text.pf_tell  0x038019a0        0x8 build/pff.o
                0x038019a0                pf_tell

.text.pf_lseek  0x038019a8      0x2a4
 .text.pf_lseek
                0x038019a8      0x2a4 build/pff.o
                0x038019a8                pf_lseek

.text.reloadNDSBootstub
                0x03801c4c       0xf4
 .text.reloadNDSBootstub
                0x03801c4c       0xf4 build/loader.o
                0x03801c4c                reloadNDSBootstub

.text._ZL13checkClippingi
                0x03801d40       0x30
 .text._ZL13checkClippingi
                0x03801d40       0x30 build/ima_adpcm.o

.text._ZN16IMA_Adpcm_Stream10stream_pcmEPsi
                0x03801d70      0x3d4
 .text._ZN16IMA_Adpcm_Stream10stream_pcmEPsi
                0x03801d70      0x3d4 build/ima_adpcm.o
                0x03801d70                _ZN16IMA_Adpcm_Stream10stream_pcmEPsi

.text._ZN16IMA_Adpcm_Stream5closeEv
                0x03802144       0x34
 .text._ZN16IMA_Adpcm_Stream5closeEv
                0x03802144       0x34 build/ima_adpcm.o
                0x03802144                _ZN16IMA_Adpcm_Stream5closeEv

.text._ZN16IMA_Adpcm_Stream13capture_frameEv
                0x03802178       0xb4
 .text._ZN16IMA_Adpcm_Stream13capture_frameEv
                0x03802178       0xb4 build/ima_adpcm.o
                0x03802178                _ZN16IMA_Adpcm_Stream13capture_frameEv

.text._ZN16IMA_Adpcm_Stream5fget8Ev
                0x0380222c       0x44
 .text._ZN16IMA_Adpcm_Stream5fget8Ev
                0x0380222c       0x44 build/ima_adpcm.o
                0x0380222c                _ZN16IMA_Adpcm_Stream5fget8Ev

.text._ZN16IMA_Adpcm_Stream6fget16Ev
                0x03802270       0x40
 .text._ZN16IMA_Adpcm_Stream6fget16Ev
                0x03802270       0x40 build/ima_adpcm.o
                0x03802270                _ZN16IMA_Adpcm_Stream6fget16Ev

.text._ZN16IMA_Adpcm_Stream6fget32Ev
                0x038022b0       0x40
 .text._ZN16IMA_Adpcm_Stream6fget32Ev
                0x038022b0       0x40 build/ima_adpcm.o
                0x038022b0                _ZN16IMA_Adpcm_Stream6fget32Ev

.text._ZN16IMA_Adpcm_Stream5resetEb
                0x038022f0      0x674
 .text._ZN16IMA_Adpcm_Stream5resetEb
                0x038022f0      0x674 build/ima_adpcm.o
                0x038022f0                _ZN16IMA_Adpcm_Stream5resetEb

.text._ZN16IMA_Adpcm_Stream4get8Ev
                0x03802964       0x40
 .text._ZN16IMA_Adpcm_Stream4get8Ev
                0x03802964       0x40 build/ima_adpcm.o
                0x03802964                _ZN16IMA_Adpcm_Stream4get8Ev

.text._ZN16IMA_Adpcm_Stream5get16Ev
                0x038029a4       0x40
 .text._ZN16IMA_Adpcm_Stream5get16Ev
                0x038029a4       0x40 build/ima_adpcm.o
                0x038029a4                _ZN16IMA_Adpcm_Stream5get16Ev

.text._ZN16IMA_Adpcm_Stream8getblockEv
                0x038029e4       0xb8
 .text._ZN16IMA_Adpcm_Stream8getblockEv
                0x038029e4       0xb8 build/ima_adpcm.o
                0x038029e4                _ZN16IMA_Adpcm_Stream8getblockEv

.text._ZN16IMA_Adpcm_Stream13restore_frameEv
                0x03802a9c       0xe4
 .text._ZN16IMA_Adpcm_Stream13restore_frameEv
                0x03802a9c       0xe4 build/ima_adpcm.o
                0x03802a9c                _ZN16IMA_Adpcm_Stream13restore_frameEv

.text._ZN16IMA_Adpcm_Stream10decode_imaEPsi
                0x03802b80      0x6a0
 .text._ZN16IMA_Adpcm_Stream10decode_imaEPsi
                0x03802b80      0x6a0 build/ima_adpcm.o
                0x03802b80                _ZN16IMA_Adpcm_Stream10decode_imaEPsi

.text._ZN16IMA_Adpcm_Stream6streamEPsi
                0x03803220       0x68
 .text._ZN16IMA_Adpcm_Stream6streamEPsi
                0x03803220       0x68 build/ima_adpcm.o
                0x03803220                _ZN16IMA_Adpcm_Stream6streamEPsi

.text._ZN16IMA_Adpcm_Stream12get_channelsEv
                0x03803288       0x2c
 .text._ZN16IMA_Adpcm_Stream12get_channelsEv
                0x03803288       0x2c build/ima_adpcm.o
                0x03803288                _ZN16IMA_Adpcm_Stream12get_channelsEv

.text._ZN16IMA_Adpcm_Stream17get_sampling_rateEv
                0x038032b4       0x2c
 .text._ZN16IMA_Adpcm_Stream17get_sampling_rateEv
                0x038032b4       0x2c build/ima_adpcm.o
                0x038032b4                _ZN16IMA_Adpcm_Stream17get_sampling_rateEv

.text._ZN16IMA_Adpcm_Player9setvolumeEi
                0x038032e0       0x38
 .text._ZN16IMA_Adpcm_Player9setvolumeEi
                0x038032e0       0x38 build/ima_adpcm.o
                0x038032e0                _ZN16IMA_Adpcm_Player9setvolumeEi

.text._ZN16IMA_Adpcm_Player4stopEv
                0x03803318       0x4c
 .text._ZN16IMA_Adpcm_Player4stopEv
                0x03803318       0x4c build/ima_adpcm.o
                0x03803318                _ZN16IMA_Adpcm_Player4stopEv

.text._ZN16IMA_Adpcm_Player16i_stream_requestEiPvi
                0x03803364       0xe0
 .text._ZN16IMA_Adpcm_Player16i_stream_requestEiPvi
                0x03803364       0xe0 build/ima_adpcm.o
                0x03803364                _ZN16IMA_Adpcm_Player16i_stream_requestEiPvi

.text.IMAADPCMDecode
                0x03803444      0x1d0
 .text.IMAADPCMDecode
                0x03803444      0x1d0 build/ima_adpcm.o
                0x03803444                IMAADPCMDecode

.text.setupSoundTGDSVideoPlayerARM7
                0x03803614      0x1cc
 .text.setupSoundTGDSVideoPlayerARM7
                0x03803614      0x1cc build/ima_adpcm.o
                0x03803614                setupSoundTGDSVideoPlayerARM7

.text._ZN16IMA_Adpcm_Player4playEbbiPFbvEP5FATFSi
                0x038037e0      0x1a8
 .text._ZN16IMA_Adpcm_Player4playEbbiPFbvEP5FATFSi
                0x038037e0      0x1a8 build/ima_adpcm.o
                0x038037e0                _ZN16IMA_Adpcm_Player4playEbbiPFbvEP5FATFSi

.text.timerAudioCallback
                0x03803988      0x500
 .text.timerAudioCallback
                0x03803988      0x500 build/ima_adpcm.o
                0x03803988                timerAudioCallback

.text.stopSoundStreamUser
                0x03803e88        0x4
 .text.stopSoundStreamUser
                0x03803e88        0x4 build/main.o
                0x03803e88                stopSoundStreamUser

.text.playSoundStreamARM7
                0x03803e8c      0x1e0
 .text.playSoundStreamARM7
                0x03803e8c      0x1e0 build/main.o
                0x03803e8c                playSoundStreamARM7

.text.main      0x0380406c       0x38
 .text.main     0x0380406c       0x38 build/main.o
                0x0380406c                main

.text.playerStopARM7
                0x038040a4      0x178
 .text.playerStopARM7
                0x038040a4      0x178 build/main.o
                0x038040a4                playerStopARM7

.text.getsIPCSharedTGDSSpecific
                0x0380421c        0xc
 .text.getsIPCSharedTGDSSpecific
                0x0380421c        0xc build/ipcfifoTGDSUser.o
                0x0380421c                getsIPCSharedTGDSSpecific

.text.HandleFifoNotEmptyWeakRef
                0x03804228       0x3c
 .text.HandleFifoNotEmptyWeakRef
                0x03804228       0x3c build/ipcfifoTGDSUser.o
                0x03804228                HandleFifoNotEmptyWeakRef

.text.HandleFifoEmptyWeakRef
                0x03804264        0x4
 .text.HandleFifoEmptyWeakRef
                0x03804264        0x4 build/ipcfifoTGDSUser.o
                0x03804264                HandleFifoEmptyWeakRef

.text.setupLibUtils
                0x03804268       0x44
 .text.setupLibUtils
                0x03804268       0x44 build/ipcfifoTGDSUser.o
                0x03804268                setupLibUtils

.text.XmemSetup
                0x038042ac       0x1c
 .text.XmemSetup
                0x038042ac       0x1c c:/toolchain_generic/6.2_2016q4/arm-eabi/lib/newlib-nano-2.1-nds/\libutils7i.a(xmem.o)
                0x038042ac                XmemSetup

.text.XmemInit  0x038042c8      0x120
 .text.XmemInit
                0x038042c8      0x120 c:/toolchain_generic/6.2_2016q4/arm-eabi/lib/newlib-nano-2.1-nds/\libutils7i.a(xmem.o)
                0x038042c8                XmemInit

.text.setTGDSARM7MallocBaseAddress
                0x038043e8       0x2c
 .text.setTGDSARM7MallocBaseAddress
                0x038043e8       0x2c c:/toolchain_generic/6.2_2016q4/arm-eabi/lib/newlib-nano-2.1-nds/\libutils7i.a(xmem.o)
                0x038043e8                setTGDSARM7MallocBaseAddress

.text.initARM7Malloc
                0x03804414       0x98
 .text.initARM7Malloc
                0x03804414       0x98 c:/toolchain_generic/6.2_2016q4/arm-eabi/lib/newlib-nano-2.1-nds/\libutils7i.a(xmem.o)
                0x03804414                initARM7Malloc

.text.setupDefaultExceptionHandler
                0x038044ac       0x18
 .text.setupDefaultExceptionHandler
                0x038044ac       0x18 c:/toolchain_generic/6.2_2016q4/arm-eabi/lib/newlib-nano-2.1-nds/\libtoolchaingen7i.a(exceptionTGDS.o)
                0x038044ac                setupDefaultExceptionHandler

.text.exception_sysexit
                0x038044c4       0x28
 .text.exception_sysexit
                0x038044c4       0x28 c:/toolchain_generic/6.2_2016q4/arm-eabi/lib/newlib-nano-2.1-nds/\libtoolchaingen7i.a(exceptionTGDS.o)
                0x038044c4                exception_sysexit

.text.generalARMExceptionHandler
                0x038044ec       0x20
 .text.generalARMExceptionHandler
                0x038044ec       0x20 c:/toolchain_generic/6.2_2016q4/arm-eabi/lib/newlib-nano-2.1-nds/\libtoolchaingen7i.a(exceptionTGDS.o)
                0x038044ec                generalARMExceptionHandler

.text.resetMemory_ARMCores
                0x0380450c       0xf8
 .text.resetMemory_ARMCores
                0x0380450c       0xf8 c:/toolchain_generic/6.2_2016q4/arm-eabi/lib/newlib-nano-2.1-nds/\libtoolchaingen7i.a(initNDSTGDS.o)
                0x0380450c                resetMemory_ARMCores

.text.initHardware
                0x03804604      0x100
 .text.initHardware
                0x03804604      0x100 c:/toolchain_generic/6.2_2016q4/arm-eabi/lib/newlib-nano-2.1-nds/\libtoolchaingen7i.a(initNDSTGDS.o)
                0x03804604                initHardware

.text.receiveByteIPC
                0x03804704       0x14
 .text.receiveByteIPC
                0x03804704       0x14 c:/toolchain_generic/6.2_2016q4/arm-eabi/lib/newlib-nano-2.1-nds/\libhardware7i.a(InterruptsARMCores_c.o)

.text.IRQInit   0x03804718      0x130
 .text.IRQInit  0x03804718      0x120 c:/toolchain_generic/6.2_2016q4/arm-eabi/lib/newlib-nano-2.1-nds/\libhardware7i.a(InterruptsARMCores_c.o)
                0x03804718                IRQInit
 .text.IRQInit.__stub
                0x03804838        0xc linker stubs

.twl            0x03804848       0x5c
 .twl           0x03804848       0x5c c:/toolchain_generic/6.2_2016q4/arm-eabi/lib/newlib-nano-2.1-nds/\libhardware7i.a(InterruptsARMCores_c.o)
                0x03804848                i2cIRQHandler
                0x0380487c                irqDisableAUX
                0x03804890                irqEnableAUX

.text.NDS_IRQHandler
                0x038048a4      0x944
 .text.NDS_IRQHandler
                0x038048a4      0x944 c:/toolchain_generic/6.2_2016q4/arm-eabi/lib/newlib-nano-2.1-nds/\libhardware7i.a(InterruptsARMCores_c.o)
                0x038048a4                NDS_IRQHandler

.text.handleARM7SVC
                0x038051e8       0x4c
 .text.handleARM7SVC
                0x038051e8       0x4c c:/toolchain_generic/6.2_2016q4/arm-eabi/lib/newlib-nano-2.1-nds/\libhardware7i.a(biosTGDSC.o)
                0x038051e8                handleARM7SVC

.text.handleARM7InitSVC
                0x03805234       0x14
 .text.handleARM7InitSVC
                0x03805234       0x14 c:/toolchain_generic/6.2_2016q4/arm-eabi/lib/newlib-nano-2.1-nds/\libhardware7i.a(biosTGDSC.o)
                0x03805234                handleARM7InitSVC

.text.dldiGet   0x03805248       0x30
 .text.dldiGet  0x03805248       0x30 c:/toolchain_generic/6.2_2016q4/arm-eabi/lib/newlib-nano-2.1-nds/\libhardware7i.a(dldi.o)
                0x03805248                dldiGet

.text.dldi_handler_init
                0x03805278       0x78
 .text.dldi_handler_init
                0x03805278       0x78 c:/toolchain_generic/6.2_2016q4/arm-eabi/lib/newlib-nano-2.1-nds/\libhardware7i.a(dldi.o)
                0x03805278                dldi_handler_init

.text.dldi_handler_read_sectors
                0x038052f0       0x9c
 .text.dldi_handler_read_sectors
                0x038052f0       0x9c c:/toolchain_generic/6.2_2016q4/arm-eabi/lib/newlib-nano-2.1-nds/\libhardware7i.a(dldi.o)
                0x038052f0                dldi_handler_read_sectors

.text.checkClipping
                0x0380538c       0x30
 .text.checkClipping
                0x0380538c       0x30 c:/toolchain_generic/6.2_2016q4/arm-eabi/lib/newlib-nano-2.1-nds/\libhardware7i.a(ipcfifoTGDS.o)

.text.reloadARMCore
                0x038053bc       0x40
 .text.reloadARMCore
                0x038053bc       0x40 c:/toolchain_generic/6.2_2016q4/arm-eabi/lib/newlib-nano-2.1-nds/\libhardware7i.a(ipcfifoTGDS.o)

.text.getsIPCSharedTGDS
                0x038053fc        0xc
 .text.getsIPCSharedTGDS
                0x038053fc        0xc c:/toolchain_generic/6.2_2016q4/arm-eabi/lib/newlib-nano-2.1-nds/\libhardware7i.a(ipcfifoTGDS.o)
                0x038053fc                getsIPCSharedTGDS

.text.SendFIFOWordsITCM
                0x03805408       0x3c
 .text.SendFIFOWordsITCM
                0x03805408       0x3c c:/toolchain_generic/6.2_2016q4/arm-eabi/lib/newlib-nano-2.1-nds/\libhardware7i.a(ipcfifoTGDS.o)
                0x03805408                SendFIFOWordsITCM

.text.HandleFifoEmpty
                0x03805444       0x20
 .text.HandleFifoEmpty
                0x03805444       0x20 c:/toolchain_generic/6.2_2016q4/arm-eabi/lib/newlib-nano-2.1-nds/\libhardware7i.a(ipcfifoTGDS.o)
                0x03805444                HandleFifoEmpty

.text.HandleFifoNotEmpty
                0x03805464      0xb98
 .text.HandleFifoNotEmpty
                0x03805464      0xb98 c:/toolchain_generic/6.2_2016q4/arm-eabi/lib/newlib-nano-2.1-nds/\libhardware7i.a(ipcfifoTGDS.o)
                0x03805464                HandleFifoNotEmpty

.text.powerON   0x03805ffc       0x20
 .text.powerON  0x03805ffc       0x20 c:/toolchain_generic/6.2_2016q4/arm-eabi/lib/newlib-nano-2.1-nds/\libhardware7i.a(powerTGDS.o)
                0x03805ffc                powerON

.text.powerOFF  0x0380601c       0x18
 .text.powerOFF
                0x0380601c       0x18 c:/toolchain_generic/6.2_2016q4/arm-eabi/lib/newlib-nano-2.1-nds/\libhardware7i.a(powerTGDS.o)
                0x0380601c                powerOFF

.text.SoundPowerON
                0x03806034       0x50
 .text.SoundPowerON
                0x03806034       0x50 c:/toolchain_generic/6.2_2016q4/arm-eabi/lib/newlib-nano-2.1-nds/\libhardware7i.a(powerTGDS.o)
                0x03806034                SoundPowerON

.text.sdio_IsInserted
                0x03806084       0x1c
 .text.sdio_IsInserted
                0x03806084       0x1c c:/toolchain_generic/6.2_2016q4/arm-eabi/lib/newlib-nano-2.1-nds/\libhardware7i.a(sd.twl.o)
                0x03806084                sdio_IsInserted

.text.sdio_Startup
                0x038060a0       0x3c
 .text.sdio_Startup
                0x038060a0       0x3c c:/toolchain_generic/6.2_2016q4/arm-eabi/lib/newlib-nano-2.1-nds/\libhardware7i.a(sd.twl.o)
                0x038060a0                sdio_Startup

.itcm           0x038060dc       0xb0
 .itcm          0x038060dc       0xb0 c:/toolchain_generic/6.2_2016q4/arm-eabi/lib/newlib-nano-2.1-nds/\libhardware7i.a(sd.twl.o)
                0x038060dc                sdio_ReadSectors
                0x03806134                sdio_WriteSectors

.text.readFirmwareSPI
                0x0380618c       0x88
 .text.readFirmwareSPI
                0x0380618c       0x88 c:/toolchain_generic/6.2_2016q4/arm-eabi/lib/newlib-nano-2.1-nds/\libhardware7i.a(spifwTGDS.o)
                0x0380618c                readFirmwareSPI

.text.PowerManagementDeviceWrite
                0x03806214       0x78
 .text.PowerManagementDeviceWrite
                0x03806214       0x78 c:/toolchain_generic/6.2_2016q4/arm-eabi/lib/newlib-nano-2.1-nds/\libhardware7i.a(spifwTGDS.o)
                0x03806214                PowerManagementDeviceWrite

.text.PowerManagementDeviceRead
                0x0380628c        0xc
 .text.PowerManagementDeviceRead
                0x0380628c        0xc c:/toolchain_generic/6.2_2016q4/arm-eabi/lib/newlib-nano-2.1-nds/\libhardware7i.a(spifwTGDS.o)
                0x0380628c                PowerManagementDeviceRead

.text.SerialWaitBusy
                0x03806298       0x34
 .text.SerialWaitBusy
                0x03806298       0x34 c:/toolchain_generic/6.2_2016q4/arm-eabi/lib/newlib-nano-2.1-nds/\libhardware7i.a(spitscTGDS.o)

.text.CheckStylus
                0x038062cc      0x148
 .text.CheckStylus
                0x038062cc      0x148 c:/toolchain_generic/6.2_2016q4/arm-eabi/lib/newlib-nano-2.1-nds/\libhardware7i.a(spitscTGDS.o)
                0x038062cc                CheckStylus

.text.readTouchValue
                0x03806414      0x4b0
 .text.readTouchValue
                0x03806414      0x4b0 c:/toolchain_generic/6.2_2016q4/arm-eabi/lib/newlib-nano-2.1-nds/\libhardware7i.a(spitscTGDS.o)
                0x03806414                readTouchValue

.text.UpdateRange
                0x038068c4      0x18c
 .text.UpdateRange
                0x038068c4      0x18c c:/toolchain_generic/6.2_2016q4/arm-eabi/lib/newlib-nano-2.1-nds/\libhardware7i.a(spitscTGDS.o)
                0x038068c4                UpdateRange

.text.touchPenDown
                0x03806a50       0x50
 .text.touchPenDown
                0x03806a50       0x50 c:/toolchain_generic/6.2_2016q4/arm-eabi/lib/newlib-nano-2.1-nds/\libhardware7i.a(spitscTGDS.o)
                0x03806a50                touchPenDown

.text.touchReadXY
                0x03806aa0      0x68c
 .text.touchReadXY
                0x03806aa0      0x68c c:/toolchain_generic/6.2_2016q4/arm-eabi/lib/newlib-nano-2.1-nds/\libhardware7i.a(spitscTGDS.o)
                0x03806aa0                touchReadXY

.text.TWLSetTouchscreenTWLMode
                0x0380712c       0x60
 .text.TWLSetTouchscreenTWLMode
                0x0380712c       0x60 c:/toolchain_generic/6.2_2016q4/arm-eabi/lib/newlib-nano-2.1-nds/\libhardware7i.a(spitscTGDS.o)
                0x0380712c                TWLSetTouchscreenTWLMode

.text.TWLSetTouchscreenNTRMode
                0x0380718c       0x60
 .text.TWLSetTouchscreenNTRMode
                0x0380718c       0x60 c:/toolchain_generic/6.2_2016q4/arm-eabi/lib/newlib-nano-2.1-nds/\libhardware7i.a(spitscTGDS.o)
                0x0380718c                TWLSetTouchscreenNTRMode

.text.ParseFWSettings
                0x038071ec       0x74
 .text.ParseFWSettings
                0x038071ec       0x74 c:/toolchain_generic/6.2_2016q4/arm-eabi/lib/newlib-nano-2.1-nds/\libhardware7i.a(usrsettingsTGDS.o)
                0x038071ec                ParseFWSettings

.text.LoadFirmwareSettingsFromFlash
                0x03807260       0xe4
 .text.LoadFirmwareSettingsFromFlash
                0x03807260       0xe4 c:/toolchain_generic/6.2_2016q4/arm-eabi/lib/newlib-nano-2.1-nds/\libhardware7i.a(usrsettingsTGDS.o)
                0x03807260                LoadFirmwareSettingsFromFlash

.text.cdcIsAvailable
                0x03807344       0x10
 .text.cdcIsAvailable
                0x03807344       0x10 c:/toolchain_generic/6.2_2016q4/arm-eabi/lib/newlib-nano-2.1-nds/\libhardware7i.a(utils.twl.o)
                0x03807344                cdcIsAvailable

.text.reportTGDSPayloadMode7
                0x03807354       0x1c
 .text.reportTGDSPayloadMode7
                0x03807354       0x1c c:/toolchain_generic/6.2_2016q4/arm-eabi/lib/newlib-nano-2.1-nds/\libhardware7i.a(utilsTGDS.o)
                0x03807354                reportTGDSPayloadMode7

.text.isDSiMode
                0x03807370       0x10
 .text.isDSiMode
                0x03807370       0x10 c:/toolchain_generic/6.2_2016q4/arm-eabi/lib/newlib-nano-2.1-nds/\libhardware7i.a(utilsTGDS.o)
                0x03807370                isDSiMode

.text.ucs2tombs
                0x03807380      0x1f4
 .text.ucs2tombs
                0x03807380      0x1f4 c:/toolchain_generic/6.2_2016q4/arm-eabi/lib/newlib-nano-2.1-nds/\libhardware7i.a(utilsTGDS.o)
                0x03807380                ucs2tombs

.text.shutdownNDSHardware
                0x03807574       0x2c
 .text.shutdownNDSHardware
                0x03807574       0x2c c:/toolchain_generic/6.2_2016q4/arm-eabi/lib/newlib-nano-2.1-nds/\libhardware7i.a(utilsTGDS.o)
                0x03807574                shutdownNDSHardware

.text.setBacklight
                0x038075a0       0x30
 .text.setBacklight
                0x038075a0       0x30 c:/toolchain_generic/6.2_2016q4/arm-eabi/lib/newlib-nano-2.1-nds/\libhardware7i.a(utilsTGDS.o)
                0x038075a0                setBacklight

.text.getValueSafe
                0x038075d0        0x8
 .text.getValueSafe
                0x038075d0        0x8 c:/toolchain_generic/6.2_2016q4/arm-eabi/lib/newlib-nano-2.1-nds/\libhardware7i.a(utilsTGDS.o)
                0x038075d0                getValueSafe

.text.setValueSafe
                0x038075d8        0x8
 .text.setValueSafe
                0x038075d8        0x8 c:/toolchain_generic/6.2_2016q4/arm-eabi/lib/newlib-nano-2.1-nds/\libhardware7i.a(utilsTGDS.o)
                0x038075d8                setValueSafe

.text.getValueSafeInt
                0x038075e0        0x8
 .text.getValueSafeInt
                0x038075e0        0x8 c:/toolchain_generic/6.2_2016q4/arm-eabi/lib/newlib-nano-2.1-nds/\libhardware7i.a(utilsTGDS.o)
                0x038075e0                getValueSafeInt

.text.enableSlot1
                0x038075e8       0x20
 .text.enableSlot1
                0x038075e8       0x20 c:/toolchain_generic/6.2_2016q4/arm-eabi/lib/newlib-nano-2.1-nds/\libhardware7i.a(utilsTGDS.o)
                0x038075e8                enableSlot1

.text.disableSlot1
                0x03807608       0x20
 .text.disableSlot1
                0x03807608       0x20 c:/toolchain_generic/6.2_2016q4/arm-eabi/lib/newlib-nano-2.1-nds/\libhardware7i.a(utilsTGDS.o)
                0x03807608                disableSlot1

.text.enterCriticalSection
                0x03807628       0x18
 .text.enterCriticalSection
                0x03807628       0x18 c:/toolchain_generic/6.2_2016q4/arm-eabi/lib/newlib-nano-2.1-nds/\libhardware7i.a(utilsTGDS.o)
                0x03807628                enterCriticalSection

.text.leaveCriticalSection
                0x03807640       0x18
 .text.leaveCriticalSection
                0x03807640       0x18 c:/toolchain_generic/6.2_2016q4/arm-eabi/lib/newlib-nano-2.1-nds/\libhardware7i.a(utilsTGDS.o)
                0x03807640                leaveCriticalSection

.text.PowerChip_ReadWrite
                0x03807658       0x84
 .text.PowerChip_ReadWrite
                0x03807658       0x84 c:/toolchain_generic/6.2_2016q4/arm-eabi/lib/newlib-nano-2.1-nds/\libhardware7i.a(utilsTGDS.o)
                0x03807658                PowerChip_ReadWrite

.text.SetLedState.part.0
                0x038076dc       0x34
 .text.SetLedState.part.0
                0x038076dc       0x34 c:/toolchain_generic/6.2_2016q4/arm-eabi/lib/newlib-nano-2.1-nds/\libhardware7i.a(utilsTGDS.o)

.text.TurnOnScreens
                0x03807710       0x34
 .text.TurnOnScreens
                0x03807710       0x34 c:/toolchain_generic/6.2_2016q4/arm-eabi/lib/newlib-nano-2.1-nds/\libhardware7i.a(utilsTGDS.o)
                0x03807710                TurnOnScreens

.text.TurnOffScreens
                0x03807744       0x30
 .text.TurnOffScreens
                0x03807744       0x30 c:/toolchain_generic/6.2_2016q4/arm-eabi/lib/newlib-nano-2.1-nds/\libhardware7i.a(utilsTGDS.o)
                0x03807744                TurnOffScreens

.text.initSound
                0x03807774       0x14
 .text.initSound
                0x03807774       0x14 c:/toolchain_generic/6.2_2016q4/arm-eabi/lib/newlib-nano-2.1-nds/\libhardware7i.a(utilsTGDS.o)
                0x03807774                initSound

.text.initializeLibUtils7
                0x03807788       0x8c
 .text.initializeLibUtils7
                0x03807788       0x8c c:/toolchain_generic/6.2_2016q4/arm-eabi/lib/newlib-nano-2.1-nds/\libhardware7i.a(utilsTGDS.o)
                0x03807788                initializeLibUtils7

.text.disableTGDSDebugging
                0x03807814       0x14
 .text.disableTGDSDebugging
                0x03807814       0x14 c:/toolchain_generic/6.2_2016q4/arm-eabi/lib/newlib-nano-2.1-nds/\libhardware7i.a(utilsTGDS.o)
                0x03807814                disableTGDSDebugging

.text.twlEnableSlot1
                0x03807828       0x8c
 .text.twlEnableSlot1
                0x03807828       0x8c c:/toolchain_generic/6.2_2016q4/arm-eabi/lib/newlib-nano-2.1-nds/\libhardware7i.a(card.twl.o)
                0x03807828                twlEnableSlot1

.text.twlDisableSlot1
                0x038078b4       0x9c
 .text.twlDisableSlot1
                0x038078b4       0x9c c:/toolchain_generic/6.2_2016q4/arm-eabi/lib/newlib-nano-2.1-nds/\libhardware7i.a(card.twl.o)
                0x038078b4                twlDisableSlot1

.text.readTSCTWL
                0x03807950       0x6c
 .text.readTSCTWL
                0x03807950       0x6c c:/toolchain_generic/6.2_2016q4/arm-eabi/lib/newlib-nano-2.1-nds/\libhardware7i.a(codec.twl.o)

.text.bankSwitchTSC
                0x038079bc       0x74
 .text.bankSwitchTSC
                0x038079bc       0x74 c:/toolchain_generic/6.2_2016q4/arm-eabi/lib/newlib-nano-2.1-nds/\libhardware7i.a(codec.twl.o)

.text.cdcReadRegArray
                0x03807a30       0xd4
 .text.cdcReadRegArray
                0x03807a30       0xd4 c:/toolchain_generic/6.2_2016q4/arm-eabi/lib/newlib-nano-2.1-nds/\libhardware7i.a(codec.twl.o)
                0x03807a30                cdcReadRegArray

.text.cdcWriteReg
                0x03807b04       0x60
 .text.cdcWriteReg
                0x03807b04       0x60 c:/toolchain_generic/6.2_2016q4/arm-eabi/lib/newlib-nano-2.1-nds/\libhardware7i.a(codec.twl.o)
                0x03807b04                cdcWriteReg

.text.cdcWriteRegMask
                0x03807b64       0x7c
 .text.cdcWriteRegMask
                0x03807b64       0x7c c:/toolchain_generic/6.2_2016q4/arm-eabi/lib/newlib-nano-2.1-nds/\libhardware7i.a(codec.twl.o)
                0x03807b64                cdcWriteRegMask

.text.cdcTouchInit
                0x03807be0       0xdc
 .text.cdcTouchInit
                0x03807be0       0xdc c:/toolchain_generic/6.2_2016q4/arm-eabi/lib/newlib-nano-2.1-nds/\libhardware7i.a(codec.twl.o)
                0x03807be0                cdcTouchInit

.text.cdcTouchPenDown
                0x03807cbc       0x48
 .text.cdcTouchPenDown
                0x03807cbc       0x48 c:/toolchain_generic/6.2_2016q4/arm-eabi/lib/newlib-nano-2.1-nds/\libhardware7i.a(codec.twl.o)
                0x03807cbc                cdcTouchPenDown

.text.cdcTouchRead
                0x03807d04       0xe0
 .text.cdcTouchRead
                0x03807d04       0xe0 c:/toolchain_generic/6.2_2016q4/arm-eabi/lib/newlib-nano-2.1-nds/\libhardware7i.a(codec.twl.o)
                0x03807d04                cdcTouchRead

.text.i2cStop   0x03807de4       0x80
 .text.i2cStop  0x03807de4       0x80 c:/toolchain_generic/6.2_2016q4/arm-eabi/lib/newlib-nano-2.1-nds/\libhardware7i.a(i2c.twl.o)
                0x03807de4                i2cStop

.text.i2cSelectRegister
                0x03807e64       0x64
 .text.i2cSelectRegister
                0x03807e64       0x64 c:/toolchain_generic/6.2_2016q4/arm-eabi/lib/newlib-nano-2.1-nds/\libhardware7i.a(i2c.twl.o)
                0x03807e64                i2cSelectRegister

.text.i2cWriteRegister
                0x03807ec8       0xf0
 .text.i2cWriteRegister
                0x03807ec8       0xf0 c:/toolchain_generic/6.2_2016q4/arm-eabi/lib/newlib-nano-2.1-nds/\libhardware7i.a(i2c.twl.o)
                0x03807ec8                i2cWriteRegister

.text.i2cReadRegister
                0x03807fb8      0x13c
 .text.i2cReadRegister
                0x03807fb8      0x13c c:/toolchain_generic/6.2_2016q4/arm-eabi/lib/newlib-nano-2.1-nds/\libhardware7i.a(i2c.twl.o)
                0x03807fb8                i2cReadRegister

.text.setTarget
                0x038080f4       0x84
 .text.setTarget
                0x038080f4       0x84 c:/toolchain_generic/6.2_2016q4/arm-eabi/lib/newlib-nano-2.1-nds/\libhardware7i.a(sdmmc.twl.o)
                0x038080f4                setTarget

.text.sdmmc_send_command
                0x03808178      0x374
 .text.sdmmc_send_command
                0x03808178      0x374 c:/toolchain_generic/6.2_2016q4/arm-eabi/lib/newlib-nano-2.1-nds/\libhardware7i.a(sdmmc.twl.o)
                0x03808178                sdmmc_send_command

.text.sdmmc_controller_init
                0x038084ec      0x150
 .text.sdmmc_controller_init
                0x038084ec      0x150 c:/toolchain_generic/6.2_2016q4/arm-eabi/lib/newlib-nano-2.1-nds/\libhardware7i.a(sdmmc.twl.o)
                0x038084ec                sdmmc_controller_init

.text.sdmmc_sdcard_init
                0x0380863c      0x3dc
 .text.sdmmc_sdcard_init
                0x0380863c      0x3dc c:/toolchain_generic/6.2_2016q4/arm-eabi/lib/newlib-nano-2.1-nds/\libhardware7i.a(sdmmc.twl.o)
                0x0380863c                sdmmc_sdcard_init

.text.sdmmc_readsectors
                0x03808a18       0x8c
 .text.sdmmc_readsectors
                0x03808a18       0x8c c:/toolchain_generic/6.2_2016q4/arm-eabi/lib/newlib-nano-2.1-nds/\libhardware7i.a(sdmmc.twl.o)
                0x03808a18                sdmmc_readsectors

.text.sdmmc_writesectors
                0x03808aa4       0x98
 .text.sdmmc_writesectors
                0x03808aa4       0x98 c:/toolchain_generic/6.2_2016q4/arm-eabi/lib/newlib-nano-2.1-nds/\libhardware7i.a(sdmmc.twl.o)
                0x03808aa4                sdmmc_writesectors

.text.sdmmc_sd_startup
                0x03808b3c       0x14
 .text.sdmmc_sd_startup
                0x03808b3c       0x14 c:/toolchain_generic/6.2_2016q4/arm-eabi/lib/newlib-nano-2.1-nds/\libhardware7i.a(sdmmc.twl.o)
                0x03808b3c                sdmmc_sd_startup

.text.RWSPICNT  0x03808b50       0x2c
 .text.RWSPICNT
                0x03808b50       0x2c c:/toolchain_generic/6.2_2016q4/arm-eabi/lib/newlib-nano-2.1-nds/\libhardware7i.a(spiTGDS.o)
                0x03808b50                RWSPICNT

.text.SPICSHIGH
                0x03808b7c       0x14
 .text.SPICSHIGH
                0x03808b7c       0x14 c:/toolchain_generic/6.2_2016q4/arm-eabi/lib/newlib-nano-2.1-nds/\libhardware7i.a(spiTGDS.o)
                0x03808b7c                SPICSHIGH

.text.SPIWAITCNT
                0x03808b90       0x18
 .text.SPIWAITCNT
                0x03808b90       0x18 c:/toolchain_generic/6.2_2016q4/arm-eabi/lib/newlib-nano-2.1-nds/\libhardware7i.a(spiTGDS.o)
                0x03808b90                SPIWAITCNT

.text.__aeabi_idiv
                0x03808ba8       0x70
 .text.__aeabi_idiv
                0x03808ba8       0x70 c:/toolchain_generic/6.2_2016q4/arm-eabi/lib/newlib-nano-2.1-nds/\libcnano7.a(__aeabi_idiv.o)
                0x03808ba8                __aeabi_idiv

.text.__aeabi_uidiv
                0x03808c18       0x14
 .text.__aeabi_uidiv
                0x03808c18       0x14 c:/toolchain_generic/6.2_2016q4/arm-eabi/lib/newlib-nano-2.1-nds/\libcnano7.a(__aeabi_uidiv.o)
                0x03808c18                __aeabi_uidiv

.text.__udivmodsi4
                0x03808c2c       0x58
 .text.__udivmodsi4
                0x03808c2c       0x58 c:/toolchain_generic/6.2_2016q4/arm-eabi/lib/newlib-nano-2.1-nds/\libcnano7.a(__udivmodsi4.o)
                0x03808c2c                __udivmodsi4

.text.memset    0x03808c84       0x18
 .text.memset   0x03808c84       0x18 c:/toolchain_generic/6.2_2016q4/arm-eabi/lib/newlib-nano-2.1-nds/\libcnano7.a(memset.o)
                0x03808c84                memset

.text.strcpy    0x03808c9c       0x18
 .text.strcpy   0x03808c9c       0x18 c:/toolchain_generic/6.2_2016q4/arm-eabi/lib/newlib-nano-2.1-nds/\libcnano7.a(strcpy.o)
                0x03808c9c                strcpy

.rel.dyn        0x03808cb4        0x0
 .rel.iplt      0x00000000        0x0 ./build/nds_arm_ld_crt0.o
 .rel.got       0x00000000        0x0 ./build/nds_arm_ld_crt0.o
                0x03808cb4                . = ALIGN (0x4)
                0x03808cb4                __text_end = .
                0x03808cb4                __rodata_start = .

.rodata         0x03808cb4        0x0
 *(.rodata)
                0x03808cb4                . = ALIGN (0x4)

.rodata.cvt.4604
                0x03808cb4       0x80
 .rodata.cvt.4604
                0x03808cb4       0x80 build/pff.o

.rodata.str1.4  0x03808d34       0x48
 .rodata.str1.4
                0x03808d34       0x35 c:/toolchain_generic/6.2_2016q4/arm-eabi/lib/newlib-nano-2.1-nds/\libhardware7i.a(InterruptsARMCores_c.o)
                                 0x38 (size before relaxing)
 *fill*         0x03808d69        0x3 
 .rodata.str1.4
                0x03808d6c       0x10 c:/toolchain_generic/6.2_2016q4/arm-eabi/lib/newlib-nano-2.1-nds/\libhardware7i.a(utilsTGDS.o)

.rodata.min_range
                0x03808d7c        0x1
 .rodata.min_range
                0x03808d7c        0x1 c:/toolchain_generic/6.2_2016q4/arm-eabi/lib/newlib-nano-2.1-nds/\libhardware7i.a(spitscTGDS.o)
                0x03808d80                . = ALIGN (0x4)
                0x03808d80                __rodata_end = .
                0x03808d80                __data_start = .

.data           0x03808d80        0x4
 *(.data)
 .data          0x03808d80        0x0 ./build/nds_arm_ld_crt0.o
 .data          0x03808d80        0x0 c:/toolchain_generic/6.2_2016q4/bin/../lib/gcc/arm-eabi/4.9.2/crti.o
 .data          0x03808d80        0x4 c:/toolchain_generic/6.2_2016q4/bin/../lib/gcc/arm-eabi/4.9.2/crtbegin.o
                0x03808d80                __dso_handle
 .data          0x03808d84        0x0 build/Interrupts_app7.o
 .data          0x03808d84        0x0 build/diskio_impl.o
 .data          0x03808d84        0x0 build/pff.o
 .data          0x03808d84        0x0 build/dswnifi.o
 .data          0x03808d84        0x0 build/fileBrowse.o
 .data          0x03808d84        0x0 build/loader.o
 .data          0x03808d84        0x0 build/ima_adpcm_decode.o
 .data          0x03808d84        0x0 build/ima_adpcm.o
 .data          0x03808d84        0x0 build/main.o
 .data          0x03808d84        0x0 build/tinynew.o
 .data          0x03808d84        0x0 build/ipcfifoTGDSUser.o
 .data          0x03808d84        0x0 c:/toolchain_generic/6.2_2016q4/arm-eabi/lib/newlib-nano-2.1-nds/\libutils7i.a(xmem.o)
 .data          0x03808d84        0x0 c:/toolchain_generic/6.2_2016q4/arm-eabi/lib/newlib-nano-2.1-nds/\libtoolchaingen7i.a(exceptionTGDS.o)
 .data          0x03808d84        0x0 c:/toolchain_generic/6.2_2016q4/arm-eabi/lib/newlib-nano-2.1-nds/\libtoolchaingen7i.a(initNDSTGDS.o)
 .data          0x03808d84        0x0 c:/toolchain_generic/6.2_2016q4/arm-eabi/lib/newlib-nano-2.1-nds/\libtoolchaingen7i.a(exceptionTGDSasm.o)
 .data          0x03808d84        0x0 c:/toolchain_generic/6.2_2016q4/arm-eabi/lib/newlib-nano-2.1-nds/\libtoolchaingen7i.a(InterruptsARMCores_s.o)
 .data          0x03808d84        0x0 c:/toolchain_generic/6.2_2016q4/arm-eabi/lib/newlib-nano-2.1-nds/\libhardware7i.a(InterruptsARMCores_c.o)
 .data          0x03808d84        0x0 c:/toolchain_generic/6.2_2016q4/arm-eabi/lib/newlib-nano-2.1-nds/\libhardware7i.a(biosTGDSC.o)
 .data          0x03808d84        0x0 c:/toolchain_generic/6.2_2016q4/arm-eabi/lib/newlib-nano-2.1-nds/\libhardware7i.a(dldi.o)
 .data          0x03808d84        0x0 c:/toolchain_generic/6.2_2016q4/arm-eabi/lib/newlib-nano-2.1-nds/\libhardware7i.a(ipcfifoTGDS.o)
 .data          0x03808d84        0x0 c:/toolchain_generic/6.2_2016q4/arm-eabi/lib/newlib-nano-2.1-nds/\libhardware7i.a(powerTGDS.o)
 .data          0x03808d84        0x0 c:/toolchain_generic/6.2_2016q4/arm-eabi/lib/newlib-nano-2.1-nds/\libhardware7i.a(sd.twl.o)
 .data          0x03808d84        0x0 c:/toolchain_generic/6.2_2016q4/arm-eabi/lib/newlib-nano-2.1-nds/\libhardware7i.a(spifwTGDS.o)
 .data          0x03808d84        0x0 c:/toolchain_generic/6.2_2016q4/arm-eabi/lib/newlib-nano-2.1-nds/\libhardware7i.a(spitscTGDS.o)
 .data          0x03808d84        0x0 c:/toolchain_generic/6.2_2016q4/arm-eabi/lib/newlib-nano-2.1-nds/\libhardware7i.a(usrsettingsTGDS.o)
 .data          0x03808d84        0x0 c:/toolchain_generic/6.2_2016q4/arm-eabi/lib/newlib-nano-2.1-nds/\libhardware7i.a(utils.twl.o)
 .data          0x03808d84        0x0 c:/toolchain_generic/6.2_2016q4/arm-eabi/lib/newlib-nano-2.1-nds/\libhardware7i.a(utilsTGDS.o)
 .data          0x03808d84        0x0 c:/toolchain_generic/6.2_2016q4/arm-eabi/lib/newlib-nano-2.1-nds/\libhardware7i.a(card.twl.o)
 .data          0x03808d84        0x0 c:/toolchain_generic/6.2_2016q4/arm-eabi/lib/newlib-nano-2.1-nds/\libhardware7i.a(codec.twl.o)
 .data          0x03808d84        0x0 c:/toolchain_generic/6.2_2016q4/arm-eabi/lib/newlib-nano-2.1-nds/\libhardware7i.a(i2c.twl.o)
 .data          0x03808d84        0x0 c:/toolchain_generic/6.2_2016q4/arm-eabi/lib/newlib-nano-2.1-nds/\libhardware7i.a(sdmmc.twl.o)
 .data          0x03808d84        0x0 c:/toolchain_generic/6.2_2016q4/arm-eabi/lib/newlib-nano-2.1-nds/\libhardware7i.a(biosTGDSAsm.o)
 .data          0x03808d84        0x0 c:/toolchain_generic/6.2_2016q4/arm-eabi/lib/newlib-nano-2.1-nds/\libhardware7i.a(debugNocash.o)
 .data          0x03808d84        0x0 c:/toolchain_generic/6.2_2016q4/arm-eabi/lib/newlib-nano-2.1-nds/\libhardware7i.a(dmaTGDS.o)
 .data          0x03808d84        0x0 c:/toolchain_generic/6.2_2016q4/arm-eabi/lib/newlib-nano-2.1-nds/\libhardware7i.a(spiTGDS.o)
 .data          0x03808d84        0x0 c:/toolchain_generic/6.2_2016q4/arm-eabi/lib/\libstdc++.a(atexit_arm.o)
 .data          0x03808d84        0x0 c:/toolchain_generic/6.2_2016q4/arm-eabi/lib/newlib-nano-2.1-nds/\libcnano7.a(__aeabi_idiv.o)
 .data          0x03808d84        0x0 c:/toolchain_generic/6.2_2016q4/arm-eabi/lib/newlib-nano-2.1-nds/\libcnano7.a(__aeabi_uidiv.o)
 .data          0x03808d84        0x0 c:/toolchain_generic/6.2_2016q4/arm-eabi/lib/newlib-nano-2.1-nds/\libcnano7.a(__udivmodsi4.o)
 .data          0x03808d84        0x0 c:/toolchain_generic/6.2_2016q4/arm-eabi/lib/newlib-nano-2.1-nds/\libcnano7.a(cxa_atexit.o)
 .data          0x03808d84        0x0 c:/toolchain_generic/6.2_2016q4/arm-eabi/lib/newlib-nano-2.1-nds/\libcnano7.a(memcmp.o)
 .data          0x03808d84        0x0 c:/toolchain_generic/6.2_2016q4/arm-eabi/lib/newlib-nano-2.1-nds/\libcnano7.a(memset.o)
 .data          0x03808d84        0x0 c:/toolchain_generic/6.2_2016q4/arm-eabi/lib/newlib-nano-2.1-nds/\libcnano7.a(strcpy.o)
 .data          0x03808d84        0x0 c:/toolchain_generic/6.2_2016q4/arm-eabi/lib/newlib-nano-2.1-nds/\libcnano7.a(arm-asm-memcpy.o)
 .data          0x03808d84        0x0 c:/toolchain_generic/6.2_2016q4/arm-eabi/lib/newlib-nano-2.1-nds/\libcnano7.a(__atexit.o)
 .data          0x03808d84        0x0 c:/toolchain_generic/6.2_2016q4/arm-eabi/lib/newlib-nano-2.1-nds/\libcnano7.a(impure.o)
 .data          0x03808d84        0x0 c:/toolchain_generic/6.2_2016q4/bin/../lib/gcc/arm-eabi/4.9.2/crtend.o
 .data          0x03808d84        0x0 c:/toolchain_generic/6.2_2016q4/bin/../lib/gcc/arm-eabi/4.9.2/crtn.o
                0x03808d84                . = ALIGN (0x4)

.igot.plt       0x03808d84        0x0
 .igot.plt      0x00000000        0x0 ./build/nds_arm_ld_crt0.o

.got            0x03808d84        0x0
 .got           0x00000000        0x0 ./build/nds_arm_ld_crt0.o

.got.plt        0x03808d84        0xc
 .got.plt       0x03808d84        0xc ./build/nds_arm_ld_crt0.o
                0x03808d84                _GLOBAL_OFFSET_TABLE_

.eh_frame       0x03808d90        0x0
 .eh_frame      0x03808d90        0x0 c:/toolchain_generic/6.2_2016q4/bin/../lib/gcc/arm-eabi/4.9.2/crtbegin.o

.jcr            0x03808d90        0x0
 .jcr           0x03808d90        0x0 c:/toolchain_generic/6.2_2016q4/bin/../lib/gcc/arm-eabi/4.9.2/crtbegin.o

.tm_clone_table
                0x03808d90        0x0
 .tm_clone_table
                0x03808d90        0x0 c:/toolchain_generic/6.2_2016q4/bin/../lib/gcc/arm-eabi/4.9.2/crtbegin.o
 .tm_clone_table
                0x03808d90        0x0 c:/toolchain_generic/6.2_2016q4/bin/../lib/gcc/arm-eabi/4.9.2/crtend.o

.data.XMEMTOTALSIZE
                0x03808d90        0x4
 .data.XMEMTOTALSIZE
                0x03808d90        0x4 c:/toolchain_generic/6.2_2016q4/arm-eabi/lib/newlib-nano-2.1-nds/\libutils7i.a(xmem.o)
                0x03808d90                XMEMTOTALSIZE

.data.XMEM_BLOCKSIZE
                0x03808d94        0x2
 .data.XMEM_BLOCKSIZE
                0x03808d94        0x2 c:/toolchain_generic/6.2_2016q4/arm-eabi/lib/newlib-nano-2.1-nds/\libutils7i.a(xmem.o)
                0x03808d94                XMEM_BLOCKSIZE

.data.range     0x03808d96        0x1
 .data.range    0x03808d96        0x1 c:/toolchain_generic/6.2_2016q4/arm-eabi/lib/newlib-nano-2.1-nds/\libhardware7i.a(spitscTGDS.o)

.data.TGDSPayloadMode
                0x03808d98        0x4
 .data.TGDSPayloadMode
                0x03808d98        0x4 c:/toolchain_generic/6.2_2016q4/arm-eabi/lib/newlib-nano-2.1-nds/\libhardware7i.a(utilsTGDS.o)
                0x03808d98                TGDSPayloadMode

.data.multRate  0x03808d9c        0x4
 .data.multRate
                0x03808d9c        0x4 c:/toolchain_generic/6.2_2016q4/arm-eabi/lib/newlib-nano-2.1-nds/\libhardware7i.a(utilsTGDS.o)
                0x03808d9c                multRate

.data.curBank.6931
                0x03808da0        0x1
 .data.curBank.6931
                0x03808da0        0x1 c:/toolchain_generic/6.2_2016q4/arm-eabi/lib/newlib-nano-2.1-nds/\libhardware7i.a(codec.twl.o)
                0x03808da4                . = ALIGN (0x4)
                0x03808da4                __data_end = .
                0x03808da4                __bss_start = .

.bss            0x03808da4      0x27c
                0x03808da4                bss = .
 *(.bss)
 .bss           0x03808da4        0x0 ./build/nds_arm_ld_crt0.o
 .bss           0x03808da4        0x0 c:/toolchain_generic/6.2_2016q4/bin/../lib/gcc/arm-eabi/4.9.2/crti.o
 .bss           0x03808da4       0x1c c:/toolchain_generic/6.2_2016q4/bin/../lib/gcc/arm-eabi/4.9.2/crtbegin.o
 .bss           0x03808dc0        0x0 build/Interrupts_app7.o
 .bss           0x03808dc0        0x0 build/diskio_impl.o
 .bss           0x03808dc0        0x0 build/pff.o
 .bss           0x03808dc0        0x0 build/dswnifi.o
 .bss           0x03808dc0        0x0 build/fileBrowse.o
 .bss           0x03808dc0        0x0 build/loader.o
 .bss           0x03808dc0        0x0 build/ima_adpcm_decode.o
 .bss           0x03808dc0        0x0 build/ima_adpcm.o
 .bss           0x03808dc0        0x0 build/main.o
 .bss           0x03808dc0        0x0 build/tinynew.o
 .bss           0x03808dc0        0x0 build/ipcfifoTGDSUser.o
 .bss           0x03808dc0        0x0 c:/toolchain_generic/6.2_2016q4/arm-eabi/lib/newlib-nano-2.1-nds/\libutils7i.a(xmem.o)
 .bss           0x03808dc0        0x0 c:/toolchain_generic/6.2_2016q4/arm-eabi/lib/newlib-nano-2.1-nds/\libtoolchaingen7i.a(exceptionTGDS.o)
 .bss           0x03808dc0        0x0 c:/toolchain_generic/6.2_2016q4/arm-eabi/lib/newlib-nano-2.1-nds/\libtoolchaingen7i.a(initNDSTGDS.o)
 .bss           0x03808dc0        0x0 c:/toolchain_generic/6.2_2016q4/arm-eabi/lib/newlib-nano-2.1-nds/\libtoolchaingen7i.a(exceptionTGDSasm.o)
 .bss           0x03808dc0        0x0 c:/toolchain_generic/6.2_2016q4/arm-eabi/lib/newlib-nano-2.1-nds/\libtoolchaingen7i.a(InterruptsARMCores_s.o)
 .bss           0x03808dc0        0x0 c:/toolchain_generic/6.2_2016q4/arm-eabi/lib/newlib-nano-2.1-nds/\libhardware7i.a(InterruptsARMCores_c.o)
 .bss           0x03808dc0        0x0 c:/toolchain_generic/6.2_2016q4/arm-eabi/lib/newlib-nano-2.1-nds/\libhardware7i.a(biosTGDSC.o)
 .bss           0x03808dc0        0x0 c:/toolchain_generic/6.2_2016q4/arm-eabi/lib/newlib-nano-2.1-nds/\libhardware7i.a(dldi.o)
 .bss           0x03808dc0        0x0 c:/toolchain_generic/6.2_2016q4/arm-eabi/lib/newlib-nano-2.1-nds/\libhardware7i.a(ipcfifoTGDS.o)
 .bss           0x03808dc0        0x0 c:/toolchain_generic/6.2_2016q4/arm-eabi/lib/newlib-nano-2.1-nds/\libhardware7i.a(powerTGDS.o)
 .bss           0x03808dc0        0x0 c:/toolchain_generic/6.2_2016q4/arm-eabi/lib/newlib-nano-2.1-nds/\libhardware7i.a(sd.twl.o)
 .bss           0x03808dc0        0x0 c:/toolchain_generic/6.2_2016q4/arm-eabi/lib/newlib-nano-2.1-nds/\libhardware7i.a(spifwTGDS.o)
 .bss           0x03808dc0        0x0 c:/toolchain_generic/6.2_2016q4/arm-eabi/lib/newlib-nano-2.1-nds/\libhardware7i.a(spitscTGDS.o)
 .bss           0x03808dc0        0x0 c:/toolchain_generic/6.2_2016q4/arm-eabi/lib/newlib-nano-2.1-nds/\libhardware7i.a(usrsettingsTGDS.o)
 .bss           0x03808dc0        0x0 c:/toolchain_generic/6.2_2016q4/arm-eabi/lib/newlib-nano-2.1-nds/\libhardware7i.a(utils.twl.o)
 .bss           0x03808dc0        0x0 c:/toolchain_generic/6.2_2016q4/arm-eabi/lib/newlib-nano-2.1-nds/\libhardware7i.a(utilsTGDS.o)
 .bss           0x03808dc0        0x0 c:/toolchain_generic/6.2_2016q4/arm-eabi/lib/newlib-nano-2.1-nds/\libhardware7i.a(card.twl.o)
 .bss           0x03808dc0        0x0 c:/toolchain_generic/6.2_2016q4/arm-eabi/lib/newlib-nano-2.1-nds/\libhardware7i.a(codec.twl.o)
 .bss           0x03808dc0        0x0 c:/toolchain_generic/6.2_2016q4/arm-eabi/lib/newlib-nano-2.1-nds/\libhardware7i.a(i2c.twl.o)
 .bss           0x03808dc0        0x0 c:/toolchain_generic/6.2_2016q4/arm-eabi/lib/newlib-nano-2.1-nds/\libhardware7i.a(sdmmc.twl.o)
 .bss           0x03808dc0        0x0 c:/toolchain_generic/6.2_2016q4/arm-eabi/lib/newlib-nano-2.1-nds/\libhardware7i.a(biosTGDSAsm.o)
 .bss           0x03808dc0        0x0 c:/toolchain_generic/6.2_2016q4/arm-eabi/lib/newlib-nano-2.1-nds/\libhardware7i.a(debugNocash.o)
 .bss           0x03808dc0        0x0 c:/toolchain_generic/6.2_2016q4/arm-eabi/lib/newlib-nano-2.1-nds/\libhardware7i.a(dmaTGDS.o)
 .bss           0x03808dc0        0x0 c:/toolchain_generic/6.2_2016q4/arm-eabi/lib/newlib-nano-2.1-nds/\libhardware7i.a(spiTGDS.o)
 .bss           0x03808dc0        0x0 c:/toolchain_generic/6.2_2016q4/arm-eabi/lib/\libstdc++.a(atexit_arm.o)
 .bss           0x03808dc0        0x0 c:/toolchain_generic/6.2_2016q4/arm-eabi/lib/newlib-nano-2.1-nds/\libcnano7.a(__aeabi_idiv.o)
 .bss           0x03808dc0        0x0 c:/toolchain_generic/6.2_2016q4/arm-eabi/lib/newlib-nano-2.1-nds/\libcnano7.a(__aeabi_uidiv.o)
 .bss           0x03808dc0        0x0 c:/toolchain_generic/6.2_2016q4/arm-eabi/lib/newlib-nano-2.1-nds/\libcnano7.a(__udivmodsi4.o)
 .bss           0x03808dc0        0x0 c:/toolchain_generic/6.2_2016q4/arm-eabi/lib/newlib-nano-2.1-nds/\libcnano7.a(cxa_atexit.o)
 .bss           0x03808dc0        0x0 c:/toolchain_generic/6.2_2016q4/arm-eabi/lib/newlib-nano-2.1-nds/\libcnano7.a(memcmp.o)
 .bss           0x03808dc0        0x0 c:/toolchain_generic/6.2_2016q4/arm-eabi/lib/newlib-nano-2.1-nds/\libcnano7.a(memset.o)
 .bss           0x03808dc0        0x0 c:/toolchain_generic/6.2_2016q4/arm-eabi/lib/newlib-nano-2.1-nds/\libcnano7.a(strcpy.o)
 .bss           0x03808dc0        0x0 c:/toolchain_generic/6.2_2016q4/arm-eabi/lib/newlib-nano-2.1-nds/\libcnano7.a(arm-asm-memcpy.o)
 .bss           0x03808dc0        0x0 c:/toolchain_generic/6.2_2016q4/arm-eabi/lib/newlib-nano-2.1-nds/\libcnano7.a(__atexit.o)
 .bss           0x03808dc0        0x0 c:/toolchain_generic/6.2_2016q4/arm-eabi/lib/newlib-nano-2.1-nds/\libcnano7.a(impure.o)
 .bss           0x03808dc0        0x0 c:/toolchain_generic/6.2_2016q4/bin/../lib/gcc/arm-eabi/4.9.2/crtend.o
 .bss           0x03808dc0        0x0 c:/toolchain_generic/6.2_2016q4/bin/../lib/gcc/arm-eabi/4.9.2/crtn.o
                0x03808dc0                . = ALIGN (0x4)
 COMMON         0x03808dc0      0x200 build/diskio_impl.o
                0x03808dc0                scratchPadSector
 COMMON         0x03808fc0        0x8 c:/toolchain_generic/6.2_2016q4/arm-eabi/lib/newlib-nano-2.1-nds/\libutils7i.a(xmem.o)
                0x03808fc0                xmem_table
                0x03808fc4                xmem_blocks
 COMMON         0x03808fc8       0x10 c:/toolchain_generic/6.2_2016q4/arm-eabi/lib/newlib-nano-2.1-nds/\libhardware7i.a(spitscTGDS.o)
                0x03808fc8                xoffset
                0x03808fcc                yoffset
                0x03808fd0                xscale
                0x03808fd4                yscale
 COMMON         0x03808fd8       0x48 c:/toolchain_generic/6.2_2016q4/arm-eabi/lib/newlib-nano-2.1-nds/\libhardware7i.a(sdmmc.twl.o)
                0x03808fd8                deviceSD

.bss.adpcmWorkBuffer
                0x03809020     0x4000
 .bss.adpcmWorkBuffer
                0x03809020     0x4000 build/ima_adpcm.o
                0x03809020                adpcmWorkBuffer

.bss.ADPCMchunksize
                0x0380d020        0x4
 .bss.ADPCMchunksize
                0x0380d020        0x4 build/ima_adpcm.o
                0x0380d020                ADPCMchunksize

.bss.ADPCMchannels
                0x0380d024        0x4
 .bss.ADPCMchannels
                0x0380d024        0x4 build/ima_adpcm.o
                0x0380d024                ADPCMchannels

.bss.fname      0x0380d028      0x100
 .bss.fname     0x0380d028      0x100 build/main.o
                0x0380d028                fname

.bss.FatfsFILESoundSample0
                0x0380d128       0x2c
 .bss.FatfsFILESoundSample0
                0x0380d128       0x2c build/main.o
                0x0380d128                FatfsFILESoundSample0

.bss.FatfsFILEBgMusic
                0x0380d154       0x2c
 .bss.FatfsFILEBgMusic
                0x0380d154       0x2c build/main.o
                0x0380d154                FatfsFILEBgMusic

.bss.SoundEffect0Player
                0x0380d180     0x10c4
 .bss.SoundEffect0Player
                0x0380d180     0x10c4 build/main.o
                0x0380d180                SoundEffect0Player

.bss.soundData  0x0380e244      0x1e4
 .bss.soundData
                0x0380e244      0x1e4 build/main.o
                0x0380e244                soundData

.bss.backgroundMusicPlayer
                0x0380e428     0x10c4
 .bss.backgroundMusicPlayer
                0x0380e428     0x10c4 build/main.o
                0x0380e428                backgroundMusicPlayer

.bss.ARM7MallocTop
                0x0380f4ec        0x4
 .bss.ARM7MallocTop
                0x0380f4ec        0x4 c:/toolchain_generic/6.2_2016q4/arm-eabi/lib/newlib-nano-2.1-nds/\libutils7i.a(xmem.o)
                0x0380f4ec                ARM7MallocTop

.bss.ARM7MallocBaseAddress
                0x0380f4f0        0x4
 .bss.ARM7MallocBaseAddress
                0x0380f4f0        0x4 c:/toolchain_generic/6.2_2016q4/arm-eabi/lib/newlib-nano-2.1-nds/\libutils7i.a(xmem.o)
                0x0380f4f0                ARM7MallocBaseAddress

.bss.XMEM_TABLESIZE
                0x0380f4f4        0x4
 .bss.XMEM_TABLESIZE
                0x0380f4f4        0x4 c:/toolchain_generic/6.2_2016q4/arm-eabi/lib/newlib-nano-2.1-nds/\libutils7i.a(xmem.o)
                0x0380f4f4                XMEM_TABLESIZE

.bss.XMEM_BLOCKCOUNT
                0x0380f4f8        0x4
 .bss.XMEM_BLOCKCOUNT
                0x0380f4f8        0x4 c:/toolchain_generic/6.2_2016q4/arm-eabi/lib/newlib-nano-2.1-nds/\libutils7i.a(xmem.o)
                0x0380f4f8                XMEM_BLOCKCOUNT

.bss.CustomHandler
                0x0380f4fc        0x4
 .bss.CustomHandler
                0x0380f4fc        0x4 c:/toolchain_generic/6.2_2016q4/arm-eabi/lib/newlib-nano-2.1-nds/\libtoolchaingen7i.a(exceptionTGDS.o)
                0x0380f4fc                CustomHandler

.bss.exceptionArmRegsShared
                0x0380f500        0x4
 .bss.exceptionArmRegsShared
                0x0380f500        0x4 c:/toolchain_generic/6.2_2016q4/arm-eabi/lib/newlib-nano-2.1-nds/\libtoolchaingen7i.a(exceptionTGDS.o)
                0x0380f500                exceptionArmRegsShared

.bss.penDown    0x0380f504        0x1
 .bss.penDown   0x0380f504        0x1 c:/toolchain_generic/6.2_2016q4/arm-eabi/lib/newlib-nano-2.1-nds/\libhardware7i.a(InterruptsARMCores_c.o)

.bss.isArm7ClosedLid
                0x0380f505        0x1
 .bss.isArm7ClosedLid
                0x0380f505        0x1 c:/toolchain_generic/6.2_2016q4/arm-eabi/lib/newlib-nano-2.1-nds/\libhardware7i.a(biosTGDSC.o)
                0x0380f505                isArm7ClosedLid

.bss.DLDIARM7Address
                0x0380f508        0x4
 .bss.DLDIARM7Address
                0x0380f508        0x4 c:/toolchain_generic/6.2_2016q4/arm-eabi/lib/newlib-nano-2.1-nds/\libhardware7i.a(dldi.o)
                0x0380f508                DLDIARM7Address

.bss.TWLModeInternalSDAccess
                0x0380f50c        0x4
 .bss.TWLModeInternalSDAccess
                0x0380f50c        0x4 c:/toolchain_generic/6.2_2016q4/arm-eabi/lib/newlib-nano-2.1-nds/\libhardware7i.a(dldi.o)
                0x0380f50c                TWLModeInternalSDAccess

.bss.touchInit  0x0380f510        0x1
 .bss.touchInit
                0x0380f510        0x1 c:/toolchain_generic/6.2_2016q4/arm-eabi/lib/newlib-nano-2.1-nds/\libhardware7i.a(spitscTGDS.o)
                0x0380f510                touchInit

.bss.range_counter_2
                0x0380f511        0x1
 .bss.range_counter_2
                0x0380f511        0x1 c:/toolchain_generic/6.2_2016q4/arm-eabi/lib/newlib-nano-2.1-nds/\libhardware7i.a(spitscTGDS.o)

.bss.range_counter_1
                0x0380f512        0x1
 .bss.range_counter_1
                0x0380f512        0x1 c:/toolchain_generic/6.2_2016q4/arm-eabi/lib/newlib-nano-2.1-nds/\libhardware7i.a(spitscTGDS.o)

.bss.last_time_touched
                0x0380f513        0x1
 .bss.last_time_touched
                0x0380f513        0x1 c:/toolchain_generic/6.2_2016q4/arm-eabi/lib/newlib-nano-2.1-nds/\libhardware7i.a(spitscTGDS.o)

.bss.useTWLTSC  0x0380f514        0x1
 .bss.useTWLTSC
                0x0380f514        0x1 c:/toolchain_generic/6.2_2016q4/arm-eabi/lib/newlib-nano-2.1-nds/\libhardware7i.a(spitscTGDS.o)
                0x0380f514                useTWLTSC

.bss.strpcmL1   0x0380f518        0x4
 .bss.strpcmL1  0x0380f518        0x4 c:/toolchain_generic/6.2_2016q4/arm-eabi/lib/newlib-nano-2.1-nds/\libhardware7i.a(utilsTGDS.o)
                0x0380f518                strpcmL1

.bss.wifiUpdateVBLANKARM7LibUtilsCallback
                0x0380f51c        0x4
 .bss.wifiUpdateVBLANKARM7LibUtilsCallback
                0x0380f51c        0x4 c:/toolchain_generic/6.2_2016q4/arm-eabi/lib/newlib-nano-2.1-nds/\libhardware7i.a(utilsTGDS.o)
                0x0380f51c                wifiUpdateVBLANKARM7LibUtilsCallback

.bss.initMallocARM7LibUtilsCallback
                0x0380f520        0x4
 .bss.initMallocARM7LibUtilsCallback
                0x0380f520        0x4 c:/toolchain_generic/6.2_2016q4/arm-eabi/lib/newlib-nano-2.1-nds/\libhardware7i.a(utilsTGDS.o)
                0x0380f520                initMallocARM7LibUtilsCallback

.bss.wifiDeinitARM7ARM9LibUtilsCallback
                0x0380f524        0x4
 .bss.wifiDeinitARM7ARM9LibUtilsCallback
                0x0380f524        0x4 c:/toolchain_generic/6.2_2016q4/arm-eabi/lib/newlib-nano-2.1-nds/\libhardware7i.a(utilsTGDS.o)
                0x0380f524                wifiDeinitARM7ARM9LibUtilsCallback

.bss.strpcmL0   0x0380f528        0x4
 .bss.strpcmL0  0x0380f528        0x4 c:/toolchain_generic/6.2_2016q4/arm-eabi/lib/newlib-nano-2.1-nds/\libhardware7i.a(utilsTGDS.o)
                0x0380f528                strpcmL0

.bss.sndCursor  0x0380f52c        0x4
 .bss.sndCursor
                0x0380f52c        0x4 c:/toolchain_generic/6.2_2016q4/arm-eabi/lib/newlib-nano-2.1-nds/\libhardware7i.a(utilsTGDS.o)
                0x0380f52c                sndCursor

.bss.__dsimode  0x0380f530        0x1
 .bss.__dsimode
                0x0380f530        0x1 c:/toolchain_generic/6.2_2016q4/arm-eabi/lib/newlib-nano-2.1-nds/\libhardware7i.a(utilsTGDS.o)
                0x0380f530                __dsimode

.bss.lastL      0x0380f534        0x4
 .bss.lastL     0x0380f534        0x4 c:/toolchain_generic/6.2_2016q4/arm-eabi/lib/newlib-nano-2.1-nds/\libhardware7i.a(utilsTGDS.o)
                0x0380f534                lastL

.bss.sndRate    0x0380f538        0x4
 .bss.sndRate   0x0380f538        0x4 c:/toolchain_generic/6.2_2016q4/arm-eabi/lib/newlib-nano-2.1-nds/\libhardware7i.a(utilsTGDS.o)
                0x0380f538                sndRate

.bss.lastR      0x0380f53c        0x4
 .bss.lastR     0x0380f53c        0x4 c:/toolchain_generic/6.2_2016q4/arm-eabi/lib/newlib-nano-2.1-nds/\libhardware7i.a(utilsTGDS.o)
                0x0380f53c                lastR

.bss.SoundStreamTimerHandlerARM7LibUtilsCallback
                0x0380f540        0x4
 .bss.SoundStreamTimerHandlerARM7LibUtilsCallback
                0x0380f540        0x4 c:/toolchain_generic/6.2_2016q4/arm-eabi/lib/newlib-nano-2.1-nds/\libhardware7i.a(utilsTGDS.o)
                0x0380f540                SoundStreamTimerHandlerARM7LibUtilsCallback

.bss.SoundStreamStopSoundARM7LibUtilsCallback
                0x0380f544        0x4
 .bss.SoundStreamStopSoundARM7LibUtilsCallback
                0x0380f544        0x4 c:/toolchain_generic/6.2_2016q4/arm-eabi/lib/newlib-nano-2.1-nds/\libhardware7i.a(utilsTGDS.o)
                0x0380f544                SoundStreamStopSoundARM7LibUtilsCallback

.bss.led_state  0x0380f548        0x4
 .bss.led_state
                0x0380f548        0x4 c:/toolchain_generic/6.2_2016q4/arm-eabi/lib/newlib-nano-2.1-nds/\libhardware7i.a(utilsTGDS.o)
                0x0380f548                led_state

.bss.SoundStreamSetupSoundARM7LibUtilsCallback
                0x0380f54c        0x4
 .bss.SoundStreamSetupSoundARM7LibUtilsCallback
                0x0380f54c        0x4 c:/toolchain_generic/6.2_2016q4/arm-eabi/lib/newlib-nano-2.1-nds/\libhardware7i.a(utilsTGDS.o)
                0x0380f54c                SoundStreamSetupSoundARM7LibUtilsCallback

.bss.sampleLen  0x0380f550        0x4
 .bss.sampleLen
                0x0380f550        0x4 c:/toolchain_generic/6.2_2016q4/arm-eabi/lib/newlib-nano-2.1-nds/\libhardware7i.a(utilsTGDS.o)
                0x0380f550                sampleLen

.bss.libutilisFifoNotEmptyCallback
                0x0380f554        0x4
 .bss.libutilisFifoNotEmptyCallback
                0x0380f554        0x4 c:/toolchain_generic/6.2_2016q4/arm-eabi/lib/newlib-nano-2.1-nds/\libhardware7i.a(utilsTGDS.o)
                0x0380f554                libutilisFifoNotEmptyCallback

.bss.wifiInterruptARM7LibUtilsCallback
                0x0380f558        0x4
 .bss.wifiInterruptARM7LibUtilsCallback
                0x0380f558        0x4 c:/toolchain_generic/6.2_2016q4/arm-eabi/lib/newlib-nano-2.1-nds/\libhardware7i.a(utilsTGDS.o)
                0x0380f558                wifiInterruptARM7LibUtilsCallback

.bss.MicInterruptARM7LibUtilsCallback
                0x0380f55c        0x4
 .bss.MicInterruptARM7LibUtilsCallback
                0x0380f55c        0x4 c:/toolchain_generic/6.2_2016q4/arm-eabi/lib/newlib-nano-2.1-nds/\libhardware7i.a(utilsTGDS.o)
                0x0380f55c                MicInterruptARM7LibUtilsCallback

.bss.strpcmR0   0x0380f560        0x4
 .bss.strpcmR0  0x0380f560        0x4 c:/toolchain_generic/6.2_2016q4/arm-eabi/lib/newlib-nano-2.1-nds/\libhardware7i.a(utilsTGDS.o)
                0x0380f560                strpcmR0

.bss.strpcmR1   0x0380f564        0x4
 .bss.strpcmR1  0x0380f564        0x4 c:/toolchain_generic/6.2_2016q4/arm-eabi/lib/newlib-nano-2.1-nds/\libhardware7i.a(utilsTGDS.o)
                0x0380f564                strpcmR1

.bss.debugEnabled
                0x0380f568        0x1
 .bss.debugEnabled
                0x0380f568        0x1 c:/toolchain_generic/6.2_2016q4/arm-eabi/lib/newlib-nano-2.1-nds/\libhardware7i.a(utilsTGDS.o)
                0x0380f568                debugEnabled

.bss.i2cCurrentDelay
                0x0380f56c        0x4
 .bss.i2cCurrentDelay
                0x0380f56c        0x4 c:/toolchain_generic/6.2_2016q4/arm-eabi/lib/newlib-nano-2.1-nds/\libhardware7i.a(i2c.twl.o)
                0x0380f570                . = ALIGN (0x4)
                0x0380f570                __bss_end = .
                0x0380f570                __exidx_start = .

.ARM.exidx      0x0380f570        0x0
                0x0380f570                ARM.exidx = .
 *(.ARM.exidx)
                0x0380f570                . = ALIGN (0x4)
                0x0380f570                . = ALIGN (0x4)
                0x0380f570                __exidx_end = .
                0x0380f570                . = (ADDR (.ARM.exidx) + SIZEOF (.ARM.exidx))
                0x0380f570                __vma_stub_end__ = .
                0x0380f670                __end = (__vma_stub_end__ + 0x100)

.pad            0x0380f570        0x8 load address 0x0380f670
                0x0380f570        0x4 LONG 0x70c070c0
                0x0380f574        0x4 LONG 0xeeeeffc0
                0x0380f578                . = ALIGN (0x4)
                0x0380f574                __arm7i_lma__ = (__vma_stub_end__ + 0x4)
                0x0380f578                __arm7i_start__ = (__arm7i_lma__ + 0x4)
                0x0380f57c                __arm7i_end__ = (__arm7i_start__ + 0x4)
                0x0380f580                __arm7_lma__ = (__arm7i_end__ + 0x4)
                0x0380f584                __arm7_start__ = (__arm7_lma__ + 0x4)
                0x0380f588                __arm7_end__ = (__arm7_start__ + 0x4)
LOAD ./build/nds_arm_ld_crt0.o
LOAD c:/toolchain_generic/6.2_2016q4/bin/../lib/gcc/arm-eabi/4.9.2/crti.o
LOAD c:/toolchain_generic/6.2_2016q4/bin/../lib/gcc/arm-eabi/4.9.2/crtbegin.o
LOAD build/Interrupts_app7.o
LOAD build/diskio_impl.o
LOAD build/pff.o
LOAD build/dswnifi.o
LOAD build/fileBrowse.o
LOAD build/loader.o
LOAD build/ima_adpcm_decode.o
LOAD build/ima_adpcm.o
LOAD build/main.o
LOAD build/tinynew.o
LOAD build/ipcfifoTGDSUser.o
LOAD c:/toolchain_generic/6.2_2016q4/arm-eabi/lib/newlib-nano-2.1-nds/\libutils7i.a
LOAD c:/toolchain_generic/6.2_2016q4/arm-eabi/lib/newlib-nano-2.1-nds/\libtoolchaingen7i.a
LOAD c:/toolchain_generic/6.2_2016q4/arm-eabi/lib/newlib-nano-2.1-nds/\libhardware7i.a
LOAD c:/toolchain_generic/6.2_2016q4/arm-eabi/lib/\libstdc++.a
LOAD c:/toolchain_generic/6.2_2016q4/arm-eabi/lib/newlib-nano-2.1-nds/\libcnano7.a
LOAD c:/toolchain_generic/6.2_2016q4/bin/../lib/gcc/arm-eabi/4.9.2\libgcc.a
START GROUP
LOAD c:/toolchain_generic/6.2_2016q4/bin/../lib/gcc/arm-eabi/4.9.2\libgcc.a
LOAD c:/toolchain_generic/6.2_2016q4/arm-eabi/lib/\libc.a
END GROUP
LOAD c:/toolchain_generic/6.2_2016q4/bin/../lib/gcc/arm-eabi/4.9.2/crtend.o
LOAD c:/toolchain_generic/6.2_2016q4/bin/../lib/gcc/arm-eabi/4.9.2/crtn.o
OUTPUT(build/arm7-nonstripped_dsi.elf elf32-littlearm)

.ARM.attributes
                0x00000000       0x2c
 .ARM.attributes
                0x00000000       0x20 ./build/nds_arm_ld_crt0.o
 .ARM.attributes
                0x00000020       0x16 c:/toolchain_generic/6.2_2016q4/bin/../lib/gcc/arm-eabi/4.9.2/crti.o
 .ARM.attributes
                0x00000036       0x30 c:/toolchain_generic/6.2_2016q4/bin/../lib/gcc/arm-eabi/4.9.2/crtbegin.o
 .ARM.attributes
                0x00000066       0x2c build/Interrupts_app7.o
 .ARM.attributes
                0x00000092       0x2c build/diskio_impl.o
 .ARM.attributes
                0x000000be       0x2c build/pff.o
 .ARM.attributes
                0x000000ea       0x2c build/dswnifi.o
 .ARM.attributes
                0x00000116       0x2c build/fileBrowse.o
 .ARM.attributes
                0x00000142       0x2c build/loader.o
 .ARM.attributes
                0x0000016e       0x20 build/ima_adpcm_decode.o
 .ARM.attributes
                0x0000018e       0x2c build/ima_adpcm.o
 .ARM.attributes
                0x000001ba       0x2c build/main.o
 .ARM.attributes
                0x000001e6       0x2c build/tinynew.o
 .ARM.attributes
                0x00000212       0x2c build/ipcfifoTGDSUser.o
 .ARM.attributes
                0x0000023e       0x2a c:/toolchain_generic/6.2_2016q4/arm-eabi/lib/newlib-nano-2.1-nds/\libutils7i.a(xmem.o)
 .ARM.attributes
                0x00000268       0x26 c:/toolchain_generic/6.2_2016q4/arm-eabi/lib/newlib-nano-2.1-nds/\libtoolchaingen7i.a(exceptionTGDS.o)
 .ARM.attributes
                0x0000028e       0x26 c:/toolchain_generic/6.2_2016q4/arm-eabi/lib/newlib-nano-2.1-nds/\libtoolchaingen7i.a(initNDSTGDS.o)
 .ARM.attributes
                0x000002b4       0x1a c:/toolchain_generic/6.2_2016q4/arm-eabi/lib/newlib-nano-2.1-nds/\libtoolchaingen7i.a(exceptionTGDSasm.o)
 .ARM.attributes
                0x000002ce       0x1a c:/toolchain_generic/6.2_2016q4/arm-eabi/lib/newlib-nano-2.1-nds/\libtoolchaingen7i.a(InterruptsARMCores_s.o)
 .ARM.attributes
                0x000002e8       0x2a c:/toolchain_generic/6.2_2016q4/arm-eabi/lib/newlib-nano-2.1-nds/\libhardware7i.a(InterruptsARMCores_c.o)
 .ARM.attributes
                0x00000312       0x2a c:/toolchain_generic/6.2_2016q4/arm-eabi/lib/newlib-nano-2.1-nds/\libhardware7i.a(biosTGDSC.o)
 .ARM.attributes
                0x0000033c       0x2a c:/toolchain_generic/6.2_2016q4/arm-eabi/lib/newlib-nano-2.1-nds/\libhardware7i.a(dldi.o)
 .ARM.attributes
                0x00000366       0x2a c:/toolchain_generic/6.2_2016q4/arm-eabi/lib/newlib-nano-2.1-nds/\libhardware7i.a(ipcfifoTGDS.o)
 .ARM.attributes
                0x00000390       0x2a c:/toolchain_generic/6.2_2016q4/arm-eabi/lib/newlib-nano-2.1-nds/\libhardware7i.a(powerTGDS.o)
 .ARM.attributes
                0x000003ba       0x2a c:/toolchain_generic/6.2_2016q4/arm-eabi/lib/newlib-nano-2.1-nds/\libhardware7i.a(sd.twl.o)
 .ARM.attributes
                0x000003e4       0x2a c:/toolchain_generic/6.2_2016q4/arm-eabi/lib/newlib-nano-2.1-nds/\libhardware7i.a(spifwTGDS.o)
 .ARM.attributes
                0x0000040e       0x2a c:/toolchain_generic/6.2_2016q4/arm-eabi/lib/newlib-nano-2.1-nds/\libhardware7i.a(spitscTGDS.o)
 .ARM.attributes
                0x00000438       0x2a c:/toolchain_generic/6.2_2016q4/arm-eabi/lib/newlib-nano-2.1-nds/\libhardware7i.a(usrsettingsTGDS.o)
 .ARM.attributes
                0x00000462       0x2a c:/toolchain_generic/6.2_2016q4/arm-eabi/lib/newlib-nano-2.1-nds/\libhardware7i.a(utils.twl.o)
 .ARM.attributes
                0x0000048c       0x2a c:/toolchain_generic/6.2_2016q4/arm-eabi/lib/newlib-nano-2.1-nds/\libhardware7i.a(utilsTGDS.o)
 .ARM.attributes
                0x000004b6       0x2a c:/toolchain_generic/6.2_2016q4/arm-eabi/lib/newlib-nano-2.1-nds/\libhardware7i.a(card.twl.o)
 .ARM.attributes
                0x000004e0       0x2a c:/toolchain_generic/6.2_2016q4/arm-eabi/lib/newlib-nano-2.1-nds/\libhardware7i.a(codec.twl.o)
 .ARM.attributes
                0x0000050a       0x2a c:/toolchain_generic/6.2_2016q4/arm-eabi/lib/newlib-nano-2.1-nds/\libhardware7i.a(i2c.twl.o)
 .ARM.attributes
                0x00000534       0x2a c:/toolchain_generic/6.2_2016q4/arm-eabi/lib/newlib-nano-2.1-nds/\libhardware7i.a(sdmmc.twl.o)
 .ARM.attributes
                0x0000055e       0x1a c:/toolchain_generic/6.2_2016q4/arm-eabi/lib/newlib-nano-2.1-nds/\libhardware7i.a(biosTGDSAsm.o)
 .ARM.attributes
                0x00000578       0x1a c:/toolchain_generic/6.2_2016q4/arm-eabi/lib/newlib-nano-2.1-nds/\libhardware7i.a(debugNocash.o)
 .ARM.attributes
                0x00000592       0x2a c:/toolchain_generic/6.2_2016q4/arm-eabi/lib/newlib-nano-2.1-nds/\libhardware7i.a(dmaTGDS.o)
 .ARM.attributes
                0x000005bc       0x2a c:/toolchain_generic/6.2_2016q4/arm-eabi/lib/newlib-nano-2.1-nds/\libhardware7i.a(spiTGDS.o)
 .ARM.attributes
                0x000005e6       0x30 c:/toolchain_generic/6.2_2016q4/arm-eabi/lib/\libstdc++.a(atexit_arm.o)
 .ARM.attributes
                0x00000616       0x2a c:/toolchain_generic/6.2_2016q4/arm-eabi/lib/newlib-nano-2.1-nds/\libcnano7.a(__aeabi_idiv.o)
 .ARM.attributes
                0x00000640       0x2a c:/toolchain_generic/6.2_2016q4/arm-eabi/lib/newlib-nano-2.1-nds/\libcnano7.a(__aeabi_uidiv.o)
 .ARM.attributes
                0x0000066a       0x2a c:/toolchain_generic/6.2_2016q4/arm-eabi/lib/newlib-nano-2.1-nds/\libcnano7.a(__udivmodsi4.o)
 .ARM.attributes
                0x00000694       0x2a c:/toolchain_generic/6.2_2016q4/arm-eabi/lib/newlib-nano-2.1-nds/\libcnano7.a(cxa_atexit.o)
 .ARM.attributes
                0x000006be       0x2a c:/toolchain_generic/6.2_2016q4/arm-eabi/lib/newlib-nano-2.1-nds/\libcnano7.a(memcmp.o)
 .ARM.attributes
                0x000006e8       0x2a c:/toolchain_generic/6.2_2016q4/arm-eabi/lib/newlib-nano-2.1-nds/\libcnano7.a(memset.o)
 .ARM.attributes
                0x00000712       0x2a c:/toolchain_generic/6.2_2016q4/arm-eabi/lib/newlib-nano-2.1-nds/\libcnano7.a(strcpy.o)
 .ARM.attributes
                0x0000073c       0x1a c:/toolchain_generic/6.2_2016q4/arm-eabi/lib/newlib-nano-2.1-nds/\libcnano7.a(arm-asm-memcpy.o)
 .ARM.attributes
                0x00000756       0x2a c:/toolchain_generic/6.2_2016q4/arm-eabi/lib/newlib-nano-2.1-nds/\libcnano7.a(__atexit.o)
 .ARM.attributes
                0x00000780       0x2a c:/toolchain_generic/6.2_2016q4/arm-eabi/lib/newlib-nano-2.1-nds/\libcnano7.a(impure.o)
 .ARM.attributes
                0x000007aa       0x30 c:/toolchain_generic/6.2_2016q4/bin/../lib/gcc/arm-eabi/4.9.2/crtend.o
 .ARM.attributes
                0x000007da       0x18 c:/toolchain_generic/6.2_2016q4/bin/../lib/gcc/arm-eabi/4.9.2/crtn.o

.comment        0x00000000       0x11
 .comment       0x00000000       0x11 c:/toolchain_generic/6.2_2016q4/bin/../lib/gcc/arm-eabi/4.9.2/crtbegin.o
                                 0x12 (size before relaxing)
 .comment       0x00000000       0x12 build/Interrupts_app7.o
 .comment       0x00000000       0x12 build/diskio_impl.o
 .comment       0x00000000       0x12 build/pff.o
 .comment       0x00000000       0x12 build/dswnifi.o
 .comment       0x00000000       0x12 build/fileBrowse.o
 .comment       0x00000000       0x12 build/loader.o
 .comment       0x00000000       0x12 build/ima_adpcm.o
 .comment       0x00000000       0x12 build/main.o
 .comment       0x00000000       0x12 build/tinynew.o
 .comment       0x00000000       0x12 build/ipcfifoTGDSUser.o
 .comment       0x00000000       0x12 c:/toolchain_generic/6.2_2016q4/arm-eabi/lib/newlib-nano-2.1-nds/\libutils7i.a(xmem.o)
 .comment       0x00000000       0x12 c:/toolchain_generic/6.2_2016q4/arm-eabi/lib/newlib-nano-2.1-nds/\libtoolchaingen7i.a(exceptionTGDS.o)
 .comment       0x00000000       0x12 c:/toolchain_generic/6.2_2016q4/arm-eabi/lib/newlib-nano-2.1-nds/\libtoolchaingen7i.a(initNDSTGDS.o)
 .comment       0x00000000       0x12 c:/toolchain_generic/6.2_2016q4/arm-eabi/lib/newlib-nano-2.1-nds/\libhardware7i.a(InterruptsARMCores_c.o)
 .comment       0x00000000       0x12 c:/toolchain_generic/6.2_2016q4/arm-eabi/lib/newlib-nano-2.1-nds/\libhardware7i.a(biosTGDSC.o)
 .comment       0x00000000       0x12 c:/toolchain_generic/6.2_2016q4/arm-eabi/lib/newlib-nano-2.1-nds/\libhardware7i.a(dldi.o)
 .comment       0x00000000       0x12 c:/toolchain_generic/6.2_2016q4/arm-eabi/lib/newlib-nano-2.1-nds/\libhardware7i.a(ipcfifoTGDS.o)
 .comment       0x00000000       0x12 c:/toolchain_generic/6.2_2016q4/arm-eabi/lib/newlib-nano-2.1-nds/\libhardware7i.a(powerTGDS.o)
 .comment       0x00000000       0x12 c:/toolchain_generic/6.2_2016q4/arm-eabi/lib/newlib-nano-2.1-nds/\libhardware7i.a(sd.twl.o)
 .comment       0x00000000       0x12 c:/toolchain_generic/6.2_2016q4/arm-eabi/lib/newlib-nano-2.1-nds/\libhardware7i.a(spifwTGDS.o)
 .comment       0x00000000       0x12 c:/toolchain_generic/6.2_2016q4/arm-eabi/lib/newlib-nano-2.1-nds/\libhardware7i.a(spitscTGDS.o)
 .comment       0x00000000       0x12 c:/toolchain_generic/6.2_2016q4/arm-eabi/lib/newlib-nano-2.1-nds/\libhardware7i.a(usrsettingsTGDS.o)
 .comment       0x00000000       0x12 c:/toolchain_generic/6.2_2016q4/arm-eabi/lib/newlib-nano-2.1-nds/\libhardware7i.a(utils.twl.o)
 .comment       0x00000000       0x12 c:/toolchain_generic/6.2_2016q4/arm-eabi/lib/newlib-nano-2.1-nds/\libhardware7i.a(utilsTGDS.o)
 .comment       0x00000000       0x12 c:/toolchain_generic/6.2_2016q4/arm-eabi/lib/newlib-nano-2.1-nds/\libhardware7i.a(card.twl.o)
 .comment       0x00000000       0x12 c:/toolchain_generic/6.2_2016q4/arm-eabi/lib/newlib-nano-2.1-nds/\libhardware7i.a(codec.twl.o)
 .comment       0x00000000       0x12 c:/toolchain_generic/6.2_2016q4/arm-eabi/lib/newlib-nano-2.1-nds/\libhardware7i.a(i2c.twl.o)
 .comment       0x00000000       0x12 c:/toolchain_generic/6.2_2016q4/arm-eabi/lib/newlib-nano-2.1-nds/\libhardware7i.a(sdmmc.twl.o)
 .comment       0x00000000       0x12 c:/toolchain_generic/6.2_2016q4/arm-eabi/lib/newlib-nano-2.1-nds/\libhardware7i.a(dmaTGDS.o)
 .comment       0x00000000       0x12 c:/toolchain_generic/6.2_2016q4/arm-eabi/lib/newlib-nano-2.1-nds/\libhardware7i.a(spiTGDS.o)
 .comment       0x00000000       0x12 c:/toolchain_generic/6.2_2016q4/arm-eabi/lib/\libstdc++.a(atexit_arm.o)
 .comment       0x00000000       0x12 c:/toolchain_generic/6.2_2016q4/arm-eabi/lib/newlib-nano-2.1-nds/\libcnano7.a(__aeabi_idiv.o)
 .comment       0x00000000       0x12 c:/toolchain_generic/6.2_2016q4/arm-eabi/lib/newlib-nano-2.1-nds/\libcnano7.a(__aeabi_uidiv.o)
 .comment       0x00000000       0x12 c:/toolchain_generic/6.2_2016q4/arm-eabi/lib/newlib-nano-2.1-nds/\libcnano7.a(__udivmodsi4.o)
 .comment       0x00000000       0x12 c:/toolchain_generic/6.2_2016q4/arm-eabi/lib/newlib-nano-2.1-nds/\libcnano7.a(cxa_atexit.o)
 .comment       0x00000000       0x12 c:/toolchain_generic/6.2_2016q4/arm-eabi/lib/newlib-nano-2.1-nds/\libcnano7.a(memcmp.o)
 .comment       0x00000000       0x12 c:/toolchain_generic/6.2_2016q4/arm-eabi/lib/newlib-nano-2.1-nds/\libcnano7.a(memset.o)
 .comment       0x00000000       0x12 c:/toolchain_generic/6.2_2016q4/arm-eabi/lib/newlib-nano-2.1-nds/\libcnano7.a(strcpy.o)
 .comment       0x00000000       0x12 c:/toolchain_generic/6.2_2016q4/arm-eabi/lib/newlib-nano-2.1-nds/\libcnano7.a(__atexit.o)
 .comment       0x00000000       0x12 c:/toolchain_generic/6.2_2016q4/arm-eabi/lib/newlib-nano-2.1-nds/\libcnano7.a(impure.o)
 .comment       0x00000000       0x12 c:/toolchain_generic/6.2_2016q4/bin/../lib/gcc/arm-eabi/4.9.2/crtend.o
